[4.179s] Invoking command in '/home/ubuntu/ros2_ws/src/lab2task5': PYTHONPATH=/home/ubuntu/ros2_ws/build/lab2task5/prefix_override:/home/ubuntu/ros2_ws/install/lab2task5/lib/python3.10/site-packages:${PYTHONPATH} /usr/bin/python3 -W ignore:setup.py install is deprecated setup.py egg_info --egg-base ../../build/lab2task5 build --build-base /home/ubuntu/ros2_ws/build/lab2task5/build install --record /home/ubuntu/ros2_ws/build/lab2task5/install.log --single-version-externally-managed install_data
[5.755s] running egg_info
[5.757s] writing ../../build/lab2task5/lab2task5.egg-info/PKG-INFO
[5.758s] writing dependency_links to ../../build/lab2task5/lab2task5.egg-info/dependency_links.txt
[5.759s] writing entry points to ../../build/lab2task5/lab2task5.egg-info/entry_points.txt
[5.760s] writing requirements to ../../build/lab2task5/lab2task5.egg-info/requires.txt
[5.761s] writing top-level names to ../../build/lab2task5/lab2task5.egg-info/top_level.txt
[5.771s] reading manifest file '../../build/lab2task5/lab2task5.egg-info/SOURCES.txt'
[5.773s] adding license file 'LICENSE'
[5.777s] writing manifest file '../../build/lab2task5/lab2task5.egg-info/SOURCES.txt'
[5.778s] running build
[5.778s] running build_py
[5.782s] running install
[5.784s] running install_lib
[5.792s] running install_data
[5.793s] copying resource/lab2task5 -> /home/ubuntu/ros2_ws/install/lab2task5/share/ament_index/resource_index/packages
[5.794s] copying package.xml -> /home/ubuntu/ros2_ws/install/lab2task5/share/lab2task5
[5.795s] running install_egg_info
[5.802s] Copying ../../build/lab2task5/lab2task5.egg-info to /home/ubuntu/ros2_ws/install/lab2task5/lib/python3.10/site-packages/lab2task5-0.0.0-py3.10.egg-info
[5.808s] running install_scripts
[5.902s] Installing client script to /home/ubuntu/ros2_ws/install/lab2task5/lib/lab2task5
[5.902s] Installing salsa script to /home/ubuntu/ros2_ws/install/lab2task5/lib/lab2task5
[5.903s] Installing service script to /home/ubuntu/ros2_ws/install/lab2task5/lib/lab2task5
[5.905s] writing list of installed files to '/home/ubuntu/ros2_ws/build/lab2task5/install.log'
[6.057s] Invoked command in '/home/ubuntu/ros2_ws/src/lab2task5' returned '0': PYTHONPATH=/home/ubuntu/ros2_ws/build/lab2task5/prefix_override:/home/ubuntu/ros2_ws/install/lab2task5/lib/python3.10/site-packages:${PYTHONPATH} /usr/bin/python3 -W ignore:setup.py install is deprecated setup.py egg_info --egg-base ../../build/lab2task5 build --build-base /home/ubuntu/ros2_ws/build/lab2task5/build install --record /home/ubuntu/ros2_ws/build/lab2task5/install.log --single-version-externally-managed install_data
