[5.013s] Invoking command in '/home/ubuntu/ros2_ws/src/lab2task4': PYTHONPATH=/home/ubuntu/ros2_ws/build/lab2task4/prefix_override:/home/ubuntu/ros2_ws/install/lab2task4/lib/python3.10/site-packages:${PYTHONPATH} /usr/bin/python3 -W ignore:setup.py install is deprecated setup.py egg_info --egg-base ../../build/lab2task4 build --build-base /home/ubuntu/ros2_ws/build/lab2task4/build install --record /home/ubuntu/ros2_ws/build/lab2task4/install.log --single-version-externally-managed install_data
[6.635s] running egg_info
[6.637s] writing ../../build/lab2task4/lab2task4.egg-info/PKG-INFO
[6.639s] writing dependency_links to ../../build/lab2task4/lab2task4.egg-info/dependency_links.txt
[6.639s] writing entry points to ../../build/lab2task4/lab2task4.egg-info/entry_points.txt
[6.641s] writing requirements to ../../build/lab2task4/lab2task4.egg-info/requires.txt
[6.642s] writing top-level names to ../../build/lab2task4/lab2task4.egg-info/top_level.txt
[6.652s] reading manifest file '../../build/lab2task4/lab2task4.egg-info/SOURCES.txt'
[6.653s] adding license file 'LICENSE'
[6.656s] writing manifest file '../../build/lab2task4/lab2task4.egg-info/SOURCES.txt'
[6.656s] running build
[6.657s] running build_py
[6.658s] copying lab2task4/client_go_pupper.py -> /home/ubuntu/ros2_ws/build/lab2task4/build/lib/lab2task4
[6.660s] running install
[6.661s] running install_lib
[6.666s] copying /home/ubuntu/ros2_ws/build/lab2task4/build/lib/lab2task4/client_go_pupper.py -> /home/ubuntu/ros2_ws/install/lab2task4/lib/python3.10/site-packages/lab2task4
[6.670s] byte-compiling /home/ubuntu/ros2_ws/install/lab2task4/lib/python3.10/site-packages/lab2task4/client_go_pupper.py to client_go_pupper.cpython-310.pyc
[6.677s] running install_data
[6.678s] running install_egg_info
[6.687s] removing '/home/ubuntu/ros2_ws/install/lab2task4/lib/python3.10/site-packages/lab2task4-0.0.0-py3.10.egg-info' (and everything under it)
[6.689s] Copying ../../build/lab2task4/lab2task4.egg-info to /home/ubuntu/ros2_ws/install/lab2task4/lib/python3.10/site-packages/lab2task4-0.0.0-py3.10.egg-info
[6.696s] running install_scripts
[6.797s] Installing client script to /home/ubuntu/ros2_ws/install/lab2task4/lib/lab2task4
[6.797s] Installing salsa script to /home/ubuntu/ros2_ws/install/lab2task4/lib/lab2task4
[6.799s] Installing service script to /home/ubuntu/ros2_ws/install/lab2task4/lib/lab2task4
[6.801s] writing list of installed files to '/home/ubuntu/ros2_ws/build/lab2task4/install.log'
[6.947s] Invoked command in '/home/ubuntu/ros2_ws/src/lab2task4' returned '0': PYTHONPATH=/home/ubuntu/ros2_ws/build/lab2task4/prefix_override:/home/ubuntu/ros2_ws/install/lab2task4/lib/python3.10/site-packages:${PYTHONPATH} /usr/bin/python3 -W ignore:setup.py install is deprecated setup.py egg_info --egg-base ../../build/lab2task4 build --build-base /home/ubuntu/ros2_ws/build/lab2task4/build install --record /home/ubuntu/ros2_ws/build/lab2task4/install.log --single-version-externally-managed install_data
