[0.708s] DEBUG:colcon:Command line arguments: ['/usr/bin/colcon', 'build', '--packages-select', 'lab2task4']
[0.709s] DEBUG:colcon:Parsed command line arguments: Namespace(log_base=None, log_level=None, verb_name='build', build_base='build', install_base='install', merge_install=False, symlink_install=False, test_result_base=None, continue_on_error=False, executor='parallel', parallel_workers=4, event_handlers=None, ignore_user_meta=False, metas=['./colcon.meta'], base_paths=['.'], packages_ignore=None, packages_ignore_regex=None, paths=None, packages_up_to=None, packages_up_to_regex=None, packages_above=None, packages_above_and_dependencies=None, packages_above_depth=None, packages_select_by_dep=None, packages_skip_by_dep=None, packages_skip_up_to=None, packages_select_build_failed=False, packages_skip_build_finished=False, packages_select_test_failures=False, packages_skip_test_passed=False, packages_select=['lab2task4'], packages_skip=None, packages_select_regex=None, packages_skip_regex=None, packages_start=None, packages_end=None, allow_overriding=[], cmake_args=None, cmake_target=None, cmake_target_skip_unavailable=False, cmake_clean_cache=False, cmake_clean_first=False, cmake_force_configure=False, ament_cmake_args=None, catkin_cmake_args=None, catkin_skip_building_tests=False, verb_parser=<colcon_defaults.argument_parser.defaults.DefaultArgumentsDecorator object at 0xffff8b7ede70>, verb_extension=<colcon_core.verb.build.BuildVerb object at 0xffff8b7a86a0>, main=<bound method BuildVerb.main of <colcon_core.verb.build.BuildVerb object at 0xffff8b7a86a0>>)
[1.878s] Level 1:colcon.colcon_core.package_discovery:discover_packages(colcon_meta) check parameters
[1.879s] Level 1:colcon.colcon_core.package_discovery:discover_packages(recursive) check parameters
[1.879s] Level 1:colcon.colcon_core.package_discovery:discover_packages(ignore) check parameters
[1.879s] Level 1:colcon.colcon_core.package_discovery:discover_packages(path) check parameters
[1.879s] Level 1:colcon.colcon_core.package_discovery:discover_packages(colcon_meta) discover
[1.880s] Level 1:colcon.colcon_core.package_discovery:discover_packages(recursive) discover
[1.880s] INFO:colcon.colcon_core.package_discovery:Crawling recursively for packages in '/home/ubuntu/ros2_ws/src'
[1.880s] Level 1:colcon.colcon_core.package_identification:_identify(.) by extensions ['ignore', 'ignore_ament_install']
[1.881s] Level 1:colcon.colcon_core.package_identification:_identify(.) by extension 'ignore'
[1.881s] Level 1:colcon.colcon_core.package_identification:_identify(.) by extension 'ignore_ament_install'
[1.881s] Level 1:colcon.colcon_core.package_identification:_identify(.) by extensions ['colcon_pkg']
[1.881s] Level 1:colcon.colcon_core.package_identification:_identify(.) by extension 'colcon_pkg'
[1.882s] Level 1:colcon.colcon_core.package_identification:_identify(.) by extensions ['colcon_meta']
[1.882s] Level 1:colcon.colcon_core.package_identification:_identify(.) by extension 'colcon_meta'
[1.882s] Level 1:colcon.colcon_core.package_identification:_identify(.) by extensions ['ros']
[1.882s] Level 1:colcon.colcon_core.package_identification:_identify(.) by extension 'ros'
[1.982s] Level 1:colcon.colcon_core.package_identification:_identify(.) by extensions ['cmake', 'python']
[1.983s] Level 1:colcon.colcon_core.package_identification:_identify(.) by extension 'cmake'
[1.983s] Level 1:colcon.colcon_core.package_identification:_identify(.) by extension 'python'
[1.983s] Level 1:colcon.colcon_core.package_identification:_identify(.) by extensions ['python_setup_py']
[1.983s] Level 1:colcon.colcon_core.package_identification:_identify(.) by extension 'python_setup_py'
[1.984s] Level 1:colcon.colcon_core.package_identification:_identify(build) by extensions ['ignore', 'ignore_ament_install']
[1.984s] Level 1:colcon.colcon_core.package_identification:_identify(build) by extension 'ignore'
[1.985s] Level 1:colcon.colcon_core.package_identification:_identify(build) ignored
[1.985s] Level 1:colcon.colcon_core.package_identification:_identify(champ) by extensions ['ignore', 'ignore_ament_install']
[1.986s] Level 1:colcon.colcon_core.package_identification:_identify(champ) by extension 'ignore'
[1.986s] Level 1:colcon.colcon_core.package_identification:_identify(champ) by extension 'ignore_ament_install'
[1.986s] Level 1:colcon.colcon_core.package_identification:_identify(champ) by extensions ['colcon_pkg']
[1.986s] Level 1:colcon.colcon_core.package_identification:_identify(champ) by extension 'colcon_pkg'
[1.986s] Level 1:colcon.colcon_core.package_identification:_identify(champ) by extensions ['colcon_meta']
[1.987s] Level 1:colcon.colcon_core.package_identification:_identify(champ) by extension 'colcon_meta'
[1.987s] Level 1:colcon.colcon_core.package_identification:_identify(champ) by extensions ['ros']
[1.987s] Level 1:colcon.colcon_core.package_identification:_identify(champ) by extension 'ros'
[1.988s] Level 1:colcon.colcon_core.package_identification:_identify(champ) by extensions ['cmake', 'python']
[1.988s] Level 1:colcon.colcon_core.package_identification:_identify(champ) by extension 'cmake'
[1.988s] Level 1:colcon.colcon_core.package_identification:_identify(champ) by extension 'python'
[1.988s] Level 1:colcon.colcon_core.package_identification:_identify(champ) by extensions ['python_setup_py']
[1.989s] Level 1:colcon.colcon_core.package_identification:_identify(champ) by extension 'python_setup_py'
[1.990s] Level 1:colcon.colcon_core.package_identification:_identify(champ/champ) by extensions ['ignore', 'ignore_ament_install']
[1.991s] Level 1:colcon.colcon_core.package_identification:_identify(champ/champ) by extension 'ignore'
[1.992s] Level 1:colcon.colcon_core.package_identification:_identify(champ/champ) by extension 'ignore_ament_install'
[1.993s] Level 1:colcon.colcon_core.package_identification:_identify(champ/champ) by extensions ['colcon_pkg']
[1.993s] Level 1:colcon.colcon_core.package_identification:_identify(champ/champ) by extension 'colcon_pkg'
[1.994s] Level 1:colcon.colcon_core.package_identification:_identify(champ/champ) by extensions ['colcon_meta']
[1.994s] Level 1:colcon.colcon_core.package_identification:_identify(champ/champ) by extension 'colcon_meta'
[1.994s] Level 1:colcon.colcon_core.package_identification:_identify(champ/champ) by extensions ['ros']
[1.994s] Level 1:colcon.colcon_core.package_identification:_identify(champ/champ) by extension 'ros'
[1.995s] Level 1:colcon.colcon_core.package_identification:_identify(champ/champ) by extensions ['cmake', 'python']
[1.995s] Level 1:colcon.colcon_core.package_identification:_identify(champ/champ) by extension 'cmake'
[1.996s] Level 1:colcon.colcon_core.package_identification:_identify(champ/champ) by extension 'python'
[1.996s] Level 1:colcon.colcon_core.package_identification:_identify(champ/champ) by extensions ['python_setup_py']
[1.996s] Level 1:colcon.colcon_core.package_identification:_identify(champ/champ) by extension 'python_setup_py'
[1.997s] Level 1:colcon.colcon_core.package_identification:_identify(champ/champ/champ) by extensions ['ignore', 'ignore_ament_install']
[1.997s] Level 1:colcon.colcon_core.package_identification:_identify(champ/champ/champ) by extension 'ignore'
[1.997s] Level 1:colcon.colcon_core.package_identification:_identify(champ/champ/champ) by extension 'ignore_ament_install'
[1.998s] Level 1:colcon.colcon_core.package_identification:_identify(champ/champ/champ) by extensions ['colcon_pkg']
[1.998s] Level 1:colcon.colcon_core.package_identification:_identify(champ/champ/champ) by extension 'colcon_pkg'
[1.998s] Level 1:colcon.colcon_core.package_identification:_identify(champ/champ/champ) by extensions ['colcon_meta']
[1.998s] Level 1:colcon.colcon_core.package_identification:_identify(champ/champ/champ) by extension 'colcon_meta'
[1.998s] Level 1:colcon.colcon_core.package_identification:_identify(champ/champ/champ) by extensions ['ros']
[1.998s] Level 1:colcon.colcon_core.package_identification:_identify(champ/champ/champ) by extension 'ros'
[2.008s] DEBUG:colcon.colcon_core.package_identification:Package 'champ/champ/champ' with type 'ros.ament_cmake' and name 'champ'
[2.009s] Level 1:colcon.colcon_core.package_identification:_identify(champ/champ/champ_base) by extensions ['ignore', 'ignore_ament_install']
[2.009s] Level 1:colcon.colcon_core.package_identification:_identify(champ/champ/champ_base) by extension 'ignore'
[2.010s] Level 1:colcon.colcon_core.package_identification:_identify(champ/champ/champ_base) by extension 'ignore_ament_install'
[2.010s] Level 1:colcon.colcon_core.package_identification:_identify(champ/champ/champ_base) by extensions ['colcon_pkg']
[2.010s] Level 1:colcon.colcon_core.package_identification:_identify(champ/champ/champ_base) by extension 'colcon_pkg'
[2.010s] Level 1:colcon.colcon_core.package_identification:_identify(champ/champ/champ_base) by extensions ['colcon_meta']
[2.010s] Level 1:colcon.colcon_core.package_identification:_identify(champ/champ/champ_base) by extension 'colcon_meta'
[2.011s] Level 1:colcon.colcon_core.package_identification:_identify(champ/champ/champ_base) by extensions ['ros']
[2.011s] Level 1:colcon.colcon_core.package_identification:_identify(champ/champ/champ_base) by extension 'ros'
[2.017s] DEBUG:colcon.colcon_core.package_identification:Package 'champ/champ/champ_base' with type 'ros.ament_cmake' and name 'champ_base'
[2.018s] Level 1:colcon.colcon_core.package_identification:_identify(champ/champ/champ_bringup) by extensions ['ignore', 'ignore_ament_install']
[2.018s] Level 1:colcon.colcon_core.package_identification:_identify(champ/champ/champ_bringup) by extension 'ignore'
[2.018s] Level 1:colcon.colcon_core.package_identification:_identify(champ/champ/champ_bringup) by extension 'ignore_ament_install'
[2.019s] Level 1:colcon.colcon_core.package_identification:_identify(champ/champ/champ_bringup) by extensions ['colcon_pkg']
[2.019s] Level 1:colcon.colcon_core.package_identification:_identify(champ/champ/champ_bringup) by extension 'colcon_pkg'
[2.019s] Level 1:colcon.colcon_core.package_identification:_identify(champ/champ/champ_bringup) by extensions ['colcon_meta']
[2.019s] Level 1:colcon.colcon_core.package_identification:_identify(champ/champ/champ_bringup) by extension 'colcon_meta'
[2.019s] Level 1:colcon.colcon_core.package_identification:_identify(champ/champ/champ_bringup) by extensions ['ros']
[2.019s] Level 1:colcon.colcon_core.package_identification:_identify(champ/champ/champ_bringup) by extension 'ros'
[2.022s] DEBUG:colcon.colcon_core.package_identification:Package 'champ/champ/champ_bringup' with type 'ros.ament_cmake' and name 'champ_bringup'
[2.023s] Level 1:colcon.colcon_core.package_identification:_identify(champ/champ/champ_config) by extensions ['ignore', 'ignore_ament_install']
[2.024s] Level 1:colcon.colcon_core.package_identification:_identify(champ/champ/champ_config) by extension 'ignore'
[2.024s] Level 1:colcon.colcon_core.package_identification:_identify(champ/champ/champ_config) by extension 'ignore_ament_install'
[2.024s] Level 1:colcon.colcon_core.package_identification:_identify(champ/champ/champ_config) by extensions ['colcon_pkg']
[2.024s] Level 1:colcon.colcon_core.package_identification:_identify(champ/champ/champ_config) by extension 'colcon_pkg'
[2.025s] Level 1:colcon.colcon_core.package_identification:_identify(champ/champ/champ_config) by extensions ['colcon_meta']
[2.025s] Level 1:colcon.colcon_core.package_identification:_identify(champ/champ/champ_config) by extension 'colcon_meta'
[2.025s] Level 1:colcon.colcon_core.package_identification:_identify(champ/champ/champ_config) by extensions ['ros']
[2.025s] Level 1:colcon.colcon_core.package_identification:_identify(champ/champ/champ_config) by extension 'ros'
[2.027s] DEBUG:colcon.colcon_core.package_identification:Package 'champ/champ/champ_config' with type 'ros.ament_cmake' and name 'champ_config'
[2.028s] Level 1:colcon.colcon_core.package_identification:_identify(champ/champ/champ_description) by extensions ['ignore', 'ignore_ament_install']
[2.028s] Level 1:colcon.colcon_core.package_identification:_identify(champ/champ/champ_description) by extension 'ignore'
[2.029s] Level 1:colcon.colcon_core.package_identification:_identify(champ/champ/champ_description) by extension 'ignore_ament_install'
[2.029s] Level 1:colcon.colcon_core.package_identification:_identify(champ/champ/champ_description) by extensions ['colcon_pkg']
[2.029s] Level 1:colcon.colcon_core.package_identification:_identify(champ/champ/champ_description) by extension 'colcon_pkg'
[2.029s] Level 1:colcon.colcon_core.package_identification:_identify(champ/champ/champ_description) by extensions ['colcon_meta']
[2.029s] Level 1:colcon.colcon_core.package_identification:_identify(champ/champ/champ_description) by extension 'colcon_meta'
[2.030s] Level 1:colcon.colcon_core.package_identification:_identify(champ/champ/champ_description) by extensions ['ros']
[2.030s] Level 1:colcon.colcon_core.package_identification:_identify(champ/champ/champ_description) by extension 'ros'
[2.032s] DEBUG:colcon.colcon_core.package_identification:Package 'champ/champ/champ_description' with type 'ros.ament_cmake' and name 'champ_description'
[2.033s] Level 1:colcon.colcon_core.package_identification:_identify(champ/champ/champ_gazebo) by extensions ['ignore', 'ignore_ament_install']
[2.033s] Level 1:colcon.colcon_core.package_identification:_identify(champ/champ/champ_gazebo) by extension 'ignore'
[2.034s] Level 1:colcon.colcon_core.package_identification:_identify(champ/champ/champ_gazebo) by extension 'ignore_ament_install'
[2.034s] Level 1:colcon.colcon_core.package_identification:_identify(champ/champ/champ_gazebo) by extensions ['colcon_pkg']
[2.034s] Level 1:colcon.colcon_core.package_identification:_identify(champ/champ/champ_gazebo) by extension 'colcon_pkg'
[2.034s] Level 1:colcon.colcon_core.package_identification:_identify(champ/champ/champ_gazebo) by extensions ['colcon_meta']
[2.034s] Level 1:colcon.colcon_core.package_identification:_identify(champ/champ/champ_gazebo) by extension 'colcon_meta'
[2.035s] Level 1:colcon.colcon_core.package_identification:_identify(champ/champ/champ_gazebo) by extensions ['ros']
[2.035s] Level 1:colcon.colcon_core.package_identification:_identify(champ/champ/champ_gazebo) by extension 'ros'
[2.035s] Level 1:colcon.colcon_core.package_identification:_identify(champ/champ/champ_gazebo) ignored
[2.036s] Level 1:colcon.colcon_core.package_identification:_identify(champ/champ/champ_msgs) by extensions ['ignore', 'ignore_ament_install']
[2.036s] Level 1:colcon.colcon_core.package_identification:_identify(champ/champ/champ_msgs) by extension 'ignore'
[2.036s] Level 1:colcon.colcon_core.package_identification:_identify(champ/champ/champ_msgs) by extension 'ignore_ament_install'
[2.037s] Level 1:colcon.colcon_core.package_identification:_identify(champ/champ/champ_msgs) by extensions ['colcon_pkg']
[2.037s] Level 1:colcon.colcon_core.package_identification:_identify(champ/champ/champ_msgs) by extension 'colcon_pkg'
[2.037s] Level 1:colcon.colcon_core.package_identification:_identify(champ/champ/champ_msgs) by extensions ['colcon_meta']
[2.037s] Level 1:colcon.colcon_core.package_identification:_identify(champ/champ/champ_msgs) by extension 'colcon_meta'
[2.037s] Level 1:colcon.colcon_core.package_identification:_identify(champ/champ/champ_msgs) by extensions ['ros']
[2.037s] Level 1:colcon.colcon_core.package_identification:_identify(champ/champ/champ_msgs) by extension 'ros'
[2.040s] DEBUG:colcon.colcon_core.package_identification:Package 'champ/champ/champ_msgs' with type 'ros.ament_cmake' and name 'champ_msgs'
[2.041s] Level 1:colcon.colcon_core.package_identification:_identify(champ/champ/champ_navigation) by extensions ['ignore', 'ignore_ament_install']
[2.041s] Level 1:colcon.colcon_core.package_identification:_identify(champ/champ/champ_navigation) by extension 'ignore'
[2.042s] Level 1:colcon.colcon_core.package_identification:_identify(champ/champ/champ_navigation) by extension 'ignore_ament_install'
[2.042s] Level 1:colcon.colcon_core.package_identification:_identify(champ/champ/champ_navigation) by extensions ['colcon_pkg']
[2.042s] Level 1:colcon.colcon_core.package_identification:_identify(champ/champ/champ_navigation) by extension 'colcon_pkg'
[2.042s] Level 1:colcon.colcon_core.package_identification:_identify(champ/champ/champ_navigation) by extensions ['colcon_meta']
[2.043s] Level 1:colcon.colcon_core.package_identification:_identify(champ/champ/champ_navigation) by extension 'colcon_meta'
[2.043s] Level 1:colcon.colcon_core.package_identification:_identify(champ/champ/champ_navigation) by extensions ['ros']
[2.043s] Level 1:colcon.colcon_core.package_identification:_identify(champ/champ/champ_navigation) by extension 'ros'
[2.043s] Level 1:colcon.colcon_core.package_identification:_identify(champ/champ/champ_navigation) ignored
[2.044s] Level 1:colcon.colcon_core.package_identification:_identify(champ/champ/docs) by extensions ['ignore', 'ignore_ament_install']
[2.044s] Level 1:colcon.colcon_core.package_identification:_identify(champ/champ/docs) by extension 'ignore'
[2.044s] Level 1:colcon.colcon_core.package_identification:_identify(champ/champ/docs) by extension 'ignore_ament_install'
[2.045s] Level 1:colcon.colcon_core.package_identification:_identify(champ/champ/docs) by extensions ['colcon_pkg']
[2.045s] Level 1:colcon.colcon_core.package_identification:_identify(champ/champ/docs) by extension 'colcon_pkg'
[2.045s] Level 1:colcon.colcon_core.package_identification:_identify(champ/champ/docs) by extensions ['colcon_meta']
[2.045s] Level 1:colcon.colcon_core.package_identification:_identify(champ/champ/docs) by extension 'colcon_meta'
[2.045s] Level 1:colcon.colcon_core.package_identification:_identify(champ/champ/docs) by extensions ['ros']
[2.045s] Level 1:colcon.colcon_core.package_identification:_identify(champ/champ/docs) by extension 'ros'
[2.046s] Level 1:colcon.colcon_core.package_identification:_identify(champ/champ/docs) by extensions ['cmake', 'python']
[2.046s] Level 1:colcon.colcon_core.package_identification:_identify(champ/champ/docs) by extension 'cmake'
[2.046s] Level 1:colcon.colcon_core.package_identification:_identify(champ/champ/docs) by extension 'python'
[2.046s] Level 1:colcon.colcon_core.package_identification:_identify(champ/champ/docs) by extensions ['python_setup_py']
[2.047s] Level 1:colcon.colcon_core.package_identification:_identify(champ/champ/docs) by extension 'python_setup_py'
[2.047s] Level 1:colcon.colcon_core.package_identification:_identify(champ/champ/docs/images) by extensions ['ignore', 'ignore_ament_install']
[2.047s] Level 1:colcon.colcon_core.package_identification:_identify(champ/champ/docs/images) by extension 'ignore'
[2.048s] Level 1:colcon.colcon_core.package_identification:_identify(champ/champ/docs/images) by extension 'ignore_ament_install'
[2.048s] Level 1:colcon.colcon_core.package_identification:_identify(champ/champ/docs/images) by extensions ['colcon_pkg']
[2.048s] Level 1:colcon.colcon_core.package_identification:_identify(champ/champ/docs/images) by extension 'colcon_pkg'
[2.048s] Level 1:colcon.colcon_core.package_identification:_identify(champ/champ/docs/images) by extensions ['colcon_meta']
[2.048s] Level 1:colcon.colcon_core.package_identification:_identify(champ/champ/docs/images) by extension 'colcon_meta'
[2.049s] Level 1:colcon.colcon_core.package_identification:_identify(champ/champ/docs/images) by extensions ['ros']
[2.049s] Level 1:colcon.colcon_core.package_identification:_identify(champ/champ/docs/images) by extension 'ros'
[2.049s] Level 1:colcon.colcon_core.package_identification:_identify(champ/champ/docs/images) by extensions ['cmake', 'python']
[2.049s] Level 1:colcon.colcon_core.package_identification:_identify(champ/champ/docs/images) by extension 'cmake'
[2.050s] Level 1:colcon.colcon_core.package_identification:_identify(champ/champ/docs/images) by extension 'python'
[2.050s] Level 1:colcon.colcon_core.package_identification:_identify(champ/champ/docs/images) by extensions ['python_setup_py']
[2.050s] Level 1:colcon.colcon_core.package_identification:_identify(champ/champ/docs/images) by extension 'python_setup_py'
[2.050s] Level 1:colcon.colcon_core.package_identification:_identify(champ/champ_teleop) by extensions ['ignore', 'ignore_ament_install']
[2.051s] Level 1:colcon.colcon_core.package_identification:_identify(champ/champ_teleop) by extension 'ignore'
[2.051s] Level 1:colcon.colcon_core.package_identification:_identify(champ/champ_teleop) by extension 'ignore_ament_install'
[2.051s] Level 1:colcon.colcon_core.package_identification:_identify(champ/champ_teleop) by extensions ['colcon_pkg']
[2.052s] Level 1:colcon.colcon_core.package_identification:_identify(champ/champ_teleop) by extension 'colcon_pkg'
[2.052s] Level 1:colcon.colcon_core.package_identification:_identify(champ/champ_teleop) by extensions ['colcon_meta']
[2.052s] Level 1:colcon.colcon_core.package_identification:_identify(champ/champ_teleop) by extension 'colcon_meta'
[2.052s] Level 1:colcon.colcon_core.package_identification:_identify(champ/champ_teleop) by extensions ['ros']
[2.052s] Level 1:colcon.colcon_core.package_identification:_identify(champ/champ_teleop) by extension 'ros'
[2.055s] DEBUG:colcon.colcon_core.package_identification:Package 'champ/champ_teleop' with type 'ros.ament_cmake' and name 'champ_teleop'
[2.056s] Level 1:colcon.colcon_core.package_identification:_identify(go_pupper_srv) by extensions ['ignore', 'ignore_ament_install']
[2.056s] Level 1:colcon.colcon_core.package_identification:_identify(go_pupper_srv) by extension 'ignore'
[2.056s] Level 1:colcon.colcon_core.package_identification:_identify(go_pupper_srv) by extension 'ignore_ament_install'
[2.057s] Level 1:colcon.colcon_core.package_identification:_identify(go_pupper_srv) by extensions ['colcon_pkg']
[2.057s] Level 1:colcon.colcon_core.package_identification:_identify(go_pupper_srv) by extension 'colcon_pkg'
[2.057s] Level 1:colcon.colcon_core.package_identification:_identify(go_pupper_srv) by extensions ['colcon_meta']
[2.057s] Level 1:colcon.colcon_core.package_identification:_identify(go_pupper_srv) by extension 'colcon_meta'
[2.057s] Level 1:colcon.colcon_core.package_identification:_identify(go_pupper_srv) by extensions ['ros']
[2.058s] Level 1:colcon.colcon_core.package_identification:_identify(go_pupper_srv) by extension 'ros'
[2.060s] DEBUG:colcon.colcon_core.package_identification:Package 'go_pupper_srv' with type 'ros.ament_python' and name 'go_pupper_srv'
[2.061s] Level 1:colcon.colcon_core.package_identification:_identify(install) by extensions ['ignore', 'ignore_ament_install']
[2.061s] Level 1:colcon.colcon_core.package_identification:_identify(install) by extension 'ignore'
[2.061s] Level 1:colcon.colcon_core.package_identification:_identify(install) ignored
[2.062s] Level 1:colcon.colcon_core.package_identification:_identify(lab2task4) by extensions ['ignore', 'ignore_ament_install']
[2.062s] Level 1:colcon.colcon_core.package_identification:_identify(lab2task4) by extension 'ignore'
[2.062s] Level 1:colcon.colcon_core.package_identification:_identify(lab2task4) by extension 'ignore_ament_install'
[2.063s] Level 1:colcon.colcon_core.package_identification:_identify(lab2task4) by extensions ['colcon_pkg']
[2.063s] Level 1:colcon.colcon_core.package_identification:_identify(lab2task4) by extension 'colcon_pkg'
[2.063s] Level 1:colcon.colcon_core.package_identification:_identify(lab2task4) by extensions ['colcon_meta']
[2.063s] Level 1:colcon.colcon_core.package_identification:_identify(lab2task4) by extension 'colcon_meta'
[2.063s] Level 1:colcon.colcon_core.package_identification:_identify(lab2task4) by extensions ['ros']
[2.063s] Level 1:colcon.colcon_core.package_identification:_identify(lab2task4) by extension 'ros'
[2.066s] DEBUG:colcon.colcon_core.package_identification:Package 'lab2task4' with type 'ros.ament_python' and name 'lab2task4'
[2.067s] Level 1:colcon.colcon_core.package_identification:_identify(ldlidar_stl_ros) by extensions ['ignore', 'ignore_ament_install']
[2.067s] Level 1:colcon.colcon_core.package_identification:_identify(ldlidar_stl_ros) by extension 'ignore'
[2.068s] Level 1:colcon.colcon_core.package_identification:_identify(ldlidar_stl_ros) by extension 'ignore_ament_install'
[2.068s] Level 1:colcon.colcon_core.package_identification:_identify(ldlidar_stl_ros) by extensions ['colcon_pkg']
[2.068s] Level 1:colcon.colcon_core.package_identification:_identify(ldlidar_stl_ros) by extension 'colcon_pkg'
[2.068s] Level 1:colcon.colcon_core.package_identification:_identify(ldlidar_stl_ros) by extensions ['colcon_meta']
[2.069s] Level 1:colcon.colcon_core.package_identification:_identify(ldlidar_stl_ros) by extension 'colcon_meta'
[2.069s] Level 1:colcon.colcon_core.package_identification:_identify(ldlidar_stl_ros) by extensions ['ros']
[2.069s] Level 1:colcon.colcon_core.package_identification:_identify(ldlidar_stl_ros) by extension 'ros'
[2.072s] DEBUG:colcon.colcon_core.package_identification:Package 'ldlidar_stl_ros' with type 'ros.ament_cmake' and name 'ldlidar_stl_ros2'
[2.072s] Level 1:colcon.colcon_core.package_identification:_identify(log) by extensions ['ignore', 'ignore_ament_install']
[2.073s] Level 1:colcon.colcon_core.package_identification:_identify(log) by extension 'ignore'
[2.073s] Level 1:colcon.colcon_core.package_identification:_identify(log) ignored
[2.074s] Level 1:colcon.colcon_core.package_identification:_identify(mini_pupper_ros) by extensions ['ignore', 'ignore_ament_install']
[2.074s] Level 1:colcon.colcon_core.package_identification:_identify(mini_pupper_ros) by extension 'ignore'
[2.074s] Level 1:colcon.colcon_core.package_identification:_identify(mini_pupper_ros) by extension 'ignore_ament_install'
[2.075s] Level 1:colcon.colcon_core.package_identification:_identify(mini_pupper_ros) by extensions ['colcon_pkg']
[2.075s] Level 1:colcon.colcon_core.package_identification:_identify(mini_pupper_ros) by extension 'colcon_pkg'
[2.075s] Level 1:colcon.colcon_core.package_identification:_identify(mini_pupper_ros) by extensions ['colcon_meta']
[2.075s] Level 1:colcon.colcon_core.package_identification:_identify(mini_pupper_ros) by extension 'colcon_meta'
[2.075s] Level 1:colcon.colcon_core.package_identification:_identify(mini_pupper_ros) by extensions ['ros']
[2.075s] Level 1:colcon.colcon_core.package_identification:_identify(mini_pupper_ros) by extension 'ros'
[2.076s] Level 1:colcon.colcon_core.package_identification:_identify(mini_pupper_ros) by extensions ['cmake', 'python']
[2.076s] Level 1:colcon.colcon_core.package_identification:_identify(mini_pupper_ros) by extension 'cmake'
[2.076s] Level 1:colcon.colcon_core.package_identification:_identify(mini_pupper_ros) by extension 'python'
[2.076s] Level 1:colcon.colcon_core.package_identification:_identify(mini_pupper_ros) by extensions ['python_setup_py']
[2.076s] Level 1:colcon.colcon_core.package_identification:_identify(mini_pupper_ros) by extension 'python_setup_py'
[2.077s] Level 1:colcon.colcon_core.package_identification:_identify(mini_pupper_ros/mini_pupper_2_description) by extensions ['ignore', 'ignore_ament_install']
[2.077s] Level 1:colcon.colcon_core.package_identification:_identify(mini_pupper_ros/mini_pupper_2_description) by extension 'ignore'
[2.078s] Level 1:colcon.colcon_core.package_identification:_identify(mini_pupper_ros/mini_pupper_2_description) by extension 'ignore_ament_install'
[2.078s] Level 1:colcon.colcon_core.package_identification:_identify(mini_pupper_ros/mini_pupper_2_description) by extensions ['colcon_pkg']
[2.078s] Level 1:colcon.colcon_core.package_identification:_identify(mini_pupper_ros/mini_pupper_2_description) by extension 'colcon_pkg'
[2.078s] Level 1:colcon.colcon_core.package_identification:_identify(mini_pupper_ros/mini_pupper_2_description) by extensions ['colcon_meta']
[2.078s] Level 1:colcon.colcon_core.package_identification:_identify(mini_pupper_ros/mini_pupper_2_description) by extension 'colcon_meta'
[2.079s] Level 1:colcon.colcon_core.package_identification:_identify(mini_pupper_ros/mini_pupper_2_description) by extensions ['ros']
[2.079s] Level 1:colcon.colcon_core.package_identification:_identify(mini_pupper_ros/mini_pupper_2_description) by extension 'ros'
[2.081s] DEBUG:colcon.colcon_core.package_identification:Package 'mini_pupper_ros/mini_pupper_2_description' with type 'ros.ament_cmake' and name 'mini_pupper_2_description'
[2.082s] Level 1:colcon.colcon_core.package_identification:_identify(mini_pupper_ros/mini_pupper_bringup) by extensions ['ignore', 'ignore_ament_install']
[2.082s] Level 1:colcon.colcon_core.package_identification:_identify(mini_pupper_ros/mini_pupper_bringup) by extension 'ignore'
[2.083s] Level 1:colcon.colcon_core.package_identification:_identify(mini_pupper_ros/mini_pupper_bringup) by extension 'ignore_ament_install'
[2.083s] Level 1:colcon.colcon_core.package_identification:_identify(mini_pupper_ros/mini_pupper_bringup) by extensions ['colcon_pkg']
[2.083s] Level 1:colcon.colcon_core.package_identification:_identify(mini_pupper_ros/mini_pupper_bringup) by extension 'colcon_pkg'
[2.083s] Level 1:colcon.colcon_core.package_identification:_identify(mini_pupper_ros/mini_pupper_bringup) by extensions ['colcon_meta']
[2.083s] Level 1:colcon.colcon_core.package_identification:_identify(mini_pupper_ros/mini_pupper_bringup) by extension 'colcon_meta'
[2.084s] Level 1:colcon.colcon_core.package_identification:_identify(mini_pupper_ros/mini_pupper_bringup) by extensions ['ros']
[2.084s] Level 1:colcon.colcon_core.package_identification:_identify(mini_pupper_ros/mini_pupper_bringup) by extension 'ros'
[2.086s] DEBUG:colcon.colcon_core.package_identification:Package 'mini_pupper_ros/mini_pupper_bringup' with type 'ros.ament_cmake' and name 'mini_pupper_bringup'
[2.087s] Level 1:colcon.colcon_core.package_identification:_identify(mini_pupper_ros/mini_pupper_dance) by extensions ['ignore', 'ignore_ament_install']
[2.087s] Level 1:colcon.colcon_core.package_identification:_identify(mini_pupper_ros/mini_pupper_dance) by extension 'ignore'
[2.087s] Level 1:colcon.colcon_core.package_identification:_identify(mini_pupper_ros/mini_pupper_dance) by extension 'ignore_ament_install'
[2.088s] Level 1:colcon.colcon_core.package_identification:_identify(mini_pupper_ros/mini_pupper_dance) by extensions ['colcon_pkg']
[2.088s] Level 1:colcon.colcon_core.package_identification:_identify(mini_pupper_ros/mini_pupper_dance) by extension 'colcon_pkg'
[2.088s] Level 1:colcon.colcon_core.package_identification:_identify(mini_pupper_ros/mini_pupper_dance) by extensions ['colcon_meta']
[2.088s] Level 1:colcon.colcon_core.package_identification:_identify(mini_pupper_ros/mini_pupper_dance) by extension 'colcon_meta'
[2.088s] Level 1:colcon.colcon_core.package_identification:_identify(mini_pupper_ros/mini_pupper_dance) by extensions ['ros']
[2.089s] Level 1:colcon.colcon_core.package_identification:_identify(mini_pupper_ros/mini_pupper_dance) by extension 'ros'
[2.091s] DEBUG:colcon.colcon_core.package_identification:Package 'mini_pupper_ros/mini_pupper_dance' with type 'ros.ament_python' and name 'mini_pupper_dance'
[2.092s] Level 1:colcon.colcon_core.package_identification:_identify(mini_pupper_ros/mini_pupper_description) by extensions ['ignore', 'ignore_ament_install']
[2.092s] Level 1:colcon.colcon_core.package_identification:_identify(mini_pupper_ros/mini_pupper_description) by extension 'ignore'
[2.092s] Level 1:colcon.colcon_core.package_identification:_identify(mini_pupper_ros/mini_pupper_description) by extension 'ignore_ament_install'
[2.092s] Level 1:colcon.colcon_core.package_identification:_identify(mini_pupper_ros/mini_pupper_description) by extensions ['colcon_pkg']
[2.093s] Level 1:colcon.colcon_core.package_identification:_identify(mini_pupper_ros/mini_pupper_description) by extension 'colcon_pkg'
[2.093s] Level 1:colcon.colcon_core.package_identification:_identify(mini_pupper_ros/mini_pupper_description) by extensions ['colcon_meta']
[2.093s] Level 1:colcon.colcon_core.package_identification:_identify(mini_pupper_ros/mini_pupper_description) by extension 'colcon_meta'
[2.093s] Level 1:colcon.colcon_core.package_identification:_identify(mini_pupper_ros/mini_pupper_description) by extensions ['ros']
[2.093s] Level 1:colcon.colcon_core.package_identification:_identify(mini_pupper_ros/mini_pupper_description) by extension 'ros'
[2.096s] DEBUG:colcon.colcon_core.package_identification:Package 'mini_pupper_ros/mini_pupper_description' with type 'ros.ament_cmake' and name 'mini_pupper_description'
[2.097s] Level 1:colcon.colcon_core.package_identification:_identify(mini_pupper_ros/mini_pupper_driver) by extensions ['ignore', 'ignore_ament_install']
[2.097s] Level 1:colcon.colcon_core.package_identification:_identify(mini_pupper_ros/mini_pupper_driver) by extension 'ignore'
[2.097s] Level 1:colcon.colcon_core.package_identification:_identify(mini_pupper_ros/mini_pupper_driver) by extension 'ignore_ament_install'
[2.097s] Level 1:colcon.colcon_core.package_identification:_identify(mini_pupper_ros/mini_pupper_driver) by extensions ['colcon_pkg']
[2.098s] Level 1:colcon.colcon_core.package_identification:_identify(mini_pupper_ros/mini_pupper_driver) by extension 'colcon_pkg'
[2.098s] Level 1:colcon.colcon_core.package_identification:_identify(mini_pupper_ros/mini_pupper_driver) by extensions ['colcon_meta']
[2.098s] Level 1:colcon.colcon_core.package_identification:_identify(mini_pupper_ros/mini_pupper_driver) by extension 'colcon_meta'
[2.098s] Level 1:colcon.colcon_core.package_identification:_identify(mini_pupper_ros/mini_pupper_driver) by extensions ['ros']
[2.098s] Level 1:colcon.colcon_core.package_identification:_identify(mini_pupper_ros/mini_pupper_driver) by extension 'ros'
[2.102s] DEBUG:colcon.colcon_core.package_identification:Package 'mini_pupper_ros/mini_pupper_driver' with type 'ros.ament_python' and name 'mini_pupper_driver'
[2.103s] Level 1:colcon.colcon_core.package_identification:_identify(mini_pupper_ros/mini_pupper_gazebo) by extensions ['ignore', 'ignore_ament_install']
[2.103s] Level 1:colcon.colcon_core.package_identification:_identify(mini_pupper_ros/mini_pupper_gazebo) by extension 'ignore'
[2.103s] Level 1:colcon.colcon_core.package_identification:_identify(mini_pupper_ros/mini_pupper_gazebo) by extension 'ignore_ament_install'
[2.104s] Level 1:colcon.colcon_core.package_identification:_identify(mini_pupper_ros/mini_pupper_gazebo) by extensions ['colcon_pkg']
[2.104s] Level 1:colcon.colcon_core.package_identification:_identify(mini_pupper_ros/mini_pupper_gazebo) by extension 'colcon_pkg'
[2.104s] Level 1:colcon.colcon_core.package_identification:_identify(mini_pupper_ros/mini_pupper_gazebo) by extensions ['colcon_meta']
[2.104s] Level 1:colcon.colcon_core.package_identification:_identify(mini_pupper_ros/mini_pupper_gazebo) by extension 'colcon_meta'
[2.105s] Level 1:colcon.colcon_core.package_identification:_identify(mini_pupper_ros/mini_pupper_gazebo) by extensions ['ros']
[2.105s] Level 1:colcon.colcon_core.package_identification:_identify(mini_pupper_ros/mini_pupper_gazebo) by extension 'ros'
[2.105s] Level 1:colcon.colcon_core.package_identification:_identify(mini_pupper_ros/mini_pupper_gazebo) ignored
[2.105s] Level 1:colcon.colcon_core.package_identification:_identify(mini_pupper_ros/mini_pupper_interfaces) by extensions ['ignore', 'ignore_ament_install']
[2.106s] Level 1:colcon.colcon_core.package_identification:_identify(mini_pupper_ros/mini_pupper_interfaces) by extension 'ignore'
[2.106s] Level 1:colcon.colcon_core.package_identification:_identify(mini_pupper_ros/mini_pupper_interfaces) by extension 'ignore_ament_install'
[2.106s] Level 1:colcon.colcon_core.package_identification:_identify(mini_pupper_ros/mini_pupper_interfaces) by extensions ['colcon_pkg']
[2.106s] Level 1:colcon.colcon_core.package_identification:_identify(mini_pupper_ros/mini_pupper_interfaces) by extension 'colcon_pkg'
[2.107s] Level 1:colcon.colcon_core.package_identification:_identify(mini_pupper_ros/mini_pupper_interfaces) by extensions ['colcon_meta']
[2.107s] Level 1:colcon.colcon_core.package_identification:_identify(mini_pupper_ros/mini_pupper_interfaces) by extension 'colcon_meta'
[2.107s] Level 1:colcon.colcon_core.package_identification:_identify(mini_pupper_ros/mini_pupper_interfaces) by extensions ['ros']
[2.107s] Level 1:colcon.colcon_core.package_identification:_identify(mini_pupper_ros/mini_pupper_interfaces) by extension 'ros'
[2.110s] DEBUG:colcon.colcon_core.package_identification:Package 'mini_pupper_ros/mini_pupper_interfaces' with type 'ros.ament_cmake' and name 'mini_pupper_interfaces'
[2.110s] Level 1:colcon.colcon_core.package_identification:_identify(mini_pupper_ros/mini_pupper_music) by extensions ['ignore', 'ignore_ament_install']
[2.111s] Level 1:colcon.colcon_core.package_identification:_identify(mini_pupper_ros/mini_pupper_music) by extension 'ignore'
[2.111s] Level 1:colcon.colcon_core.package_identification:_identify(mini_pupper_ros/mini_pupper_music) by extension 'ignore_ament_install'
[2.111s] Level 1:colcon.colcon_core.package_identification:_identify(mini_pupper_ros/mini_pupper_music) by extensions ['colcon_pkg']
[2.112s] Level 1:colcon.colcon_core.package_identification:_identify(mini_pupper_ros/mini_pupper_music) by extension 'colcon_pkg'
[2.112s] Level 1:colcon.colcon_core.package_identification:_identify(mini_pupper_ros/mini_pupper_music) by extensions ['colcon_meta']
[2.112s] Level 1:colcon.colcon_core.package_identification:_identify(mini_pupper_ros/mini_pupper_music) by extension 'colcon_meta'
[2.112s] Level 1:colcon.colcon_core.package_identification:_identify(mini_pupper_ros/mini_pupper_music) by extensions ['ros']
[2.112s] Level 1:colcon.colcon_core.package_identification:_identify(mini_pupper_ros/mini_pupper_music) by extension 'ros'
[2.114s] DEBUG:colcon.colcon_core.package_identification:Package 'mini_pupper_ros/mini_pupper_music' with type 'ros.ament_python' and name 'mini_pupper_music'
[2.115s] Level 1:colcon.colcon_core.package_identification:_identify(mini_pupper_ros/mini_pupper_navigation) by extensions ['ignore', 'ignore_ament_install']
[2.116s] Level 1:colcon.colcon_core.package_identification:_identify(mini_pupper_ros/mini_pupper_navigation) by extension 'ignore'
[2.116s] Level 1:colcon.colcon_core.package_identification:_identify(mini_pupper_ros/mini_pupper_navigation) by extension 'ignore_ament_install'
[2.116s] Level 1:colcon.colcon_core.package_identification:_identify(mini_pupper_ros/mini_pupper_navigation) by extensions ['colcon_pkg']
[2.116s] Level 1:colcon.colcon_core.package_identification:_identify(mini_pupper_ros/mini_pupper_navigation) by extension 'colcon_pkg'
[2.117s] Level 1:colcon.colcon_core.package_identification:_identify(mini_pupper_ros/mini_pupper_navigation) by extensions ['colcon_meta']
[2.117s] Level 1:colcon.colcon_core.package_identification:_identify(mini_pupper_ros/mini_pupper_navigation) by extension 'colcon_meta'
[2.117s] Level 1:colcon.colcon_core.package_identification:_identify(mini_pupper_ros/mini_pupper_navigation) by extensions ['ros']
[2.117s] Level 1:colcon.colcon_core.package_identification:_identify(mini_pupper_ros/mini_pupper_navigation) by extension 'ros'
[2.117s] Level 1:colcon.colcon_core.package_identification:_identify(mini_pupper_ros/mini_pupper_navigation) ignored
[2.118s] Level 1:colcon.colcon_core.package_identification:_identify(pupper_interfaces) by extensions ['ignore', 'ignore_ament_install']
[2.118s] Level 1:colcon.colcon_core.package_identification:_identify(pupper_interfaces) by extension 'ignore'
[2.118s] Level 1:colcon.colcon_core.package_identification:_identify(pupper_interfaces) by extension 'ignore_ament_install'
[2.119s] Level 1:colcon.colcon_core.package_identification:_identify(pupper_interfaces) by extensions ['colcon_pkg']
[2.119s] Level 1:colcon.colcon_core.package_identification:_identify(pupper_interfaces) by extension 'colcon_pkg'
[2.119s] Level 1:colcon.colcon_core.package_identification:_identify(pupper_interfaces) by extensions ['colcon_meta']
[2.119s] Level 1:colcon.colcon_core.package_identification:_identify(pupper_interfaces) by extension 'colcon_meta'
[2.119s] Level 1:colcon.colcon_core.package_identification:_identify(pupper_interfaces) by extensions ['ros']
[2.120s] Level 1:colcon.colcon_core.package_identification:_identify(pupper_interfaces) by extension 'ros'
[2.122s] DEBUG:colcon.colcon_core.package_identification:Package 'pupper_interfaces' with type 'ros.ament_cmake' and name 'pupper_interfaces'
[2.122s] Level 1:colcon.colcon_core.package_discovery:discover_packages(recursive) using defaults
[2.123s] Level 1:colcon.colcon_core.package_discovery:discover_packages(ignore) discover
[2.123s] Level 1:colcon.colcon_core.package_discovery:discover_packages(ignore) using defaults
[2.123s] Level 1:colcon.colcon_core.package_discovery:discover_packages(path) discover
[2.123s] Level 1:colcon.colcon_core.package_discovery:discover_packages(path) using defaults
[2.240s] INFO:colcon.colcon_core.package_selection:Skipping not selected package 'champ' in 'champ/champ/champ'
[2.240s] INFO:colcon.colcon_core.package_selection:Skipping not selected package 'champ_config' in 'champ/champ/champ_config'
[2.240s] INFO:colcon.colcon_core.package_selection:Skipping not selected package 'champ_description' in 'champ/champ/champ_description'
[2.240s] INFO:colcon.colcon_core.package_selection:Skipping not selected package 'champ_msgs' in 'champ/champ/champ_msgs'
[2.240s] INFO:colcon.colcon_core.package_selection:Skipping not selected package 'champ_teleop' in 'champ/champ_teleop'
[2.240s] INFO:colcon.colcon_core.package_selection:Skipping not selected package 'ldlidar_stl_ros2' in 'ldlidar_stl_ros'
[2.241s] INFO:colcon.colcon_core.package_selection:Skipping not selected package 'mini_pupper_2_description' in 'mini_pupper_ros/mini_pupper_2_description'
[2.241s] INFO:colcon.colcon_core.package_selection:Skipping not selected package 'mini_pupper_description' in 'mini_pupper_ros/mini_pupper_description'
[2.241s] INFO:colcon.colcon_core.package_selection:Skipping not selected package 'mini_pupper_driver' in 'mini_pupper_ros/mini_pupper_driver'
[2.241s] INFO:colcon.colcon_core.package_selection:Skipping not selected package 'mini_pupper_interfaces' in 'mini_pupper_ros/mini_pupper_interfaces'
[2.241s] INFO:colcon.colcon_core.package_selection:Skipping not selected package 'mini_pupper_music' in 'mini_pupper_ros/mini_pupper_music'
[2.241s] INFO:colcon.colcon_core.package_selection:Skipping not selected package 'pupper_interfaces' in 'pupper_interfaces'
[2.241s] INFO:colcon.colcon_core.package_selection:Skipping not selected package 'champ_base' in 'champ/champ/champ_base'
[2.241s] INFO:colcon.colcon_core.package_selection:Skipping not selected package 'go_pupper_srv' in 'go_pupper_srv'
[2.241s] INFO:colcon.colcon_core.package_selection:Skipping not selected package 'mini_pupper_dance' in 'mini_pupper_ros/mini_pupper_dance'
[2.242s] INFO:colcon.colcon_core.package_selection:Skipping not selected package 'champ_bringup' in 'champ/champ/champ_bringup'
[2.242s] INFO:colcon.colcon_core.package_selection:Skipping not selected package 'mini_pupper_bringup' in 'mini_pupper_ros/mini_pupper_bringup'
[2.244s] Level 1:colcon.colcon_core.package_discovery:discover_packages(prefix_path) check parameters
[2.244s] Level 1:colcon.colcon_core.package_discovery:discover_packages(prefix_path) discover
[2.263s] DEBUG:colcon.colcon_installed_package_information.package_discovery:Found 17 installed packages in /home/ubuntu/ros2_ws/install
[2.274s] DEBUG:colcon.colcon_installed_package_information.package_discovery:Found 275 installed packages in /opt/ros/humble
[2.281s] Level 1:colcon.colcon_core.package_discovery:discover_packages(prefix_path) using defaults
[2.485s] Level 5:colcon.colcon_core.verb:set package 'lab2task4' build argument 'cmake_args' from command line to 'None'
[2.486s] Level 5:colcon.colcon_core.verb:set package 'lab2task4' build argument 'cmake_target' from command line to 'None'
[2.486s] Level 5:colcon.colcon_core.verb:set package 'lab2task4' build argument 'cmake_target_skip_unavailable' from command line to 'False'
[2.486s] Level 5:colcon.colcon_core.verb:set package 'lab2task4' build argument 'cmake_clean_cache' from command line to 'False'
[2.486s] Level 5:colcon.colcon_core.verb:set package 'lab2task4' build argument 'cmake_clean_first' from command line to 'False'
[2.486s] Level 5:colcon.colcon_core.verb:set package 'lab2task4' build argument 'cmake_force_configure' from command line to 'False'
[2.486s] Level 5:colcon.colcon_core.verb:set package 'lab2task4' build argument 'ament_cmake_args' from command line to 'None'
[2.486s] Level 5:colcon.colcon_core.verb:set package 'lab2task4' build argument 'catkin_cmake_args' from command line to 'None'
[2.487s] Level 5:colcon.colcon_core.verb:set package 'lab2task4' build argument 'catkin_skip_building_tests' from command line to 'False'
[2.487s] DEBUG:colcon.colcon_core.verb:Building package 'lab2task4' with the following arguments: {'ament_cmake_args': None, 'build_base': '/home/ubuntu/ros2_ws/src/build/lab2task4', 'catkin_cmake_args': None, 'catkin_skip_building_tests': False, 'cmake_args': None, 'cmake_clean_cache': False, 'cmake_clean_first': False, 'cmake_force_configure': False, 'cmake_target': None, 'cmake_target_skip_unavailable': False, 'install_base': '/home/ubuntu/ros2_ws/src/install/lab2task4', 'merge_install': False, 'path': '/home/ubuntu/ros2_ws/src/lab2task4', 'symlink_install': False, 'test_result_base': None}
[2.487s] INFO:colcon.colcon_core.executor:Executing jobs using 'parallel' executor
[2.491s] DEBUG:colcon.colcon_parallel_executor.executor.parallel:run_until_complete
[2.492s] INFO:colcon.colcon_ros.task.ament_python.build:Building ROS package in '/home/ubuntu/ros2_ws/src/lab2task4' with build type 'ament_python'
[2.493s] Level 1:colcon.colcon_core.shell:create_environment_hook('lab2task4', 'ament_prefix_path')
[2.507s] INFO:colcon.colcon_core.plugin_system:Skipping extension 'colcon_core.shell.bat': Not used on non-Windows systems
[2.508s] INFO:colcon.colcon_core.shell:Creating environment hook '/home/ubuntu/ros2_ws/src/install/lab2task4/share/lab2task4/hook/ament_prefix_path.ps1'
[2.511s] INFO:colcon.colcon_core.shell:Creating environment descriptor '/home/ubuntu/ros2_ws/src/install/lab2task4/share/lab2task4/hook/ament_prefix_path.dsv'
[2.514s] INFO:colcon.colcon_core.shell:Creating environment hook '/home/ubuntu/ros2_ws/src/install/lab2task4/share/lab2task4/hook/ament_prefix_path.sh'
[2.520s] INFO:colcon.colcon_core.shell:Skip shell extension 'powershell' for command environment: Not usable outside of PowerShell
[2.520s] DEBUG:colcon.colcon_core.shell:Skip shell extension 'dsv' for command environment
[2.548s] WARNING:colcon.colcon_core.shell:The following packages are in the workspace but haven't been built:
- pupper_interfaces
They are being used from the following locations instead:
- /home/ubuntu/ros2_ws/install/pupper_interfaces
To suppress this warning ignore these packages in the workspace:
--packages-ignore pupper_interfaces
[4.321s] INFO:colcon.colcon_core.task.python.build:Building Python package in '/home/ubuntu/ros2_ws/src/lab2task4'
[4.322s] INFO:colcon.colcon_core.shell:Skip shell extension 'powershell' for command environment: Not usable outside of PowerShell
[4.323s] DEBUG:colcon.colcon_core.shell:Skip shell extension 'dsv' for command environment
[6.766s] DEBUG:colcon.colcon_core.event_handler.log_command:Invoking command in '/home/ubuntu/ros2_ws/src/lab2task4': PYTHONPATH=/home/ubuntu/ros2_ws/src/build/lab2task4/prefix_override:/home/ubuntu/ros2_ws/src/install/lab2task4/lib/python3.10/site-packages:${PYTHONPATH} /usr/bin/python3 -W ignore:setup.py install is deprecated setup.py egg_info --egg-base ../build/lab2task4 build --build-base /home/ubuntu/ros2_ws/src/build/lab2task4/build install --record /home/ubuntu/ros2_ws/src/build/lab2task4/install.log --single-version-externally-managed install_data
[8.968s] DEBUG:colcon.colcon_core.event_handler.log_command:Invoked command in '/home/ubuntu/ros2_ws/src/lab2task4' returned '0': PYTHONPATH=/home/ubuntu/ros2_ws/src/build/lab2task4/prefix_override:/home/ubuntu/ros2_ws/src/install/lab2task4/lib/python3.10/site-packages:${PYTHONPATH} /usr/bin/python3 -W ignore:setup.py install is deprecated setup.py egg_info --egg-base ../build/lab2task4 build --build-base /home/ubuntu/ros2_ws/src/build/lab2task4/build install --record /home/ubuntu/ros2_ws/src/build/lab2task4/install.log --single-version-externally-managed install_data
[9.000s] Level 1:colcon.colcon_core.environment:checking '/home/ubuntu/ros2_ws/src/install/lab2task4' for CMake module files
[9.002s] Level 1:colcon.colcon_core.environment:checking '/home/ubuntu/ros2_ws/src/install/lab2task4' for CMake config files
[9.006s] Level 1:colcon.colcon_core.environment:checking '/home/ubuntu/ros2_ws/src/install/lab2task4/lib'
[9.007s] Level 1:colcon.colcon_core.environment:checking '/home/ubuntu/ros2_ws/src/install/lab2task4/bin'
[9.008s] Level 1:colcon.colcon_core.environment:checking '/home/ubuntu/ros2_ws/src/install/lab2task4/lib/pkgconfig/lab2task4.pc'
[9.009s] Level 1:colcon.colcon_core.environment:checking '/home/ubuntu/ros2_ws/src/install/lab2task4/lib/python3.10/site-packages'
[9.009s] Level 1:colcon.colcon_core.shell:create_environment_hook('lab2task4', 'pythonpath')
[9.010s] INFO:colcon.colcon_core.shell:Creating environment hook '/home/ubuntu/ros2_ws/src/install/lab2task4/share/lab2task4/hook/pythonpath.ps1'
[9.012s] INFO:colcon.colcon_core.shell:Creating environment descriptor '/home/ubuntu/ros2_ws/src/install/lab2task4/share/lab2task4/hook/pythonpath.dsv'
[9.013s] INFO:colcon.colcon_core.shell:Creating environment hook '/home/ubuntu/ros2_ws/src/install/lab2task4/share/lab2task4/hook/pythonpath.sh'
[9.016s] Level 1:colcon.colcon_core.environment:checking '/home/ubuntu/ros2_ws/src/install/lab2task4/bin'
[9.016s] Level 1:colcon.colcon_core.environment:create_environment_scripts_only(lab2task4)
[9.018s] INFO:colcon.colcon_core.shell:Creating package script '/home/ubuntu/ros2_ws/src/install/lab2task4/share/lab2task4/package.ps1'
[9.022s] INFO:colcon.colcon_core.shell:Creating package descriptor '/home/ubuntu/ros2_ws/src/install/lab2task4/share/lab2task4/package.dsv'
[9.025s] INFO:colcon.colcon_core.shell:Creating package script '/home/ubuntu/ros2_ws/src/install/lab2task4/share/lab2task4/package.sh'
[9.029s] INFO:colcon.colcon_core.shell:Creating package script '/home/ubuntu/ros2_ws/src/install/lab2task4/share/lab2task4/package.bash'
[9.033s] INFO:colcon.colcon_core.shell:Creating package script '/home/ubuntu/ros2_ws/src/install/lab2task4/share/lab2task4/package.zsh'
[9.037s] Level 1:colcon.colcon_core.environment:create_file_with_runtime_dependencies(/home/ubuntu/ros2_ws/src/install/lab2task4/share/colcon-core/packages/lab2task4)
[9.039s] DEBUG:colcon.colcon_parallel_executor.executor.parallel:closing loop
[9.041s] DEBUG:colcon.colcon_parallel_executor.executor.parallel:loop closed
[9.041s] DEBUG:colcon.colcon_parallel_executor.executor.parallel:run_until_complete finished with '0'
[9.041s] DEBUG:colcon.colcon_core.event_reactor:joining thread
[9.076s] INFO:colcon.colcon_core.plugin_system:Skipping extension 'colcon_notification.desktop_notification.terminal_notifier': Not used on non-Darwin systems
[9.076s] INFO:colcon.colcon_core.plugin_system:Skipping extension 'colcon_notification.desktop_notification.win32': Not used on non-Windows systems
[9.076s] INFO:colcon.colcon_notification.desktop_notification:Sending desktop notification using 'notify2'
[9.151s] DEBUG:colcon.colcon_core.event_reactor:joined thread
[9.152s] INFO:colcon.colcon_core.shell:Creating prefix script '/home/ubuntu/ros2_ws/src/install/local_setup.ps1'
[9.157s] INFO:colcon.colcon_core.shell:Creating prefix util module '/home/ubuntu/ros2_ws/src/install/_local_setup_util_ps1.py'
[9.165s] INFO:colcon.colcon_core.shell:Creating prefix chain script '/home/ubuntu/ros2_ws/src/install/setup.ps1'
[9.186s] INFO:colcon.colcon_core.shell:Creating prefix script '/home/ubuntu/ros2_ws/src/install/local_setup.sh'
[9.190s] INFO:colcon.colcon_core.shell:Creating prefix util module '/home/ubuntu/ros2_ws/src/install/_local_setup_util_sh.py'
[9.192s] INFO:colcon.colcon_core.shell:Creating prefix chain script '/home/ubuntu/ros2_ws/src/install/setup.sh'
[9.205s] INFO:colcon.colcon_core.shell:Creating prefix script '/home/ubuntu/ros2_ws/src/install/local_setup.bash'
[9.207s] INFO:colcon.colcon_core.shell:Creating prefix chain script '/home/ubuntu/ros2_ws/src/install/setup.bash'
[9.220s] INFO:colcon.colcon_core.shell:Creating prefix script '/home/ubuntu/ros2_ws/src/install/local_setup.zsh'
[9.224s] INFO:colcon.colcon_core.shell:Creating prefix chain script '/home/ubuntu/ros2_ws/src/install/setup.zsh'
