running egg_info
creating ../../build/lab2task5/lab2task5.egg-info
writing ../../build/lab2task5/lab2task5.egg-info/PKG-INFO
writing dependency_links to ../../build/lab2task5/lab2task5.egg-info/dependency_links.txt
writing entry points to ../../build/lab2task5/lab2task5.egg-info/entry_points.txt
writing requirements to ../../build/lab2task5/lab2task5.egg-info/requires.txt
writing top-level names to ../../build/lab2task5/lab2task5.egg-info/top_level.txt
writing manifest file '../../build/lab2task5/lab2task5.egg-info/SOURCES.txt'
reading manifest file '../../build/lab2task5/lab2task5.egg-info/SOURCES.txt'
adding license file 'LICENSE'
writing manifest file '../../build/lab2task5/lab2task5.egg-info/SOURCES.txt'
running build
running build_py
creating /home/ubuntu/ros2_ws/build/lab2task5/build
creating /home/ubuntu/ros2_ws/build/lab2task5/build/lib
creating /home/ubuntu/ros2_ws/build/lab2task5/build/lib/lab2task5
copying lab2task5/__init__.py -> /home/ubuntu/ros2_ws/build/lab2task5/build/lib/lab2task5
copying lab2task5/sample_controller.py -> /home/ubuntu/ros2_ws/build/lab2task5/build/lib/lab2task5
copying lab2task5/pupper_display_test.py -> /home/ubuntu/ros2_ws/build/lab2task5/build/lib/lab2task5
copying lab2task5/client_go_pupper.py -> /home/ubuntu/ros2_ws/build/lab2task5/build/lib/lab2task5
copying lab2task5/service_go_pupper.py -> /home/ubuntu/ros2_ws/build/lab2task5/build/lib/lab2task5
running install
running install_lib
creating /home/ubuntu/ros2_ws/install/lab2task5/lib/python3.10/site-packages/lab2task5
copying /home/ubuntu/ros2_ws/build/lab2task5/build/lib/lab2task5/__init__.py -> /home/ubuntu/ros2_ws/install/lab2task5/lib/python3.10/site-packages/lab2task5
copying /home/ubuntu/ros2_ws/build/lab2task5/build/lib/lab2task5/sample_controller.py -> /home/ubuntu/ros2_ws/install/lab2task5/lib/python3.10/site-packages/lab2task5
copying /home/ubuntu/ros2_ws/build/lab2task5/build/lib/lab2task5/pupper_display_test.py -> /home/ubuntu/ros2_ws/install/lab2task5/lib/python3.10/site-packages/lab2task5
copying /home/ubuntu/ros2_ws/build/lab2task5/build/lib/lab2task5/client_go_pupper.py -> /home/ubuntu/ros2_ws/install/lab2task5/lib/python3.10/site-packages/lab2task5
copying /home/ubuntu/ros2_ws/build/lab2task5/build/lib/lab2task5/service_go_pupper.py -> /home/ubuntu/ros2_ws/install/lab2task5/lib/python3.10/site-packages/lab2task5
byte-compiling /home/ubuntu/ros2_ws/install/lab2task5/lib/python3.10/site-packages/lab2task5/__init__.py to __init__.cpython-310.pyc
byte-compiling /home/ubuntu/ros2_ws/install/lab2task5/lib/python3.10/site-packages/lab2task5/sample_controller.py to sample_controller.cpython-310.pyc
byte-compiling /home/ubuntu/ros2_ws/install/lab2task5/lib/python3.10/site-packages/lab2task5/pupper_display_test.py to pupper_display_test.cpython-310.pyc
byte-compiling /home/ubuntu/ros2_ws/install/lab2task5/lib/python3.10/site-packages/lab2task5/client_go_pupper.py to client_go_pupper.cpython-310.pyc
byte-compiling /home/ubuntu/ros2_ws/install/lab2task5/lib/python3.10/site-packages/lab2task5/service_go_pupper.py to service_go_pupper.cpython-310.pyc
running install_data
creating /home/ubuntu/ros2_ws/install/lab2task5/share/ament_index
creating /home/ubuntu/ros2_ws/install/lab2task5/share/ament_index/resource_index
creating /home/ubuntu/ros2_ws/install/lab2task5/share/ament_index/resource_index/packages
error: can't copy 'resource/lab2task5': doesn't exist or not a regular file
