[5.138s] Invoking command in '/home/ubuntu/ros2_ws/src/lab2task4': PYTHONPATH=/home/ubuntu/ros2_ws/src/build/lab2task4/prefix_override:/home/ubuntu/ros2_ws/src/install/lab2task4/lib/python3.10/site-packages:${PYTHONPATH} /usr/bin/python3 -W ignore:setup.py install is deprecated setup.py egg_info --egg-base ../build/lab2task4 build --build-base /home/ubuntu/ros2_ws/src/build/lab2task4/build install --record /home/ubuntu/ros2_ws/src/build/lab2task4/install.log --single-version-externally-managed install_data
[6.830s] running egg_info
[6.833s] writing ../build/lab2task4/lab2task4.egg-info/PKG-INFO
[6.840s] writing dependency_links to ../build/lab2task4/lab2task4.egg-info/dependency_links.txt
[6.842s] writing entry points to ../build/lab2task4/lab2task4.egg-info/entry_points.txt
[6.843s] writing requirements to ../build/lab2task4/lab2task4.egg-info/requires.txt
[6.845s] writing top-level names to ../build/lab2task4/lab2task4.egg-info/top_level.txt
[6.855s] reading manifest file '../build/lab2task4/lab2task4.egg-info/SOURCES.txt'
[6.857s] adding license file 'LICENSE'
[6.860s] writing manifest file '../build/lab2task4/lab2task4.egg-info/SOURCES.txt'
[6.861s] running build
[6.862s] running build_py
[6.864s] copying lab2task4/client_go_pupper.py -> /home/ubuntu/ros2_ws/src/build/lab2task4/build/lib/lab2task4
[6.867s] running install
[6.868s] running install_lib
[6.873s] copying /home/ubuntu/ros2_ws/src/build/lab2task4/build/lib/lab2task4/client_go_pupper.py -> /home/ubuntu/ros2_ws/src/install/lab2task4/lib/python3.10/site-packages/lab2task4
[6.878s] byte-compiling /home/ubuntu/ros2_ws/src/install/lab2task4/lib/python3.10/site-packages/lab2task4/client_go_pupper.py to client_go_pupper.cpython-310.pyc
[6.882s] running install_data
[6.886s] running install_egg_info
[6.898s] removing '/home/ubuntu/ros2_ws/src/install/lab2task4/lib/python3.10/site-packages/lab2task4-0.0.0-py3.10.egg-info' (and everything under it)
[6.900s] Copying ../build/lab2task4/lab2task4.egg-info to /home/ubuntu/ros2_ws/src/install/lab2task4/lib/python3.10/site-packages/lab2task4-0.0.0-py3.10.egg-info
[6.917s] running install_scripts
[7.018s] Installing client script to /home/ubuntu/ros2_ws/src/install/lab2task4/lib/lab2task4
[7.019s] Installing salsa script to /home/ubuntu/ros2_ws/src/install/lab2task4/lib/lab2task4
[7.020s] Installing service script to /home/ubuntu/ros2_ws/src/install/lab2task4/lib/lab2task4
[7.022s] writing list of installed files to '/home/ubuntu/ros2_ws/src/build/lab2task4/install.log'
[7.166s] Invoked command in '/home/ubuntu/ros2_ws/src/lab2task4' returned '0': PYTHONPATH=/home/ubuntu/ros2_ws/src/build/lab2task4/prefix_override:/home/ubuntu/ros2_ws/src/install/lab2task4/lib/python3.10/site-packages:${PYTHONPATH} /usr/bin/python3 -W ignore:setup.py install is deprecated setup.py egg_info --egg-base ../build/lab2task4 build --build-base /home/ubuntu/ros2_ws/src/build/lab2task4/build install --record /home/ubuntu/ros2_ws/src/build/lab2task4/install.log --single-version-externally-managed install_data
