[0.176s] Invoking command in '/home/ubuntu/ros2_ws/build/champ_description': CMAKE_PREFIX_PATH=${CMAKE_PREFIX_PATH}:/home/ubuntu/ros2_ws/install/lab2task4:/home/ubuntu/ros2_ws/install/go_pupper_srv:/home/ubuntu/ros2_ws/install/mini_pupper_music:/home/ubuntu/ros2_ws/install/mini_pupper_dance:/home/ubuntu/ros2_ws/install/mini_pupper_driver:/opt/ros/humble /usr/bin/cmake /home/ubuntu/ros2_ws/src/champ/champ/champ_description -DCMAKE_INSTALL_PREFIX=/home/ubuntu/ros2_ws/install/champ_description
[0.558s] -- Found ament_cmake: 1.3.8 (/opt/ros/humble/share/ament_cmake/cmake)
[2.582s] -- Override CMake install command with custom implementation using symlinks instead of copying resources
[2.661s] -- Found ament_lint_auto: 0.12.10 (/opt/ros/humble/share/ament_lint_auto/cmake)
[3.643s] -- Configuring done
[3.727s] -- Generating done
[3.748s] -- Build files have been written to: /home/ubuntu/ros2_ws/build/champ_description
[3.796s] Invoked command in '/home/ubuntu/ros2_ws/build/champ_description' returned '0': CMAKE_PREFIX_PATH=${CMAKE_PREFIX_PATH}:/home/ubuntu/ros2_ws/install/lab2task4:/home/ubuntu/ros2_ws/install/go_pupper_srv:/home/ubuntu/ros2_ws/install/mini_pupper_music:/home/ubuntu/ros2_ws/install/mini_pupper_dance:/home/ubuntu/ros2_ws/install/mini_pupper_driver:/opt/ros/humble /usr/bin/cmake /home/ubuntu/ros2_ws/src/champ/champ/champ_description -DCMAKE_INSTALL_PREFIX=/home/ubuntu/ros2_ws/install/champ_description
[3.798s] Invoking command in '/home/ubuntu/ros2_ws/build/champ_description': CMAKE_PREFIX_PATH=${CMAKE_PREFIX_PATH}:/home/ubuntu/ros2_ws/install/lab2task4:/home/ubuntu/ros2_ws/install/go_pupper_srv:/home/ubuntu/ros2_ws/install/mini_pupper_music:/home/ubuntu/ros2_ws/install/mini_pupper_dance:/home/ubuntu/ros2_ws/install/mini_pupper_driver:/opt/ros/humble /usr/bin/cmake --build /home/ubuntu/ros2_ws/build/champ_description -- -j4 -l4
[4.161s] Invoked command in '/home/ubuntu/ros2_ws/build/champ_description' returned '0': CMAKE_PREFIX_PATH=${CMAKE_PREFIX_PATH}:/home/ubuntu/ros2_ws/install/lab2task4:/home/ubuntu/ros2_ws/install/go_pupper_srv:/home/ubuntu/ros2_ws/install/mini_pupper_music:/home/ubuntu/ros2_ws/install/mini_pupper_dance:/home/ubuntu/ros2_ws/install/mini_pupper_driver:/opt/ros/humble /usr/bin/cmake --build /home/ubuntu/ros2_ws/build/champ_description -- -j4 -l4
[4.553s] Invoking command in '/home/ubuntu/ros2_ws/build/champ_description': CMAKE_PREFIX_PATH=${CMAKE_PREFIX_PATH}:/home/ubuntu/ros2_ws/install/lab2task4:/home/ubuntu/ros2_ws/install/go_pupper_srv:/home/ubuntu/ros2_ws/install/mini_pupper_music:/home/ubuntu/ros2_ws/install/mini_pupper_dance:/home/ubuntu/ros2_ws/install/mini_pupper_driver:/opt/ros/humble /usr/bin/cmake --install /home/ubuntu/ros2_ws/build/champ_description
[4.647s] -- Install configuration: ""
[4.651s] -- Execute custom install script
[4.661s] -- Up-to-date symlink: /home/ubuntu/ros2_ws/install/champ_description/share/champ_description/launch/description.launch
[4.663s] -- Up-to-date symlink: /home/ubuntu/ros2_ws/install/champ_description/share/champ_description/launch/description.launch.py
[4.667s] -- Up-to-date symlink: /home/ubuntu/ros2_ws/install/champ_description/share/champ_description/launch/view_urdf.launch
[4.674s] -- Up-to-date symlink: /home/ubuntu/ros2_ws/install/champ_description/share/champ_description/rviz/urdf_viewer.rviz
[4.687s] -- Up-to-date symlink: /home/ubuntu/ros2_ws/install/champ_description/share/champ_description/meshes/arm/base.stl
[4.690s] -- Up-to-date symlink: /home/ubuntu/ros2_ws/install/champ_description/share/champ_description/meshes/arm/lower_arm.stl
[4.699s] -- Up-to-date symlink: /home/ubuntu/ros2_ws/install/champ_description/share/champ_description/meshes/arm/upper_arm.stl
[4.700s] -- Up-to-date symlink: /home/ubuntu/ros2_ws/install/champ_description/share/champ_description/meshes/arm/wrist1.stl
[4.702s] -- Up-to-date symlink: /home/ubuntu/ros2_ws/install/champ_description/share/champ_description/meshes/arm/wrist2.stl
[4.705s] -- Up-to-date symlink: /home/ubuntu/ros2_ws/install/champ_description/share/champ_description/meshes/asus_camera_simple.dae
[4.710s] -- Up-to-date symlink: /home/ubuntu/ros2_ws/install/champ_description/share/champ_description/meshes/base.stl
[4.713s] -- Up-to-date symlink: /home/ubuntu/ros2_ws/install/champ_description/share/champ_description/meshes/base_simple.stl
[4.716s] -- Up-to-date symlink: /home/ubuntu/ros2_ws/install/champ_description/share/champ_description/meshes/hip.stl
[4.719s] -- Up-to-date symlink: /home/ubuntu/ros2_ws/install/champ_description/share/champ_description/meshes/hokuyo_utm_30lx.dae
[4.722s] -- Up-to-date symlink: /home/ubuntu/ros2_ws/install/champ_description/share/champ_description/meshes/lower_leg.stl
[4.725s] -- Up-to-date symlink: /home/ubuntu/ros2_ws/install/champ_description/share/champ_description/meshes/lower_leg_simple.stl
[4.728s] -- Up-to-date symlink: /home/ubuntu/ros2_ws/install/champ_description/share/champ_description/meshes/upper_leg.stl
[4.731s] -- Up-to-date symlink: /home/ubuntu/ros2_ws/install/champ_description/share/champ_description/meshes/upper_leg_simple.stl
[4.741s] -- Up-to-date symlink: /home/ubuntu/ros2_ws/install/champ_description/share/champ_description/urdf/accessories.urdf.xacro
[4.744s] -- Up-to-date symlink: /home/ubuntu/ros2_ws/install/champ_description/share/champ_description/urdf/asus_camera.urdf.xacro
[4.747s] -- Up-to-date symlink: /home/ubuntu/ros2_ws/install/champ_description/share/champ_description/urdf/champ.urdf
[4.750s] -- Up-to-date symlink: /home/ubuntu/ros2_ws/install/champ_description/share/champ_description/urdf/champ.urdf.xacro
[4.753s] -- Up-to-date symlink: /home/ubuntu/ros2_ws/install/champ_description/share/champ_description/urdf/champ_arm.urdf
[4.757s] -- Up-to-date symlink: /home/ubuntu/ros2_ws/install/champ_description/share/champ_description/urdf/champ_velodyne.urdf
[4.760s] -- Up-to-date symlink: /home/ubuntu/ros2_ws/install/champ_description/share/champ_description/urdf/gen_urdf
[4.763s] -- Up-to-date symlink: /home/ubuntu/ros2_ws/install/champ_description/share/champ_description/urdf/hokuyo_utm30lx.urdf.xacro
[4.766s] -- Up-to-date symlink: /home/ubuntu/ros2_ws/install/champ_description/share/champ_description/urdf/leg.urdf.xacro
[4.769s] -- Up-to-date symlink: /home/ubuntu/ros2_ws/install/champ_description/share/champ_description/urdf/properties.urdf.xacro
[4.772s] -- Up-to-date symlink: /home/ubuntu/ros2_ws/install/champ_description/share/ament_index/resource_index/package_run_dependencies/champ_description
[4.776s] -- Up-to-date symlink: /home/ubuntu/ros2_ws/install/champ_description/share/ament_index/resource_index/parent_prefix_path/champ_description
[4.780s] -- Up-to-date symlink: /home/ubuntu/ros2_ws/install/champ_description/share/champ_description/environment/ament_prefix_path.sh
[4.782s] -- Up-to-date symlink: /home/ubuntu/ros2_ws/install/champ_description/share/champ_description/environment/ament_prefix_path.dsv
[4.785s] -- Up-to-date symlink: /home/ubuntu/ros2_ws/install/champ_description/share/champ_description/environment/path.sh
[4.788s] -- Up-to-date symlink: /home/ubuntu/ros2_ws/install/champ_description/share/champ_description/environment/path.dsv
[4.794s] -- Up-to-date symlink: /home/ubuntu/ros2_ws/install/champ_description/share/champ_description/local_setup.bash
[4.797s] -- Up-to-date symlink: /home/ubuntu/ros2_ws/install/champ_description/share/champ_description/local_setup.sh
[4.805s] -- Up-to-date symlink: /home/ubuntu/ros2_ws/install/champ_description/share/champ_description/local_setup.zsh
[4.809s] -- Up-to-date symlink: /home/ubuntu/ros2_ws/install/champ_description/share/champ_description/local_setup.dsv
[4.811s] -- Symlinking: /home/ubuntu/ros2_ws/install/champ_description/share/champ_description/package.dsv
[4.882s] -- Up-to-date symlink: /home/ubuntu/ros2_ws/install/champ_description/share/ament_index/resource_index/packages/champ_description
[4.885s] -- Up-to-date symlink: /home/ubuntu/ros2_ws/install/champ_description/share/champ_description/cmake/champ_descriptionConfig.cmake
[4.888s] -- Up-to-date symlink: /home/ubuntu/ros2_ws/install/champ_description/share/champ_description/cmake/champ_descriptionConfig-version.cmake
[4.891s] -- Up-to-date symlink: /home/ubuntu/ros2_ws/install/champ_description/share/champ_description/package.xml
[4.901s] Invoked command in '/home/ubuntu/ros2_ws/build/champ_description' returned '0': CMAKE_PREFIX_PATH=${CMAKE_PREFIX_PATH}:/home/ubuntu/ros2_ws/install/lab2task4:/home/ubuntu/ros2_ws/install/go_pupper_srv:/home/ubuntu/ros2_ws/install/mini_pupper_music:/home/ubuntu/ros2_ws/install/mini_pupper_dance:/home/ubuntu/ros2_ws/install/mini_pupper_driver:/opt/ros/humble /usr/bin/cmake --install /home/ubuntu/ros2_ws/build/champ_description
