[4.703s] Invoking command in '/home/ubuntu/ros2_ws/src/lab2task4': PYTHONPATH=/home/ubuntu/ros2_ws/build/lab2task4/prefix_override:/home/ubuntu/ros2_ws/install/lab2task4/lib/python3.10/site-packages:${PYTHONPATH} /usr/bin/python3 -W ignore:setup.py install is deprecated setup.py egg_info --egg-base ../../build/lab2task4 build --build-base /home/ubuntu/ros2_ws/build/lab2task4/build install --record /home/ubuntu/ros2_ws/build/lab2task4/install.log --single-version-externally-managed install_data
[6.329s] running egg_info
[6.332s] writing ../../build/lab2task4/lab2task4.egg-info/PKG-INFO
[6.339s] writing dependency_links to ../../build/lab2task4/lab2task4.egg-info/dependency_links.txt
[6.340s] writing entry points to ../../build/lab2task4/lab2task4.egg-info/entry_points.txt
[6.341s] writing requirements to ../../build/lab2task4/lab2task4.egg-info/requires.txt
[6.342s] writing top-level names to ../../build/lab2task4/lab2task4.egg-info/top_level.txt
[6.352s] reading manifest file '../../build/lab2task4/lab2task4.egg-info/SOURCES.txt'
[6.355s] adding license file 'LICENSE'
[6.358s] writing manifest file '../../build/lab2task4/lab2task4.egg-info/SOURCES.txt'
[6.358s] running build
[6.359s] running build_py
[6.361s] copying lab2task4/client_go_pupper.py -> /home/ubuntu/ros2_ws/build/lab2task4/build/lib/lab2task4
[6.363s] running install
[6.364s] running install_lib
[6.369s] copying /home/ubuntu/ros2_ws/build/lab2task4/build/lib/lab2task4/client_go_pupper.py -> /home/ubuntu/ros2_ws/install/lab2task4/lib/python3.10/site-packages/lab2task4
[6.375s] byte-compiling /home/ubuntu/ros2_ws/install/lab2task4/lib/python3.10/site-packages/lab2task4/client_go_pupper.py to client_go_pupper.cpython-310.pyc
[6.384s] running install_data
[6.385s] running install_egg_info
[6.393s] removing '/home/ubuntu/ros2_ws/install/lab2task4/lib/python3.10/site-packages/lab2task4-0.0.0-py3.10.egg-info' (and everything under it)
[6.395s] Copying ../../build/lab2task4/lab2task4.egg-info to /home/ubuntu/ros2_ws/install/lab2task4/lib/python3.10/site-packages/lab2task4-0.0.0-py3.10.egg-info
[6.402s] running install_scripts
[6.502s] Installing client script to /home/ubuntu/ros2_ws/install/lab2task4/lib/lab2task4
[6.503s] Installing salsa script to /home/ubuntu/ros2_ws/install/lab2task4/lib/lab2task4
[6.504s] Installing service script to /home/ubuntu/ros2_ws/install/lab2task4/lib/lab2task4
[6.506s] writing list of installed files to '/home/ubuntu/ros2_ws/build/lab2task4/install.log'
[6.648s] Invoked command in '/home/ubuntu/ros2_ws/src/lab2task4' returned '0': PYTHONPATH=/home/ubuntu/ros2_ws/build/lab2task4/prefix_override:/home/ubuntu/ros2_ws/install/lab2task4/lib/python3.10/site-packages:${PYTHONPATH} /usr/bin/python3 -W ignore:setup.py install is deprecated setup.py egg_info --egg-base ../../build/lab2task4 build --build-base /home/ubuntu/ros2_ws/build/lab2task4/build install --record /home/ubuntu/ros2_ws/build/lab2task4/install.log --single-version-externally-managed install_data
