running egg_info
writing ../../build/lab2task5/lab2task5.egg-info/PKG-INFO
writing dependency_links to ../../build/lab2task5/lab2task5.egg-info/dependency_links.txt
writing entry points to ../../build/lab2task5/lab2task5.egg-info/entry_points.txt
writing requirements to ../../build/lab2task5/lab2task5.egg-info/requires.txt
writing top-level names to ../../build/lab2task5/lab2task5.egg-info/top_level.txt
reading manifest file '../../build/lab2task5/lab2task5.egg-info/SOURCES.txt'
adding license file 'LICENSE'
writing manifest file '../../build/lab2task5/lab2task5.egg-info/SOURCES.txt'
running build
running build_py
copying lab2task5/client_go_pupper.py -> /home/ubuntu/ros2_ws/build/lab2task5/build/lib/lab2task5
running install
running install_lib
copying /home/ubuntu/ros2_ws/build/lab2task5/build/lib/lab2task5/client_go_pupper.py -> /home/ubuntu/ros2_ws/install/lab2task5/lib/python3.10/site-packages/lab2task5
byte-compiling /home/ubuntu/ros2_ws/install/lab2task5/lib/python3.10/site-packages/lab2task5/client_go_pupper.py to client_go_pupper.cpython-310.pyc
running install_data
running install_egg_info
removing '/home/ubuntu/ros2_ws/install/lab2task5/lib/python3.10/site-packages/lab2task5-0.0.0-py3.10.egg-info' (and everything under it)
Copying ../../build/lab2task5/lab2task5.egg-info to /home/ubuntu/ros2_ws/install/lab2task5/lib/python3.10/site-packages/lab2task5-0.0.0-py3.10.egg-info
running install_scripts
Installing client script to /home/ubuntu/ros2_ws/install/lab2task5/lib/lab2task5
Installing salsa script to /home/ubuntu/ros2_ws/install/lab2task5/lib/lab2task5
Installing service script to /home/ubuntu/ros2_ws/install/lab2task5/lib/lab2task5
writing list of installed files to '/home/ubuntu/ros2_ws/build/lab2task5/install.log'
