[15.321s] Invoking command in '/home/ubuntu/ros2_ws/src/lab2task4': PYTHONPATH=/home/ubuntu/ros2_ws/build/lab2task4/prefix_override:/home/ubuntu/ros2_ws/install/lab2task4/lib/python3.10/site-packages:${PYTHONPATH} /usr/bin/python3 -W ignore:setup.py install is deprecated setup.py egg_info --egg-base ../../build/lab2task4 build --build-base /home/ubuntu/ros2_ws/build/lab2task4/build install --record /home/ubuntu/ros2_ws/build/lab2task4/install.log --single-version-externally-managed install_data
[23.101s] running egg_info
[23.105s] writing ../../build/lab2task4/lab2task4.egg-info/PKG-INFO
[23.109s] writing dependency_links to ../../build/lab2task4/lab2task4.egg-info/dependency_links.txt
[23.111s] writing entry points to ../../build/lab2task4/lab2task4.egg-info/entry_points.txt
[23.115s] writing requirements to ../../build/lab2task4/lab2task4.egg-info/requires.txt
[23.117s] writing top-level names to ../../build/lab2task4/lab2task4.egg-info/top_level.txt
[23.133s] reading manifest file '../../build/lab2task4/lab2task4.egg-info/SOURCES.txt'
[23.136s] adding license file 'LICENSE'
[23.141s] writing manifest file '../../build/lab2task4/lab2task4.egg-info/SOURCES.txt'
[23.142s] running build
[23.143s] running build_py
[23.147s] running install
[23.151s] running install_lib
[23.170s] running install_data
[23.170s] running install_egg_info
[23.198s] removing '/home/ubuntu/ros2_ws/install/lab2task4/lib/python3.10/site-packages/lab2task4-0.0.0-py3.10.egg-info' (and everything under it)
[23.199s] Copying ../../build/lab2task4/lab2task4.egg-info to /home/ubuntu/ros2_ws/install/lab2task4/lib/python3.10/site-packages/lab2task4-0.0.0-py3.10.egg-info
[23.218s] running install_scripts
[23.444s] Installing client script to /home/ubuntu/ros2_ws/install/lab2task4/lib/lab2task4
[23.449s] Installing salsa script to /home/ubuntu/ros2_ws/install/lab2task4/lib/lab2task4
[23.454s] Installing service script to /home/ubuntu/ros2_ws/install/lab2task4/lib/lab2task4
[23.461s] writing list of installed files to '/home/ubuntu/ros2_ws/build/lab2task4/install.log'
[23.860s] Invoked command in '/home/ubuntu/ros2_ws/src/lab2task4' returned '0': PYTHONPATH=/home/ubuntu/ros2_ws/build/lab2task4/prefix_override:/home/ubuntu/ros2_ws/install/lab2task4/lib/python3.10/site-packages:${PYTHONPATH} /usr/bin/python3 -W ignore:setup.py install is deprecated setup.py egg_info --egg-base ../../build/lab2task4 build --build-base /home/ubuntu/ros2_ws/build/lab2task4/build install --record /home/ubuntu/ros2_ws/build/lab2task4/install.log --single-version-externally-managed install_data
