[4.598s] Invoking command in '/home/ubuntu/ros2_ws/src/lab2task5': PYTHONPATH=/home/ubuntu/ros2_ws/src/build/lab2task5/prefix_override:/home/ubuntu/ros2_ws/src/install/lab2task5/lib/python3.10/site-packages:${PYTHONPATH} /usr/bin/python3 -W ignore:setup.py install is deprecated setup.py egg_info --egg-base ../build/lab2task5 build --build-base /home/ubuntu/ros2_ws/src/build/lab2task5/build install --record /home/ubuntu/ros2_ws/src/build/lab2task5/install.log --single-version-externally-managed install_data
[6.299s] running egg_info
[6.302s] creating ../build/lab2task5/lab2task5.egg-info
[6.303s] writing ../build/lab2task5/lab2task5.egg-info/PKG-INFO
[6.304s] writing dependency_links to ../build/lab2task5/lab2task5.egg-info/dependency_links.txt
[6.305s] writing entry points to ../build/lab2task5/lab2task5.egg-info/entry_points.txt
[6.307s] writing requirements to ../build/lab2task5/lab2task5.egg-info/requires.txt
[6.308s] writing top-level names to ../build/lab2task5/lab2task5.egg-info/top_level.txt
[6.309s] writing manifest file '../build/lab2task5/lab2task5.egg-info/SOURCES.txt'
[6.316s] reading manifest file '../build/lab2task5/lab2task5.egg-info/SOURCES.txt'
[6.317s] adding license file 'LICENSE'
[6.319s] writing manifest file '../build/lab2task5/lab2task5.egg-info/SOURCES.txt'
[6.320s] running build
[6.321s] running build_py
[6.322s] creating /home/ubuntu/ros2_ws/src/build/lab2task5/build
[6.322s] creating /home/ubuntu/ros2_ws/src/build/lab2task5/build/lib
[6.323s] creating /home/ubuntu/ros2_ws/src/build/lab2task5/build/lib/lab2task5
[6.323s] copying lab2task5/__init__.py -> /home/ubuntu/ros2_ws/src/build/lab2task5/build/lib/lab2task5
[6.324s] copying lab2task5/sample_controller.py -> /home/ubuntu/ros2_ws/src/build/lab2task5/build/lib/lab2task5
[6.324s] copying lab2task5/pupper_display_test.py -> /home/ubuntu/ros2_ws/src/build/lab2task5/build/lib/lab2task5
[6.325s] copying lab2task5/client_go_pupper.py -> /home/ubuntu/ros2_ws/src/build/lab2task5/build/lib/lab2task5
[6.325s] copying lab2task5/service_go_pupper.py -> /home/ubuntu/ros2_ws/src/build/lab2task5/build/lib/lab2task5
[6.327s] running install
[6.328s] running install_lib
[6.332s] creating /home/ubuntu/ros2_ws/src/install/lab2task5/lib/python3.10/site-packages/lab2task5
[6.332s] copying /home/ubuntu/ros2_ws/src/build/lab2task5/build/lib/lab2task5/__init__.py -> /home/ubuntu/ros2_ws/src/install/lab2task5/lib/python3.10/site-packages/lab2task5
[6.333s] copying /home/ubuntu/ros2_ws/src/build/lab2task5/build/lib/lab2task5/sample_controller.py -> /home/ubuntu/ros2_ws/src/install/lab2task5/lib/python3.10/site-packages/lab2task5
[6.334s] copying /home/ubuntu/ros2_ws/src/build/lab2task5/build/lib/lab2task5/pupper_display_test.py -> /home/ubuntu/ros2_ws/src/install/lab2task5/lib/python3.10/site-packages/lab2task5
[6.335s] copying /home/ubuntu/ros2_ws/src/build/lab2task5/build/lib/lab2task5/client_go_pupper.py -> /home/ubuntu/ros2_ws/src/install/lab2task5/lib/python3.10/site-packages/lab2task5
[6.336s] copying /home/ubuntu/ros2_ws/src/build/lab2task5/build/lib/lab2task5/service_go_pupper.py -> /home/ubuntu/ros2_ws/src/install/lab2task5/lib/python3.10/site-packages/lab2task5
[6.339s] byte-compiling /home/ubuntu/ros2_ws/src/install/lab2task5/lib/python3.10/site-packages/lab2task5/__init__.py to __init__.cpython-310.pyc
[6.341s] byte-compiling /home/ubuntu/ros2_ws/src/install/lab2task5/lib/python3.10/site-packages/lab2task5/sample_controller.py to sample_controller.cpython-310.pyc
[6.344s] byte-compiling /home/ubuntu/ros2_ws/src/install/lab2task5/lib/python3.10/site-packages/lab2task5/pupper_display_test.py to pupper_display_test.cpython-310.pyc
[6.345s] byte-compiling /home/ubuntu/ros2_ws/src/install/lab2task5/lib/python3.10/site-packages/lab2task5/client_go_pupper.py to client_go_pupper.cpython-310.pyc
[6.350s] byte-compiling /home/ubuntu/ros2_ws/src/install/lab2task5/lib/python3.10/site-packages/lab2task5/service_go_pupper.py to service_go_pupper.cpython-310.pyc
[6.352s] running install_data
[6.353s] creating /home/ubuntu/ros2_ws/src/install/lab2task5/share/ament_index
[6.354s] creating /home/ubuntu/ros2_ws/src/install/lab2task5/share/ament_index/resource_index
[6.355s] creating /home/ubuntu/ros2_ws/src/install/lab2task5/share/ament_index/resource_index/packages
[6.356s] copying resource/lab2task5 -> /home/ubuntu/ros2_ws/src/install/lab2task5/share/ament_index/resource_index/packages
[6.356s] copying package.xml -> /home/ubuntu/ros2_ws/src/install/lab2task5/share/lab2task5
[6.357s] running install_egg_info
[6.364s] Copying ../build/lab2task5/lab2task5.egg-info to /home/ubuntu/ros2_ws/src/install/lab2task5/lib/python3.10/site-packages/lab2task5-0.0.0-py3.10.egg-info
[6.370s] running install_scripts
[6.468s] Installing client script to /home/ubuntu/ros2_ws/src/install/lab2task5/lib/lab2task5
[6.469s] Installing salsa script to /home/ubuntu/ros2_ws/src/install/lab2task5/lib/lab2task5
[6.470s] Installing service script to /home/ubuntu/ros2_ws/src/install/lab2task5/lib/lab2task5
[6.472s] writing list of installed files to '/home/ubuntu/ros2_ws/src/build/lab2task5/install.log'
[6.624s] Invoked command in '/home/ubuntu/ros2_ws/src/lab2task5' returned '0': PYTHONPATH=/home/ubuntu/ros2_ws/src/build/lab2task5/prefix_override:/home/ubuntu/ros2_ws/src/install/lab2task5/lib/python3.10/site-packages:${PYTHONPATH} /usr/bin/python3 -W ignore:setup.py install is deprecated setup.py egg_info --egg-base ../build/lab2task5 build --build-base /home/ubuntu/ros2_ws/src/build/lab2task5/build install --record /home/ubuntu/ros2_ws/src/build/lab2task5/install.log --single-version-externally-managed install_data
