[0.254s] Invoking command in '/home/ubuntu/ros2_ws/build/champ': CMAKE_PREFIX_PATH=${CMAKE_PREFIX_PATH}:/home/ubuntu/ros2_ws/install/lab2task4:/home/ubuntu/ros2_ws/install/go_pupper_srv:/home/ubuntu/ros2_ws/install/mini_pupper_music:/home/ubuntu/ros2_ws/install/mini_pupper_dance:/home/ubuntu/ros2_ws/install/mini_pupper_driver:/opt/ros/humble /usr/bin/cmake /home/ubuntu/ros2_ws/src/champ/champ/champ -DCMAKE_INSTALL_PREFIX=/home/ubuntu/ros2_ws/install/champ
[0.735s] -- Found ament_cmake: 1.3.8 (/opt/ros/humble/share/ament_cmake/cmake)
[2.714s] -- Override CMake install command with custom implementation using symlinks instead of copying resources
[2.830s] -- Found rclcpp: 16.0.8 (/opt/ros/humble/share/rclcpp/cmake)
[3.302s] -- Found rosidl_generator_c: 3.1.5 (/opt/ros/humble/share/rosidl_generator_c/cmake)
[3.325s] -- Found rosidl_adapter: 3.1.5 (/opt/ros/humble/share/rosidl_adapter/cmake)
[3.388s] -- Found rosidl_generator_cpp: 3.1.5 (/opt/ros/humble/share/rosidl_generator_cpp/cmake)
[3.511s] -- Using all available rosidl_typesupport_c: rosidl_typesupport_fastrtps_c;rosidl_typesupport_introspection_c
[3.801s] -- Using all available rosidl_typesupport_cpp: rosidl_typesupport_fastrtps_cpp;rosidl_typesupport_introspection_cpp
[4.393s] -- Found rmw_implementation_cmake: 6.1.1 (/opt/ros/humble/share/rmw_implementation_cmake/cmake)
[4.416s] -- Found rmw_fastrtps_cpp: 6.2.6 (/opt/ros/humble/share/rmw_fastrtps_cpp/cmake)
[6.814s] -- Using RMW implementation 'rmw_fastrtps_cpp' as default
[8.263s] -- Found ament_lint_auto: 0.12.10 (/opt/ros/humble/share/ament_lint_auto/cmake)
[9.155s] -- Configuring done
[9.210s] -- Generating done
[9.222s] -- Build files have been written to: /home/ubuntu/ros2_ws/build/champ
[9.281s] Invoked command in '/home/ubuntu/ros2_ws/build/champ' returned '0': CMAKE_PREFIX_PATH=${CMAKE_PREFIX_PATH}:/home/ubuntu/ros2_ws/install/lab2task4:/home/ubuntu/ros2_ws/install/go_pupper_srv:/home/ubuntu/ros2_ws/install/mini_pupper_music:/home/ubuntu/ros2_ws/install/mini_pupper_dance:/home/ubuntu/ros2_ws/install/mini_pupper_driver:/opt/ros/humble /usr/bin/cmake /home/ubuntu/ros2_ws/src/champ/champ/champ -DCMAKE_INSTALL_PREFIX=/home/ubuntu/ros2_ws/install/champ
[9.284s] Invoking command in '/home/ubuntu/ros2_ws/build/champ': CMAKE_PREFIX_PATH=${CMAKE_PREFIX_PATH}:/home/ubuntu/ros2_ws/install/lab2task4:/home/ubuntu/ros2_ws/install/go_pupper_srv:/home/ubuntu/ros2_ws/install/mini_pupper_music:/home/ubuntu/ros2_ws/install/mini_pupper_dance:/home/ubuntu/ros2_ws/install/mini_pupper_driver:/opt/ros/humble /usr/bin/cmake --build /home/ubuntu/ros2_ws/build/champ -- -j4 -l4
[9.607s] Invoked command in '/home/ubuntu/ros2_ws/build/champ' returned '0': CMAKE_PREFIX_PATH=${CMAKE_PREFIX_PATH}:/home/ubuntu/ros2_ws/install/lab2task4:/home/ubuntu/ros2_ws/install/go_pupper_srv:/home/ubuntu/ros2_ws/install/mini_pupper_music:/home/ubuntu/ros2_ws/install/mini_pupper_dance:/home/ubuntu/ros2_ws/install/mini_pupper_driver:/opt/ros/humble /usr/bin/cmake --build /home/ubuntu/ros2_ws/build/champ -- -j4 -l4
[9.822s] Invoking command in '/home/ubuntu/ros2_ws/build/champ': CMAKE_PREFIX_PATH=${CMAKE_PREFIX_PATH}:/home/ubuntu/ros2_ws/install/lab2task4:/home/ubuntu/ros2_ws/install/go_pupper_srv:/home/ubuntu/ros2_ws/install/mini_pupper_music:/home/ubuntu/ros2_ws/install/mini_pupper_dance:/home/ubuntu/ros2_ws/install/mini_pupper_driver:/opt/ros/humble /usr/bin/cmake --install /home/ubuntu/ros2_ws/build/champ
[9.898s] -- Install configuration: ""
[9.900s] -- Execute custom install script
[9.937s] -- Up-to-date symlink: /home/ubuntu/ros2_ws/install/champ/include/champ/.git
[9.939s] -- Up-to-date symlink: /home/ubuntu/ros2_ws/install/champ/include/champ/LICENSE
[9.944s] -- Up-to-date symlink: /home/ubuntu/ros2_ws/install/champ/include/champ/README.md
[9.948s] -- Up-to-date symlink: /home/ubuntu/ros2_ws/install/champ/include/champ/bla/basic_linear_algebra.h
[9.953s] -- Up-to-date symlink: /home/ubuntu/ros2_ws/install/champ/include/champ/bla/memory_delegate.h
[9.958s] -- Up-to-date symlink: /home/ubuntu/ros2_ws/install/champ/include/champ/body_controller/body_controller.h
[9.963s] -- Up-to-date symlink: /home/ubuntu/ros2_ws/install/champ/include/champ/geometry/geometry.h
[9.968s] -- Up-to-date symlink: /home/ubuntu/ros2_ws/install/champ/include/champ/kinematics/kinematics.h
[9.973s] -- Up-to-date symlink: /home/ubuntu/ros2_ws/install/champ/include/champ/leg_controller/leg_controller.h
[9.976s] -- Up-to-date symlink: /home/ubuntu/ros2_ws/install/champ/include/champ/leg_controller/phase_generator.h
[9.980s] -- Up-to-date symlink: /home/ubuntu/ros2_ws/install/champ/include/champ/leg_controller/trajectory_planner.h
[9.984s] -- Up-to-date symlink: /home/ubuntu/ros2_ws/install/champ/include/champ/macros/macros.h
[9.986s] -- Up-to-date symlink: /home/ubuntu/ros2_ws/install/champ/include/champ/odometry/odometry.h
[9.989s] -- Up-to-date symlink: /home/ubuntu/ros2_ws/install/champ/include/champ/quadruped_base/quadruped_base.h
[9.992s] -- Up-to-date symlink: /home/ubuntu/ros2_ws/install/champ/include/champ/quadruped_base/quadruped_components.h
[9.995s] -- Up-to-date symlink: /home/ubuntu/ros2_ws/install/champ/include/champ/quadruped_base/quadruped_joint.h
[9.999s] -- Up-to-date symlink: /home/ubuntu/ros2_ws/install/champ/include/champ/quadruped_base/quadruped_leg.h
[10.002s] -- Up-to-date symlink: /home/ubuntu/ros2_ws/install/champ/include/champ/utils/urdf_loader.h
[10.004s] -- Up-to-date symlink: /home/ubuntu/ros2_ws/install/champ/include/champ/utils/xmlrpc_helpers.h
[10.006s] -- Up-to-date symlink: /home/ubuntu/ros2_ws/install/champ/share/ament_index/resource_index/package_run_dependencies/champ
[10.009s] -- Up-to-date symlink: /home/ubuntu/ros2_ws/install/champ/share/ament_index/resource_index/parent_prefix_path/champ
[10.011s] -- Up-to-date symlink: /home/ubuntu/ros2_ws/install/champ/share/champ/environment/ament_prefix_path.sh
[10.013s] -- Up-to-date symlink: /home/ubuntu/ros2_ws/install/champ/share/champ/environment/ament_prefix_path.dsv
[10.015s] -- Up-to-date symlink: /home/ubuntu/ros2_ws/install/champ/share/champ/environment/path.sh
[10.016s] -- Up-to-date symlink: /home/ubuntu/ros2_ws/install/champ/share/champ/environment/path.dsv
[10.019s] -- Up-to-date symlink: /home/ubuntu/ros2_ws/install/champ/share/champ/local_setup.bash
[10.033s] -- Up-to-date symlink: /home/ubuntu/ros2_ws/install/champ/share/champ/local_setup.sh
[10.036s] -- Up-to-date symlink: /home/ubuntu/ros2_ws/install/champ/share/champ/local_setup.zsh
[10.037s] -- Up-to-date symlink: /home/ubuntu/ros2_ws/install/champ/share/champ/local_setup.dsv
[10.038s] -- Symlinking: /home/ubuntu/ros2_ws/install/champ/share/champ/package.dsv
[10.102s] -- Up-to-date symlink: /home/ubuntu/ros2_ws/install/champ/share/ament_index/resource_index/packages/champ
[10.105s] -- Up-to-date symlink: /home/ubuntu/ros2_ws/install/champ/share/champ/cmake/ament_cmake_export_include_directories-extras.cmake
[10.107s] -- Up-to-date symlink: /home/ubuntu/ros2_ws/install/champ/share/champ/cmake/champConfig.cmake
[10.109s] -- Up-to-date symlink: /home/ubuntu/ros2_ws/install/champ/share/champ/cmake/champConfig-version.cmake
[10.111s] -- Up-to-date symlink: /home/ubuntu/ros2_ws/install/champ/share/champ/package.xml
[10.129s] Invoked command in '/home/ubuntu/ros2_ws/build/champ' returned '0': CMAKE_PREFIX_PATH=${CMAKE_PREFIX_PATH}:/home/ubuntu/ros2_ws/install/lab2task4:/home/ubuntu/ros2_ws/install/go_pupper_srv:/home/ubuntu/ros2_ws/install/mini_pupper_music:/home/ubuntu/ros2_ws/install/mini_pupper_dance:/home/ubuntu/ros2_ws/install/mini_pupper_driver:/opt/ros/humble /usr/bin/cmake --install /home/ubuntu/ros2_ws/build/champ
