[0.226s] Invoking command in '/home/ubuntu/ros2_ws/build/champ_msgs': CMAKE_PREFIX_PATH=${CMAKE_PREFIX_PATH}:/home/ubuntu/ros2_ws/install/lab2task4:/home/ubuntu/ros2_ws/install/go_pupper_srv:/home/ubuntu/ros2_ws/install/mini_pupper_music:/home/ubuntu/ros2_ws/install/mini_pupper_dance:/home/ubuntu/ros2_ws/install/mini_pupper_driver:/opt/ros/humble /usr/bin/cmake /home/ubuntu/ros2_ws/src/champ/champ/champ_msgs -DCMAKE_INSTALL_PREFIX=/home/ubuntu/ros2_ws/install/champ_msgs
[0.657s] -- Found ament_cmake: 1.3.8 (/opt/ros/humble/share/ament_cmake/cmake)
[2.168s] -- Override CMake install command with custom implementation using symlinks instead of copying resources
[2.414s] -- Found rosidl_default_generators: 1.2.0 (/opt/ros/humble/share/rosidl_default_generators/cmake)
[2.460s] -- Using all available rosidl_typesupport_c: rosidl_typesupport_fastrtps_c;rosidl_typesupport_introspection_c
[2.537s] -- Found rosidl_adapter: 3.1.5 (/opt/ros/humble/share/rosidl_adapter/cmake)
[3.208s] -- Using all available rosidl_typesupport_cpp: rosidl_typesupport_fastrtps_cpp;rosidl_typesupport_introspection_cpp
[3.811s] -- Found std_msgs: 4.2.3 (/opt/ros/humble/share/std_msgs/cmake)
[4.374s] -- Found geometry_msgs: 4.2.3 (/opt/ros/humble/share/geometry_msgs/cmake)
[8.293s] -- Found ament_cmake_ros: 0.10.0 (/opt/ros/humble/share/ament_cmake_ros/cmake)
[11.461s] -- Using all available rosidl_typesupport_c: rosidl_typesupport_fastrtps_c;rosidl_typesupport_introspection_c
[14.850s] -- Using all available rosidl_typesupport_cpp: rosidl_typesupport_fastrtps_cpp;rosidl_typesupport_introspection_cpp
[15.162s] -- Found python_cmake_module: 0.10.0 (/opt/ros/humble/share/python_cmake_module/cmake)
[15.394s] -- Using PYTHON_EXECUTABLE: /usr/bin/python3
[15.394s] -- Using PYTHON_INCLUDE_DIRS: /usr/include/python3.10
[15.394s] -- Using PYTHON_LIBRARIES: /usr/lib/aarch64-linux-gnu/libpython3.10.so
[15.751s] -- Found ament_lint_auto: 0.12.10 (/opt/ros/humble/share/ament_lint_auto/cmake)
[16.026s] -- Configuring done
[16.702s] -- Generating done
[16.734s] -- Build files have been written to: /home/ubuntu/ros2_ws/build/champ_msgs
[16.787s] Invoked command in '/home/ubuntu/ros2_ws/build/champ_msgs' returned '0': CMAKE_PREFIX_PATH=${CMAKE_PREFIX_PATH}:/home/ubuntu/ros2_ws/install/lab2task4:/home/ubuntu/ros2_ws/install/go_pupper_srv:/home/ubuntu/ros2_ws/install/mini_pupper_music:/home/ubuntu/ros2_ws/install/mini_pupper_dance:/home/ubuntu/ros2_ws/install/mini_pupper_driver:/opt/ros/humble /usr/bin/cmake /home/ubuntu/ros2_ws/src/champ/champ/champ_msgs -DCMAKE_INSTALL_PREFIX=/home/ubuntu/ros2_ws/install/champ_msgs
[16.792s] Invoking command in '/home/ubuntu/ros2_ws/build/champ_msgs': CMAKE_PREFIX_PATH=${CMAKE_PREFIX_PATH}:/home/ubuntu/ros2_ws/install/lab2task4:/home/ubuntu/ros2_ws/install/go_pupper_srv:/home/ubuntu/ros2_ws/install/mini_pupper_music:/home/ubuntu/ros2_ws/install/mini_pupper_dance:/home/ubuntu/ros2_ws/install/mini_pupper_driver:/opt/ros/humble /usr/bin/cmake --build /home/ubuntu/ros2_ws/build/champ_msgs -- -j4 -l4
[17.207s] [35m[1mConsolidate compiler generated dependencies of target champ_msgs__rosidl_generator_c[0m
[17.290s] [  1%] Built target champ_msgs__cpp
[17.441s] [  1%] Built target ament_cmake_python_symlink_champ_msgs
[17.456s] [35m[1mConsolidate compiler generated dependencies of target champ_msgs__rosidl_typesupport_cpp[0m
[17.463s] [ 12%] Built target champ_msgs__rosidl_generator_c
[17.562s] [35m[1mConsolidate compiler generated dependencies of target champ_msgs__rosidl_typesupport_fastrtps_cpp[0m
[17.566s] [35m[1mConsolidate compiler generated dependencies of target champ_msgs__rosidl_typesupport_introspection_cpp[0m
[17.767s] [ 24%] Built target champ_msgs__rosidl_typesupport_cpp
[17.905s] [ 35%] Built target champ_msgs__rosidl_typesupport_fastrtps_cpp
[17.916s] [ 47%] Built target champ_msgs__rosidl_typesupport_introspection_cpp
[18.021s] [35m[1mConsolidate compiler generated dependencies of target champ_msgs__rosidl_typesupport_fastrtps_c[0m
[18.135s] [35m[1mConsolidate compiler generated dependencies of target champ_msgs__rosidl_typesupport_introspection_c[0m
[18.220s] [35m[1mConsolidate compiler generated dependencies of target champ_msgs__rosidl_typesupport_c[0m
[18.375s] [ 58%] Built target champ_msgs__rosidl_typesupport_c
[18.425s] [ 70%] Built target champ_msgs__rosidl_typesupport_introspection_c
[18.502s] [ 82%] Built target champ_msgs__rosidl_typesupport_fastrtps_c
[18.820s] [ 82%] Built target champ_msgs
[19.012s] [ 83%] Built target champ_msgs__py
[19.212s] [35m[1mConsolidate compiler generated dependencies of target champ_msgs__rosidl_generator_py[0m
[19.590s] [ 93%] Built target champ_msgs__rosidl_generator_py
[19.813s] [35m[1mConsolidate compiler generated dependencies of target champ_msgs__rosidl_typesupport_fastrtps_c__pyext[0m
[19.837s] [35m[1mConsolidate compiler generated dependencies of target champ_msgs__rosidl_typesupport_c__pyext[0m
[19.881s] [35m[1mConsolidate compiler generated dependencies of target champ_msgs__rosidl_typesupport_introspection_c__pyext[0m
[20.004s] [ 95%] Built target champ_msgs__rosidl_typesupport_fastrtps_c__pyext
[20.107s] [ 97%] Built target champ_msgs__rosidl_typesupport_introspection_c__pyext
[20.139s] [100%] Built target champ_msgs__rosidl_typesupport_c__pyext
[21.611s] running egg_info
[21.619s] writing champ_msgs.egg-info/PKG-INFO
[21.622s] writing dependency_links to champ_msgs.egg-info/dependency_links.txt
[21.626s] writing top-level names to champ_msgs.egg-info/top_level.txt
[21.655s] reading manifest file 'champ_msgs.egg-info/SOURCES.txt'
[21.675s] writing manifest file 'champ_msgs.egg-info/SOURCES.txt'
[21.948s] [100%] Built target ament_cmake_python_build_champ_msgs_egg
[22.124s] Invoked command in '/home/ubuntu/ros2_ws/build/champ_msgs' returned '0': CMAKE_PREFIX_PATH=${CMAKE_PREFIX_PATH}:/home/ubuntu/ros2_ws/install/lab2task4:/home/ubuntu/ros2_ws/install/go_pupper_srv:/home/ubuntu/ros2_ws/install/mini_pupper_music:/home/ubuntu/ros2_ws/install/mini_pupper_dance:/home/ubuntu/ros2_ws/install/mini_pupper_driver:/opt/ros/humble /usr/bin/cmake --build /home/ubuntu/ros2_ws/build/champ_msgs -- -j4 -l4
[28.553s] Invoking command in '/home/ubuntu/ros2_ws/build/champ_msgs': CMAKE_PREFIX_PATH=${CMAKE_PREFIX_PATH}:/home/ubuntu/ros2_ws/install/lab2task4:/home/ubuntu/ros2_ws/install/go_pupper_srv:/home/ubuntu/ros2_ws/install/mini_pupper_music:/home/ubuntu/ros2_ws/install/mini_pupper_dance:/home/ubuntu/ros2_ws/install/mini_pupper_driver:/opt/ros/humble /usr/bin/cmake --install /home/ubuntu/ros2_ws/build/champ_msgs
[28.646s] -- Install configuration: ""
[28.649s] -- Execute custom install script
[28.650s] -- Up-to-date symlink: /home/ubuntu/ros2_ws/install/champ_msgs/share/ament_index/resource_index/rosidl_interfaces/champ_msgs
[28.651s] -- Up-to-date symlink: /home/ubuntu/ros2_ws/install/champ_msgs/include/champ_msgs/champ_msgs/msg/contacts.h
[28.651s] -- Up-to-date symlink: /home/ubuntu/ros2_ws/install/champ_msgs/include/champ_msgs/champ_msgs/msg/contacts_stamped.h
[28.656s] -- Up-to-date symlink: /home/ubuntu/ros2_ws/install/champ_msgs/include/champ_msgs/champ_msgs/msg/detail/contacts__functions.h
[28.657s] -- Up-to-date symlink: /home/ubuntu/ros2_ws/install/champ_msgs/include/champ_msgs/champ_msgs/msg/detail/contacts__struct.h
[28.659s] -- Up-to-date symlink: /home/ubuntu/ros2_ws/install/champ_msgs/include/champ_msgs/champ_msgs/msg/detail/contacts__type_support.h
[28.661s] -- Up-to-date symlink: /home/ubuntu/ros2_ws/install/champ_msgs/include/champ_msgs/champ_msgs/msg/detail/contacts_stamped__functions.h
[28.663s] -- Up-to-date symlink: /home/ubuntu/ros2_ws/install/champ_msgs/include/champ_msgs/champ_msgs/msg/detail/contacts_stamped__struct.h
[28.665s] -- Up-to-date symlink: /home/ubuntu/ros2_ws/install/champ_msgs/include/champ_msgs/champ_msgs/msg/detail/contacts_stamped__type_support.h
[28.668s] -- Up-to-date symlink: /home/ubuntu/ros2_ws/install/champ_msgs/include/champ_msgs/champ_msgs/msg/detail/imu__functions.h
[28.672s] -- Up-to-date symlink: /home/ubuntu/ros2_ws/install/champ_msgs/include/champ_msgs/champ_msgs/msg/detail/imu__struct.h
[28.673s] -- Up-to-date symlink: /home/ubuntu/ros2_ws/install/champ_msgs/include/champ_msgs/champ_msgs/msg/detail/imu__type_support.h
[28.674s] -- Up-to-date symlink: /home/ubuntu/ros2_ws/install/champ_msgs/include/champ_msgs/champ_msgs/msg/detail/joints__functions.h
[28.675s] -- Up-to-date symlink: /home/ubuntu/ros2_ws/install/champ_msgs/include/champ_msgs/champ_msgs/msg/detail/joints__struct.h
[28.678s] -- Up-to-date symlink: /home/ubuntu/ros2_ws/install/champ_msgs/include/champ_msgs/champ_msgs/msg/detail/joints__type_support.h
[28.680s] -- Up-to-date symlink: /home/ubuntu/ros2_ws/install/champ_msgs/include/champ_msgs/champ_msgs/msg/detail/pid__functions.h
[28.682s] -- Up-to-date symlink: /home/ubuntu/ros2_ws/install/champ_msgs/include/champ_msgs/champ_msgs/msg/detail/pid__struct.h
[28.684s] -- Up-to-date symlink: /home/ubuntu/ros2_ws/install/champ_msgs/include/champ_msgs/champ_msgs/msg/detail/pid__type_support.h
[28.688s] -- Up-to-date symlink: /home/ubuntu/ros2_ws/install/champ_msgs/include/champ_msgs/champ_msgs/msg/detail/point__functions.h
[28.689s] -- Up-to-date symlink: /home/ubuntu/ros2_ws/install/champ_msgs/include/champ_msgs/champ_msgs/msg/detail/point__struct.h
[28.690s] -- Up-to-date symlink: /home/ubuntu/ros2_ws/install/champ_msgs/include/champ_msgs/champ_msgs/msg/detail/point__type_support.h
[28.693s] -- Up-to-date symlink: /home/ubuntu/ros2_ws/install/champ_msgs/include/champ_msgs/champ_msgs/msg/detail/point_array__functions.h
[28.695s] -- Up-to-date symlink: /home/ubuntu/ros2_ws/install/champ_msgs/include/champ_msgs/champ_msgs/msg/detail/point_array__struct.h
[28.697s] -- Up-to-date symlink: /home/ubuntu/ros2_ws/install/champ_msgs/include/champ_msgs/champ_msgs/msg/detail/point_array__type_support.h
[28.699s] -- Up-to-date symlink: /home/ubuntu/ros2_ws/install/champ_msgs/include/champ_msgs/champ_msgs/msg/detail/pose__functions.h
[28.701s] -- Up-to-date symlink: /home/ubuntu/ros2_ws/install/champ_msgs/include/champ_msgs/champ_msgs/msg/detail/pose__struct.h
[28.705s] -- Up-to-date symlink: /home/ubuntu/ros2_ws/install/champ_msgs/include/champ_msgs/champ_msgs/msg/detail/pose__type_support.h
[28.711s] -- Up-to-date symlink: /home/ubuntu/ros2_ws/install/champ_msgs/include/champ_msgs/champ_msgs/msg/detail/velocities__functions.h
[28.713s] -- Up-to-date symlink: /home/ubuntu/ros2_ws/install/champ_msgs/include/champ_msgs/champ_msgs/msg/detail/velocities__struct.h
[28.715s] -- Up-to-date symlink: /home/ubuntu/ros2_ws/install/champ_msgs/include/champ_msgs/champ_msgs/msg/detail/velocities__type_support.h
[28.717s] -- Up-to-date symlink: /home/ubuntu/ros2_ws/install/champ_msgs/include/champ_msgs/champ_msgs/msg/imu.h
[28.719s] -- Up-to-date symlink: /home/ubuntu/ros2_ws/install/champ_msgs/include/champ_msgs/champ_msgs/msg/joints.h
[28.721s] -- Up-to-date symlink: /home/ubuntu/ros2_ws/install/champ_msgs/include/champ_msgs/champ_msgs/msg/pid.h
[28.724s] -- Up-to-date symlink: /home/ubuntu/ros2_ws/install/champ_msgs/include/champ_msgs/champ_msgs/msg/point.h
[28.726s] -- Up-to-date symlink: /home/ubuntu/ros2_ws/install/champ_msgs/include/champ_msgs/champ_msgs/msg/point_array.h
[28.728s] -- Up-to-date symlink: /home/ubuntu/ros2_ws/install/champ_msgs/include/champ_msgs/champ_msgs/msg/pose.h
[28.731s] -- Up-to-date symlink: /home/ubuntu/ros2_ws/install/champ_msgs/include/champ_msgs/champ_msgs/msg/rosidl_generator_c__visibility_control.h
[28.745s] -- Up-to-date symlink: /home/ubuntu/ros2_ws/install/champ_msgs/include/champ_msgs/champ_msgs/msg/velocities.h
[28.749s] -- Up-to-date symlink: /home/ubuntu/ros2_ws/install/champ_msgs/share/champ_msgs/environment/library_path.sh
[28.750s] -- Up-to-date symlink: /home/ubuntu/ros2_ws/install/champ_msgs/share/champ_msgs/environment/library_path.dsv
[28.761s] -- Up-to-date symlink: /home/ubuntu/ros2_ws/install/champ_msgs/include/champ_msgs/champ_msgs/msg/detail/contacts__rosidl_typesupport_fastrtps_c.h
[28.764s] -- Up-to-date symlink: /home/ubuntu/ros2_ws/install/champ_msgs/include/champ_msgs/champ_msgs/msg/detail/contacts_stamped__rosidl_typesupport_fastrtps_c.h
[28.767s] -- Up-to-date symlink: /home/ubuntu/ros2_ws/install/champ_msgs/include/champ_msgs/champ_msgs/msg/detail/imu__rosidl_typesupport_fastrtps_c.h
[28.770s] -- Up-to-date symlink: /home/ubuntu/ros2_ws/install/champ_msgs/include/champ_msgs/champ_msgs/msg/detail/joints__rosidl_typesupport_fastrtps_c.h
[28.773s] -- Up-to-date symlink: /home/ubuntu/ros2_ws/install/champ_msgs/include/champ_msgs/champ_msgs/msg/detail/pid__rosidl_typesupport_fastrtps_c.h
[28.776s] -- Up-to-date symlink: /home/ubuntu/ros2_ws/install/champ_msgs/include/champ_msgs/champ_msgs/msg/detail/point__rosidl_typesupport_fastrtps_c.h
[28.779s] -- Up-to-date symlink: /home/ubuntu/ros2_ws/install/champ_msgs/include/champ_msgs/champ_msgs/msg/detail/point_array__rosidl_typesupport_fastrtps_c.h
[28.782s] -- Up-to-date symlink: /home/ubuntu/ros2_ws/install/champ_msgs/include/champ_msgs/champ_msgs/msg/detail/pose__rosidl_typesupport_fastrtps_c.h
[28.785s] -- Up-to-date symlink: /home/ubuntu/ros2_ws/install/champ_msgs/include/champ_msgs/champ_msgs/msg/detail/velocities__rosidl_typesupport_fastrtps_c.h
[28.789s] -- Up-to-date symlink: /home/ubuntu/ros2_ws/install/champ_msgs/include/champ_msgs/champ_msgs/msg/rosidl_typesupport_fastrtps_c__visibility_control.h
[28.797s] -- Up-to-date symlink: /home/ubuntu/ros2_ws/install/champ_msgs/include/champ_msgs/champ_msgs/msg/detail/contacts__rosidl_typesupport_introspection_c.h
[28.800s] -- Up-to-date symlink: /home/ubuntu/ros2_ws/install/champ_msgs/include/champ_msgs/champ_msgs/msg/detail/contacts_stamped__rosidl_typesupport_introspection_c.h
[28.803s] -- Up-to-date symlink: /home/ubuntu/ros2_ws/install/champ_msgs/include/champ_msgs/champ_msgs/msg/detail/imu__rosidl_typesupport_introspection_c.h
[28.807s] -- Up-to-date symlink: /home/ubuntu/ros2_ws/install/champ_msgs/include/champ_msgs/champ_msgs/msg/detail/joints__rosidl_typesupport_introspection_c.h
[28.810s] -- Up-to-date symlink: /home/ubuntu/ros2_ws/install/champ_msgs/include/champ_msgs/champ_msgs/msg/detail/pid__rosidl_typesupport_introspection_c.h
[28.813s] -- Up-to-date symlink: /home/ubuntu/ros2_ws/install/champ_msgs/include/champ_msgs/champ_msgs/msg/detail/point__rosidl_typesupport_introspection_c.h
[28.816s] -- Up-to-date symlink: /home/ubuntu/ros2_ws/install/champ_msgs/include/champ_msgs/champ_msgs/msg/detail/point_array__rosidl_typesupport_introspection_c.h
[28.819s] -- Up-to-date symlink: /home/ubuntu/ros2_ws/install/champ_msgs/include/champ_msgs/champ_msgs/msg/detail/pose__rosidl_typesupport_introspection_c.h
[28.823s] -- Up-to-date symlink: /home/ubuntu/ros2_ws/install/champ_msgs/include/champ_msgs/champ_msgs/msg/detail/velocities__rosidl_typesupport_introspection_c.h
[28.826s] -- Up-to-date symlink: /home/ubuntu/ros2_ws/install/champ_msgs/include/champ_msgs/champ_msgs/msg/rosidl_typesupport_introspection_c__visibility_control.h
[28.837s] -- Up-to-date symlink: /home/ubuntu/ros2_ws/install/champ_msgs/include/champ_msgs/champ_msgs/msg/contacts.hpp
[28.840s] -- Up-to-date symlink: /home/ubuntu/ros2_ws/install/champ_msgs/include/champ_msgs/champ_msgs/msg/contacts_stamped.hpp
[28.843s] -- Up-to-date symlink: /home/ubuntu/ros2_ws/install/champ_msgs/include/champ_msgs/champ_msgs/msg/detail/contacts__builder.hpp
[28.846s] -- Up-to-date symlink: /home/ubuntu/ros2_ws/install/champ_msgs/include/champ_msgs/champ_msgs/msg/detail/contacts__struct.hpp
[28.850s] -- Up-to-date symlink: /home/ubuntu/ros2_ws/install/champ_msgs/include/champ_msgs/champ_msgs/msg/detail/contacts__traits.hpp
[28.853s] -- Up-to-date symlink: /home/ubuntu/ros2_ws/install/champ_msgs/include/champ_msgs/champ_msgs/msg/detail/contacts_stamped__builder.hpp
[28.856s] -- Up-to-date symlink: /home/ubuntu/ros2_ws/install/champ_msgs/include/champ_msgs/champ_msgs/msg/detail/contacts_stamped__struct.hpp
[28.859s] -- Up-to-date symlink: /home/ubuntu/ros2_ws/install/champ_msgs/include/champ_msgs/champ_msgs/msg/detail/contacts_stamped__traits.hpp
[28.862s] -- Up-to-date symlink: /home/ubuntu/ros2_ws/install/champ_msgs/include/champ_msgs/champ_msgs/msg/detail/imu__builder.hpp
[28.865s] -- Up-to-date symlink: /home/ubuntu/ros2_ws/install/champ_msgs/include/champ_msgs/champ_msgs/msg/detail/imu__struct.hpp
[28.868s] -- Up-to-date symlink: /home/ubuntu/ros2_ws/install/champ_msgs/include/champ_msgs/champ_msgs/msg/detail/imu__traits.hpp
[28.870s] -- Up-to-date symlink: /home/ubuntu/ros2_ws/install/champ_msgs/include/champ_msgs/champ_msgs/msg/detail/joints__builder.hpp
[28.874s] -- Up-to-date symlink: /home/ubuntu/ros2_ws/install/champ_msgs/include/champ_msgs/champ_msgs/msg/detail/joints__struct.hpp
[28.877s] -- Up-to-date symlink: /home/ubuntu/ros2_ws/install/champ_msgs/include/champ_msgs/champ_msgs/msg/detail/joints__traits.hpp
[28.879s] -- Up-to-date symlink: /home/ubuntu/ros2_ws/install/champ_msgs/include/champ_msgs/champ_msgs/msg/detail/pid__builder.hpp
[28.882s] -- Up-to-date symlink: /home/ubuntu/ros2_ws/install/champ_msgs/include/champ_msgs/champ_msgs/msg/detail/pid__struct.hpp
[28.885s] -- Up-to-date symlink: /home/ubuntu/ros2_ws/install/champ_msgs/include/champ_msgs/champ_msgs/msg/detail/pid__traits.hpp
[28.888s] -- Up-to-date symlink: /home/ubuntu/ros2_ws/install/champ_msgs/include/champ_msgs/champ_msgs/msg/detail/point__builder.hpp
[28.891s] -- Up-to-date symlink: /home/ubuntu/ros2_ws/install/champ_msgs/include/champ_msgs/champ_msgs/msg/detail/point__struct.hpp
[28.895s] -- Up-to-date symlink: /home/ubuntu/ros2_ws/install/champ_msgs/include/champ_msgs/champ_msgs/msg/detail/point__traits.hpp
[28.898s] -- Up-to-date symlink: /home/ubuntu/ros2_ws/install/champ_msgs/include/champ_msgs/champ_msgs/msg/detail/point_array__builder.hpp
[28.901s] -- Up-to-date symlink: /home/ubuntu/ros2_ws/install/champ_msgs/include/champ_msgs/champ_msgs/msg/detail/point_array__struct.hpp
[28.906s] -- Up-to-date symlink: /home/ubuntu/ros2_ws/install/champ_msgs/include/champ_msgs/champ_msgs/msg/detail/point_array__traits.hpp
[28.913s] -- Up-to-date symlink: /home/ubuntu/ros2_ws/install/champ_msgs/include/champ_msgs/champ_msgs/msg/detail/pose__builder.hpp
[28.915s] -- Up-to-date symlink: /home/ubuntu/ros2_ws/install/champ_msgs/include/champ_msgs/champ_msgs/msg/detail/pose__struct.hpp
[28.919s] -- Up-to-date symlink: /home/ubuntu/ros2_ws/install/champ_msgs/include/champ_msgs/champ_msgs/msg/detail/pose__traits.hpp
[28.922s] -- Up-to-date symlink: /home/ubuntu/ros2_ws/install/champ_msgs/include/champ_msgs/champ_msgs/msg/detail/velocities__builder.hpp
[28.925s] -- Up-to-date symlink: /home/ubuntu/ros2_ws/install/champ_msgs/include/champ_msgs/champ_msgs/msg/detail/velocities__struct.hpp
[28.928s] -- Up-to-date symlink: /home/ubuntu/ros2_ws/install/champ_msgs/include/champ_msgs/champ_msgs/msg/detail/velocities__traits.hpp
[28.933s] -- Up-to-date symlink: /home/ubuntu/ros2_ws/install/champ_msgs/include/champ_msgs/champ_msgs/msg/imu.hpp
[28.936s] -- Up-to-date symlink: /home/ubuntu/ros2_ws/install/champ_msgs/include/champ_msgs/champ_msgs/msg/joints.hpp
[28.939s] -- Up-to-date symlink: /home/ubuntu/ros2_ws/install/champ_msgs/include/champ_msgs/champ_msgs/msg/pid.hpp
[28.941s] -- Up-to-date symlink: /home/ubuntu/ros2_ws/install/champ_msgs/include/champ_msgs/champ_msgs/msg/point.hpp
[28.944s] -- Up-to-date symlink: /home/ubuntu/ros2_ws/install/champ_msgs/include/champ_msgs/champ_msgs/msg/point_array.hpp
[28.947s] -- Up-to-date symlink: /home/ubuntu/ros2_ws/install/champ_msgs/include/champ_msgs/champ_msgs/msg/pose.hpp
[28.951s] -- Up-to-date symlink: /home/ubuntu/ros2_ws/install/champ_msgs/include/champ_msgs/champ_msgs/msg/velocities.hpp
[28.964s] -- Up-to-date symlink: /home/ubuntu/ros2_ws/install/champ_msgs/include/champ_msgs/champ_msgs/msg/detail/contacts__rosidl_typesupport_fastrtps_cpp.hpp
[28.969s] -- Up-to-date symlink: /home/ubuntu/ros2_ws/install/champ_msgs/include/champ_msgs/champ_msgs/msg/detail/contacts_stamped__rosidl_typesupport_fastrtps_cpp.hpp
[28.972s] -- Up-to-date symlink: /home/ubuntu/ros2_ws/install/champ_msgs/include/champ_msgs/champ_msgs/msg/detail/imu__rosidl_typesupport_fastrtps_cpp.hpp
[28.975s] -- Up-to-date symlink: /home/ubuntu/ros2_ws/install/champ_msgs/include/champ_msgs/champ_msgs/msg/detail/joints__rosidl_typesupport_fastrtps_cpp.hpp
[28.979s] -- Up-to-date symlink: /home/ubuntu/ros2_ws/install/champ_msgs/include/champ_msgs/champ_msgs/msg/detail/pid__rosidl_typesupport_fastrtps_cpp.hpp
[28.982s] -- Up-to-date symlink: /home/ubuntu/ros2_ws/install/champ_msgs/include/champ_msgs/champ_msgs/msg/detail/point__rosidl_typesupport_fastrtps_cpp.hpp
[28.985s] -- Up-to-date symlink: /home/ubuntu/ros2_ws/install/champ_msgs/include/champ_msgs/champ_msgs/msg/detail/point_array__rosidl_typesupport_fastrtps_cpp.hpp
[28.989s] -- Up-to-date symlink: /home/ubuntu/ros2_ws/install/champ_msgs/include/champ_msgs/champ_msgs/msg/detail/pose__rosidl_typesupport_fastrtps_cpp.hpp
[28.992s] -- Up-to-date symlink: /home/ubuntu/ros2_ws/install/champ_msgs/include/champ_msgs/champ_msgs/msg/detail/velocities__rosidl_typesupport_fastrtps_cpp.hpp
[28.995s] -- Up-to-date symlink: /home/ubuntu/ros2_ws/install/champ_msgs/include/champ_msgs/champ_msgs/msg/rosidl_typesupport_fastrtps_cpp__visibility_control.h
[29.003s] -- Up-to-date symlink: /home/ubuntu/ros2_ws/install/champ_msgs/include/champ_msgs/champ_msgs/msg/detail/contacts__rosidl_typesupport_introspection_cpp.hpp
[29.008s] -- Up-to-date symlink: /home/ubuntu/ros2_ws/install/champ_msgs/include/champ_msgs/champ_msgs/msg/detail/contacts_stamped__rosidl_typesupport_introspection_cpp.hpp
[29.012s] -- Up-to-date symlink: /home/ubuntu/ros2_ws/install/champ_msgs/include/champ_msgs/champ_msgs/msg/detail/imu__rosidl_typesupport_introspection_cpp.hpp
[29.015s] -- Up-to-date symlink: /home/ubuntu/ros2_ws/install/champ_msgs/include/champ_msgs/champ_msgs/msg/detail/joints__rosidl_typesupport_introspection_cpp.hpp
[29.019s] -- Up-to-date symlink: /home/ubuntu/ros2_ws/install/champ_msgs/include/champ_msgs/champ_msgs/msg/detail/pid__rosidl_typesupport_introspection_cpp.hpp
[29.022s] -- Up-to-date symlink: /home/ubuntu/ros2_ws/install/champ_msgs/include/champ_msgs/champ_msgs/msg/detail/point__rosidl_typesupport_introspection_cpp.hpp
[29.025s] -- Up-to-date symlink: /home/ubuntu/ros2_ws/install/champ_msgs/include/champ_msgs/champ_msgs/msg/detail/point_array__rosidl_typesupport_introspection_cpp.hpp
[29.029s] -- Up-to-date symlink: /home/ubuntu/ros2_ws/install/champ_msgs/include/champ_msgs/champ_msgs/msg/detail/pose__rosidl_typesupport_introspection_cpp.hpp
[29.033s] -- Up-to-date symlink: /home/ubuntu/ros2_ws/install/champ_msgs/include/champ_msgs/champ_msgs/msg/detail/velocities__rosidl_typesupport_introspection_cpp.hpp
[29.037s] -- Up-to-date symlink: /home/ubuntu/ros2_ws/install/champ_msgs/share/champ_msgs/environment/pythonpath.sh
[29.039s] -- Up-to-date symlink: /home/ubuntu/ros2_ws/install/champ_msgs/share/champ_msgs/environment/pythonpath.dsv
[29.047s] -- Up-to-date symlink: /home/ubuntu/ros2_ws/install/champ_msgs/local/lib/python3.10/dist-packages/champ_msgs-0.1.0-py3.10.egg-info/PKG-INFO
[29.051s] -- Up-to-date symlink: /home/ubuntu/ros2_ws/install/champ_msgs/local/lib/python3.10/dist-packages/champ_msgs-0.1.0-py3.10.egg-info/SOURCES.txt
[29.053s] -- Up-to-date symlink: /home/ubuntu/ros2_ws/install/champ_msgs/local/lib/python3.10/dist-packages/champ_msgs-0.1.0-py3.10.egg-info/dependency_links.txt
[29.057s] -- Up-to-date symlink: /home/ubuntu/ros2_ws/install/champ_msgs/local/lib/python3.10/dist-packages/champ_msgs-0.1.0-py3.10.egg-info/top_level.txt
[29.073s] -- Up-to-date symlink: /home/ubuntu/ros2_ws/install/champ_msgs/local/lib/python3.10/dist-packages/champ_msgs/__init__.py
[29.076s] -- Up-to-date symlink: /home/ubuntu/ros2_ws/install/champ_msgs/local/lib/python3.10/dist-packages/champ_msgs/_champ_msgs_s.ep.rosidl_typesupport_c.c
[29.079s] -- Up-to-date symlink: /home/ubuntu/ros2_ws/install/champ_msgs/local/lib/python3.10/dist-packages/champ_msgs/_champ_msgs_s.ep.rosidl_typesupport_fastrtps_c.c
[29.082s] -- Up-to-date symlink: /home/ubuntu/ros2_ws/install/champ_msgs/local/lib/python3.10/dist-packages/champ_msgs/_champ_msgs_s.ep.rosidl_typesupport_introspection_c.c
[29.085s] -- Up-to-date symlink: /home/ubuntu/ros2_ws/install/champ_msgs/local/lib/python3.10/dist-packages/champ_msgs/champ_msgs_s__rosidl_typesupport_c.cpython-310-aarch64-linux-gnu.so
[29.087s] -- Up-to-date symlink: /home/ubuntu/ros2_ws/install/champ_msgs/local/lib/python3.10/dist-packages/champ_msgs/champ_msgs_s__rosidl_typesupport_fastrtps_c.cpython-310-aarch64-linux-gnu.so
[29.090s] -- Up-to-date symlink: /home/ubuntu/ros2_ws/install/champ_msgs/local/lib/python3.10/dist-packages/champ_msgs/champ_msgs_s__rosidl_typesupport_introspection_c.cpython-310-aarch64-linux-gnu.so
[29.094s] -- Up-to-date symlink: /home/ubuntu/ros2_ws/install/champ_msgs/local/lib/python3.10/dist-packages/champ_msgs/libchamp_msgs__rosidl_generator_py.so
[29.098s] -- Up-to-date symlink: /home/ubuntu/ros2_ws/install/champ_msgs/local/lib/python3.10/dist-packages/champ_msgs/msg/__init__.py
[29.102s] -- Up-to-date symlink: /home/ubuntu/ros2_ws/install/champ_msgs/local/lib/python3.10/dist-packages/champ_msgs/msg/_contacts.py
[29.106s] -- Up-to-date symlink: /home/ubuntu/ros2_ws/install/champ_msgs/local/lib/python3.10/dist-packages/champ_msgs/msg/_contacts_s.c
[29.109s] -- Up-to-date symlink: /home/ubuntu/ros2_ws/install/champ_msgs/local/lib/python3.10/dist-packages/champ_msgs/msg/_contacts_stamped.py
[29.112s] -- Up-to-date symlink: /home/ubuntu/ros2_ws/install/champ_msgs/local/lib/python3.10/dist-packages/champ_msgs/msg/_contacts_stamped_s.c
[29.115s] -- Up-to-date symlink: /home/ubuntu/ros2_ws/install/champ_msgs/local/lib/python3.10/dist-packages/champ_msgs/msg/_imu.py
[29.119s] -- Up-to-date symlink: /home/ubuntu/ros2_ws/install/champ_msgs/local/lib/python3.10/dist-packages/champ_msgs/msg/_imu_s.c
[29.122s] -- Up-to-date symlink: /home/ubuntu/ros2_ws/install/champ_msgs/local/lib/python3.10/dist-packages/champ_msgs/msg/_joints.py
[29.125s] -- Up-to-date symlink: /home/ubuntu/ros2_ws/install/champ_msgs/local/lib/python3.10/dist-packages/champ_msgs/msg/_joints_s.c
[29.128s] -- Up-to-date symlink: /home/ubuntu/ros2_ws/install/champ_msgs/local/lib/python3.10/dist-packages/champ_msgs/msg/_pid.py
[29.133s] -- Up-to-date symlink: /home/ubuntu/ros2_ws/install/champ_msgs/local/lib/python3.10/dist-packages/champ_msgs/msg/_pid_s.c
[29.136s] -- Up-to-date symlink: /home/ubuntu/ros2_ws/install/champ_msgs/local/lib/python3.10/dist-packages/champ_msgs/msg/_point.py
[29.139s] -- Up-to-date symlink: /home/ubuntu/ros2_ws/install/champ_msgs/local/lib/python3.10/dist-packages/champ_msgs/msg/_point_array.py
[29.142s] -- Up-to-date symlink: /home/ubuntu/ros2_ws/install/champ_msgs/local/lib/python3.10/dist-packages/champ_msgs/msg/_point_array_s.c
[29.144s] -- Up-to-date symlink: /home/ubuntu/ros2_ws/install/champ_msgs/local/lib/python3.10/dist-packages/champ_msgs/msg/_point_s.c
[29.147s] -- Up-to-date symlink: /home/ubuntu/ros2_ws/install/champ_msgs/local/lib/python3.10/dist-packages/champ_msgs/msg/_pose.py
[29.151s] -- Up-to-date symlink: /home/ubuntu/ros2_ws/install/champ_msgs/local/lib/python3.10/dist-packages/champ_msgs/msg/_pose_s.c
[29.154s] -- Up-to-date symlink: /home/ubuntu/ros2_ws/install/champ_msgs/local/lib/python3.10/dist-packages/champ_msgs/msg/_velocities.py
[29.157s] -- Up-to-date symlink: /home/ubuntu/ros2_ws/install/champ_msgs/local/lib/python3.10/dist-packages/champ_msgs/msg/_velocities_s.c
[29.162s] -- Up-to-date symlink: /home/ubuntu/ros2_ws/install/champ_msgs/local/lib/python3.10/dist-packages/champ_msgs/champ_msgs_s__rosidl_typesupport_fastrtps_c.cpython-310-aarch64-linux-gnu.so
[29.165s] -- Up-to-date symlink: /home/ubuntu/ros2_ws/install/champ_msgs/local/lib/python3.10/dist-packages/champ_msgs/champ_msgs_s__rosidl_typesupport_introspection_c.cpython-310-aarch64-linux-gnu.so
[29.170s] -- Up-to-date symlink: /home/ubuntu/ros2_ws/install/champ_msgs/local/lib/python3.10/dist-packages/champ_msgs/champ_msgs_s__rosidl_typesupport_c.cpython-310-aarch64-linux-gnu.so
[29.175s] -- Up-to-date symlink: /home/ubuntu/ros2_ws/install/champ_msgs/share/champ_msgs/msg/Velocities.idl
[29.178s] -- Up-to-date symlink: /home/ubuntu/ros2_ws/install/champ_msgs/share/champ_msgs/msg/PID.idl
[29.181s] -- Up-to-date symlink: /home/ubuntu/ros2_ws/install/champ_msgs/share/champ_msgs/msg/Imu.idl
[29.185s] -- Up-to-date symlink: /home/ubuntu/ros2_ws/install/champ_msgs/share/champ_msgs/msg/Point.idl
[29.188s] -- Up-to-date symlink: /home/ubuntu/ros2_ws/install/champ_msgs/share/champ_msgs/msg/PointArray.idl
[29.192s] -- Up-to-date symlink: /home/ubuntu/ros2_ws/install/champ_msgs/share/champ_msgs/msg/Joints.idl
[29.196s] -- Up-to-date symlink: /home/ubuntu/ros2_ws/install/champ_msgs/share/champ_msgs/msg/Contacts.idl
[29.198s] -- Up-to-date symlink: /home/ubuntu/ros2_ws/install/champ_msgs/share/champ_msgs/msg/ContactsStamped.idl
[29.201s] -- Up-to-date symlink: /home/ubuntu/ros2_ws/install/champ_msgs/share/champ_msgs/msg/Pose.idl
[29.203s] -- Up-to-date symlink: /home/ubuntu/ros2_ws/install/champ_msgs/share/champ_msgs/msg/Velocities.msg
[29.205s] -- Up-to-date symlink: /home/ubuntu/ros2_ws/install/champ_msgs/share/champ_msgs/msg/PID.msg
[29.206s] -- Up-to-date symlink: /home/ubuntu/ros2_ws/install/champ_msgs/share/champ_msgs/msg/Imu.msg
[29.209s] -- Up-to-date symlink: /home/ubuntu/ros2_ws/install/champ_msgs/share/champ_msgs/msg/Point.msg
[29.211s] -- Up-to-date symlink: /home/ubuntu/ros2_ws/install/champ_msgs/share/champ_msgs/msg/PointArray.msg
[29.214s] -- Up-to-date symlink: /home/ubuntu/ros2_ws/install/champ_msgs/share/champ_msgs/msg/Joints.msg
[29.217s] -- Up-to-date symlink: /home/ubuntu/ros2_ws/install/champ_msgs/share/champ_msgs/msg/Contacts.msg
[29.221s] -- Up-to-date symlink: /home/ubuntu/ros2_ws/install/champ_msgs/share/champ_msgs/msg/ContactsStamped.msg
[29.223s] -- Up-to-date symlink: /home/ubuntu/ros2_ws/install/champ_msgs/share/champ_msgs/msg/Pose.msg
[29.225s] -- Up-to-date symlink: /home/ubuntu/ros2_ws/install/champ_msgs/share/ament_index/resource_index/package_run_dependencies/champ_msgs
[29.229s] -- Up-to-date symlink: /home/ubuntu/ros2_ws/install/champ_msgs/share/ament_index/resource_index/parent_prefix_path/champ_msgs
[29.232s] -- Up-to-date symlink: /home/ubuntu/ros2_ws/install/champ_msgs/share/champ_msgs/environment/ament_prefix_path.sh
[29.235s] -- Up-to-date symlink: /home/ubuntu/ros2_ws/install/champ_msgs/share/champ_msgs/environment/ament_prefix_path.dsv
[29.237s] -- Up-to-date symlink: /home/ubuntu/ros2_ws/install/champ_msgs/share/champ_msgs/environment/path.sh
[29.238s] -- Up-to-date symlink: /home/ubuntu/ros2_ws/install/champ_msgs/share/champ_msgs/environment/path.dsv
[29.240s] -- Up-to-date symlink: /home/ubuntu/ros2_ws/install/champ_msgs/share/champ_msgs/local_setup.bash
[29.243s] -- Up-to-date symlink: /home/ubuntu/ros2_ws/install/champ_msgs/share/champ_msgs/local_setup.sh
[29.245s] -- Up-to-date symlink: /home/ubuntu/ros2_ws/install/champ_msgs/share/champ_msgs/local_setup.zsh
[29.246s] -- Up-to-date symlink: /home/ubuntu/ros2_ws/install/champ_msgs/share/champ_msgs/local_setup.dsv
[29.247s] -- Symlinking: /home/ubuntu/ros2_ws/install/champ_msgs/share/champ_msgs/package.dsv
[29.307s] -- Up-to-date symlink: /home/ubuntu/ros2_ws/install/champ_msgs/share/ament_index/resource_index/packages/champ_msgs
[29.312s] -- Up-to-date symlink: /home/ubuntu/ros2_ws/install/champ_msgs/share/champ_msgs/cmake/rosidl_cmake-extras.cmake
[29.317s] -- Up-to-date symlink: /home/ubuntu/ros2_ws/install/champ_msgs/share/champ_msgs/cmake/ament_cmake_export_dependencies-extras.cmake
[29.322s] -- Up-to-date symlink: /home/ubuntu/ros2_ws/install/champ_msgs/share/champ_msgs/cmake/ament_cmake_export_include_directories-extras.cmake
[29.328s] -- Up-to-date symlink: /home/ubuntu/ros2_ws/install/champ_msgs/share/champ_msgs/cmake/ament_cmake_export_libraries-extras.cmake
[29.334s] -- Up-to-date symlink: /home/ubuntu/ros2_ws/install/champ_msgs/share/champ_msgs/cmake/ament_cmake_export_targets-extras.cmake
[29.339s] -- Up-to-date symlink: /home/ubuntu/ros2_ws/install/champ_msgs/share/champ_msgs/cmake/rosidl_cmake_export_typesupport_targets-extras.cmake
[29.343s] -- Up-to-date symlink: /home/ubuntu/ros2_ws/install/champ_msgs/share/champ_msgs/cmake/rosidl_cmake_export_typesupport_libraries-extras.cmake
[29.347s] -- Up-to-date symlink: /home/ubuntu/ros2_ws/install/champ_msgs/share/champ_msgs/cmake/champ_msgsConfig.cmake
[29.351s] -- Up-to-date symlink: /home/ubuntu/ros2_ws/install/champ_msgs/share/champ_msgs/cmake/champ_msgsConfig-version.cmake
[29.356s] -- Up-to-date symlink: /home/ubuntu/ros2_ws/install/champ_msgs/share/champ_msgs/package.xml
[29.365s] -- Up-to-date: /home/ubuntu/ros2_ws/install/champ_msgs/lib/libchamp_msgs__rosidl_generator_c.so
[29.373s] -- Up-to-date: /home/ubuntu/ros2_ws/install/champ_msgs/lib/libchamp_msgs__rosidl_typesupport_fastrtps_c.so
[29.382s] -- Up-to-date: /home/ubuntu/ros2_ws/install/champ_msgs/lib/libchamp_msgs__rosidl_typesupport_introspection_c.so
[29.390s] -- Up-to-date: /home/ubuntu/ros2_ws/install/champ_msgs/lib/libchamp_msgs__rosidl_typesupport_c.so
[29.398s] -- Up-to-date: /home/ubuntu/ros2_ws/install/champ_msgs/lib/libchamp_msgs__rosidl_typesupport_fastrtps_cpp.so
[29.405s] -- Up-to-date: /home/ubuntu/ros2_ws/install/champ_msgs/lib/libchamp_msgs__rosidl_typesupport_introspection_cpp.so
[29.409s] -- Up-to-date: /home/ubuntu/ros2_ws/install/champ_msgs/lib/libchamp_msgs__rosidl_typesupport_cpp.so
[29.823s] Listing '/home/ubuntu/ros2_ws/install/champ_msgs/local/lib/python3.10/dist-packages/champ_msgs'...
[29.824s] Compiling '/home/ubuntu/ros2_ws/install/champ_msgs/local/lib/python3.10/dist-packages/champ_msgs/__init__.py'...
[29.825s] Listing '/home/ubuntu/ros2_ws/install/champ_msgs/local/lib/python3.10/dist-packages/champ_msgs/msg'...
[29.892s] -- Up-to-date: /home/ubuntu/ros2_ws/install/champ_msgs/lib/libchamp_msgs__rosidl_generator_py.so
[29.906s] -- Up-to-date: /home/ubuntu/ros2_ws/install/champ_msgs/share/champ_msgs/cmake/export_champ_msgs__rosidl_generator_cExport.cmake
[29.907s] -- Up-to-date: /home/ubuntu/ros2_ws/install/champ_msgs/share/champ_msgs/cmake/export_champ_msgs__rosidl_generator_cExport-noconfig.cmake
[29.907s] -- Up-to-date: /home/ubuntu/ros2_ws/install/champ_msgs/share/champ_msgs/cmake/export_champ_msgs__rosidl_typesupport_fastrtps_cExport.cmake
[29.910s] -- Up-to-date: /home/ubuntu/ros2_ws/install/champ_msgs/share/champ_msgs/cmake/export_champ_msgs__rosidl_typesupport_fastrtps_cExport-noconfig.cmake
[29.914s] -- Up-to-date: /home/ubuntu/ros2_ws/install/champ_msgs/share/champ_msgs/cmake/champ_msgs__rosidl_typesupport_introspection_cExport.cmake
[29.916s] -- Up-to-date: /home/ubuntu/ros2_ws/install/champ_msgs/share/champ_msgs/cmake/champ_msgs__rosidl_typesupport_introspection_cExport-noconfig.cmake
[29.920s] -- Up-to-date: /home/ubuntu/ros2_ws/install/champ_msgs/share/champ_msgs/cmake/champ_msgs__rosidl_typesupport_cExport.cmake
[29.922s] -- Up-to-date: /home/ubuntu/ros2_ws/install/champ_msgs/share/champ_msgs/cmake/champ_msgs__rosidl_typesupport_cExport-noconfig.cmake
[29.927s] -- Up-to-date: /home/ubuntu/ros2_ws/install/champ_msgs/share/champ_msgs/cmake/export_champ_msgs__rosidl_generator_cppExport.cmake
[29.931s] -- Up-to-date: /home/ubuntu/ros2_ws/install/champ_msgs/share/champ_msgs/cmake/export_champ_msgs__rosidl_typesupport_fastrtps_cppExport.cmake
[29.934s] -- Up-to-date: /home/ubuntu/ros2_ws/install/champ_msgs/share/champ_msgs/cmake/export_champ_msgs__rosidl_typesupport_fastrtps_cppExport-noconfig.cmake
[29.939s] -- Up-to-date: /home/ubuntu/ros2_ws/install/champ_msgs/share/champ_msgs/cmake/champ_msgs__rosidl_typesupport_introspection_cppExport.cmake
[29.953s] -- Up-to-date: /home/ubuntu/ros2_ws/install/champ_msgs/share/champ_msgs/cmake/champ_msgs__rosidl_typesupport_introspection_cppExport-noconfig.cmake
[29.957s] -- Up-to-date: /home/ubuntu/ros2_ws/install/champ_msgs/share/champ_msgs/cmake/champ_msgs__rosidl_typesupport_cppExport.cmake
[29.958s] -- Up-to-date: /home/ubuntu/ros2_ws/install/champ_msgs/share/champ_msgs/cmake/champ_msgs__rosidl_typesupport_cppExport-noconfig.cmake
[29.962s] -- Up-to-date: /home/ubuntu/ros2_ws/install/champ_msgs/share/champ_msgs/cmake/export_champ_msgs__rosidl_generator_pyExport.cmake
[29.965s] -- Up-to-date: /home/ubuntu/ros2_ws/install/champ_msgs/share/champ_msgs/cmake/export_champ_msgs__rosidl_generator_pyExport-noconfig.cmake
[29.980s] Invoked command in '/home/ubuntu/ros2_ws/build/champ_msgs' returned '0': CMAKE_PREFIX_PATH=${CMAKE_PREFIX_PATH}:/home/ubuntu/ros2_ws/install/lab2task4:/home/ubuntu/ros2_ws/install/go_pupper_srv:/home/ubuntu/ros2_ws/install/mini_pupper_music:/home/ubuntu/ros2_ws/install/mini_pupper_dance:/home/ubuntu/ros2_ws/install/mini_pupper_driver:/opt/ros/humble /usr/bin/cmake --install /home/ubuntu/ros2_ws/build/champ_msgs
