[5.529s] Invoking command in '/home/ubuntu/ros2_ws/src/lab2task5': PYTHONPATH=/home/ubuntu/ros2_ws/build/lab2task5/prefix_override:/home/ubuntu/ros2_ws/install/lab2task5/lib/python3.10/site-packages:${PYTHONPATH} /usr/bin/python3 -W ignore:setup.py install is deprecated setup.py egg_info --egg-base ../../build/lab2task5 build --build-base /home/ubuntu/ros2_ws/build/lab2task5/build install --record /home/ubuntu/ros2_ws/build/lab2task5/install.log --single-version-externally-managed install_data
[7.640s] running egg_info
[7.644s] writing ../../build/lab2task5/lab2task5.egg-info/PKG-INFO
[7.645s] writing dependency_links to ../../build/lab2task5/lab2task5.egg-info/dependency_links.txt
[7.647s] writing entry points to ../../build/lab2task5/lab2task5.egg-info/entry_points.txt
[7.648s] writing requirements to ../../build/lab2task5/lab2task5.egg-info/requires.txt
[7.649s] writing top-level names to ../../build/lab2task5/lab2task5.egg-info/top_level.txt
[7.668s] reading manifest file '../../build/lab2task5/lab2task5.egg-info/SOURCES.txt'
[7.669s] adding license file 'LICENSE'
[7.672s] writing manifest file '../../build/lab2task5/lab2task5.egg-info/SOURCES.txt'
[7.673s] running build
[7.692s] running build_py
[7.694s] running install
[7.695s] running install_lib
[7.696s] running install_data
[7.697s] running install_egg_info
[7.705s] removing '/home/ubuntu/ros2_ws/install/lab2task5/lib/python3.10/site-packages/lab2task5-0.0.0-py3.10.egg-info' (and everything under it)
[7.708s] Copying ../../build/lab2task5/lab2task5.egg-info to /home/ubuntu/ros2_ws/install/lab2task5/lib/python3.10/site-packages/lab2task5-0.0.0-py3.10.egg-info
[7.717s] running install_scripts
[7.837s] Installing client script to /home/ubuntu/ros2_ws/install/lab2task5/lib/lab2task5
[7.838s] Installing salsa script to /home/ubuntu/ros2_ws/install/lab2task5/lib/lab2task5
[7.839s] Installing service script to /home/ubuntu/ros2_ws/install/lab2task5/lib/lab2task5
[7.842s] writing list of installed files to '/home/ubuntu/ros2_ws/build/lab2task5/install.log'
[8.024s] Invoked command in '/home/ubuntu/ros2_ws/src/lab2task5' returned '0': PYTHONPATH=/home/ubuntu/ros2_ws/build/lab2task5/prefix_override:/home/ubuntu/ros2_ws/install/lab2task5/lib/python3.10/site-packages:${PYTHONPATH} /usr/bin/python3 -W ignore:setup.py install is deprecated setup.py egg_info --egg-base ../../build/lab2task5 build --build-base /home/ubuntu/ros2_ws/build/lab2task5/build install --record /home/ubuntu/ros2_ws/build/lab2task5/install.log --single-version-externally-managed install_data
