[0.127s] Invoking command in '/home/ubuntu/ros2_ws/build/champ_config': CMAKE_PREFIX_PATH=${CMAKE_PREFIX_PATH}:/home/ubuntu/ros2_ws/install/lab2task4:/home/ubuntu/ros2_ws/install/go_pupper_srv:/home/ubuntu/ros2_ws/install/mini_pupper_music:/home/ubuntu/ros2_ws/install/mini_pupper_dance:/home/ubuntu/ros2_ws/install/mini_pupper_driver:/opt/ros/humble /usr/bin/cmake /home/ubuntu/ros2_ws/src/champ/champ/champ_config -DCMAKE_INSTALL_PREFIX=/home/ubuntu/ros2_ws/install/champ_config
[0.264s] -- Found ament_cmake: 1.3.8 (/opt/ros/humble/share/ament_cmake/cmake)
[1.563s] -- Override CMake install command with custom implementation using symlinks instead of copying resources
[2.520s] -- Configuring done
[2.609s] -- Generating done
[2.625s] -- Build files have been written to: /home/ubuntu/ros2_ws/build/champ_config
[2.638s] Invoked command in '/home/ubuntu/ros2_ws/build/champ_config' returned '0': CMAKE_PREFIX_PATH=${CMAKE_PREFIX_PATH}:/home/ubuntu/ros2_ws/install/lab2task4:/home/ubuntu/ros2_ws/install/go_pupper_srv:/home/ubuntu/ros2_ws/install/mini_pupper_music:/home/ubuntu/ros2_ws/install/mini_pupper_dance:/home/ubuntu/ros2_ws/install/mini_pupper_driver:/opt/ros/humble /usr/bin/cmake /home/ubuntu/ros2_ws/src/champ/champ/champ_config -DCMAKE_INSTALL_PREFIX=/home/ubuntu/ros2_ws/install/champ_config
[2.651s] Invoking command in '/home/ubuntu/ros2_ws/build/champ_config': CMAKE_PREFIX_PATH=${CMAKE_PREFIX_PATH}:/home/ubuntu/ros2_ws/install/lab2task4:/home/ubuntu/ros2_ws/install/go_pupper_srv:/home/ubuntu/ros2_ws/install/mini_pupper_music:/home/ubuntu/ros2_ws/install/mini_pupper_dance:/home/ubuntu/ros2_ws/install/mini_pupper_driver:/opt/ros/humble /usr/bin/cmake --build /home/ubuntu/ros2_ws/build/champ_config -- -j4 -l4
[2.903s] Invoked command in '/home/ubuntu/ros2_ws/build/champ_config' returned '0': CMAKE_PREFIX_PATH=${CMAKE_PREFIX_PATH}:/home/ubuntu/ros2_ws/install/lab2task4:/home/ubuntu/ros2_ws/install/go_pupper_srv:/home/ubuntu/ros2_ws/install/mini_pupper_music:/home/ubuntu/ros2_ws/install/mini_pupper_dance:/home/ubuntu/ros2_ws/install/mini_pupper_driver:/opt/ros/humble /usr/bin/cmake --build /home/ubuntu/ros2_ws/build/champ_config -- -j4 -l4
[3.096s] Invoking command in '/home/ubuntu/ros2_ws/build/champ_config': CMAKE_PREFIX_PATH=${CMAKE_PREFIX_PATH}:/home/ubuntu/ros2_ws/install/lab2task4:/home/ubuntu/ros2_ws/install/go_pupper_srv:/home/ubuntu/ros2_ws/install/mini_pupper_music:/home/ubuntu/ros2_ws/install/mini_pupper_dance:/home/ubuntu/ros2_ws/install/mini_pupper_driver:/opt/ros/humble /usr/bin/cmake --install /home/ubuntu/ros2_ws/build/champ_config
[3.168s] -- Install configuration: ""
[3.172s] -- Execute custom install script
[3.189s] -- Up-to-date symlink: /home/ubuntu/ros2_ws/install/champ_config/share/champ_config/launch/bringup.launch.py
[3.195s] -- Up-to-date symlink: /home/ubuntu/ros2_ws/install/champ_config/share/champ_config/launch/gazebo.launch.py
[3.200s] -- Up-to-date symlink: /home/ubuntu/ros2_ws/install/champ_config/share/champ_config/launch/navigate.launch.py
[3.206s] -- Up-to-date symlink: /home/ubuntu/ros2_ws/install/champ_config/share/champ_config/launch/slam.launch.py
[3.219s] -- Up-to-date symlink: /home/ubuntu/ros2_ws/install/champ_config/share/champ_config/config/autonomy/navigation.yaml
[3.222s] -- Up-to-date symlink: /home/ubuntu/ros2_ws/install/champ_config/share/champ_config/config/autonomy/slam.yaml
[3.227s] -- Up-to-date symlink: /home/ubuntu/ros2_ws/install/champ_config/share/champ_config/config/gait/gait.yaml
[3.231s] -- Up-to-date symlink: /home/ubuntu/ros2_ws/install/champ_config/share/champ_config/config/joints/joints.yaml
[3.235s] -- Up-to-date symlink: /home/ubuntu/ros2_ws/install/champ_config/share/champ_config/config/links/links.yaml
[3.242s] -- Up-to-date symlink: /home/ubuntu/ros2_ws/install/champ_config/share/champ_config/maps/map.pgm
[3.246s] -- Up-to-date symlink: /home/ubuntu/ros2_ws/install/champ_config/share/champ_config/maps/map.yaml
[3.249s] -- Up-to-date symlink: /home/ubuntu/ros2_ws/install/champ_config/share/champ_config/maps/playground.pgm
[3.252s] -- Up-to-date symlink: /home/ubuntu/ros2_ws/install/champ_config/share/champ_config/maps/playground.yaml
[3.258s] -- Up-to-date symlink: /home/ubuntu/ros2_ws/install/champ_config/share/champ_config/worlds/default.world
[3.262s] -- Up-to-date symlink: /home/ubuntu/ros2_ws/install/champ_config/share/champ_config/worlds/outdoor.world
[3.265s] -- Up-to-date symlink: /home/ubuntu/ros2_ws/install/champ_config/share/champ_config/worlds/playground.world
[3.268s] -- Up-to-date symlink: /home/ubuntu/ros2_ws/install/champ_config/share/ament_index/resource_index/package_run_dependencies/champ_config
[3.272s] -- Up-to-date symlink: /home/ubuntu/ros2_ws/install/champ_config/share/ament_index/resource_index/parent_prefix_path/champ_config
[3.275s] -- Up-to-date symlink: /home/ubuntu/ros2_ws/install/champ_config/share/champ_config/environment/ament_prefix_path.sh
[3.278s] -- Up-to-date symlink: /home/ubuntu/ros2_ws/install/champ_config/share/champ_config/environment/ament_prefix_path.dsv
[3.282s] -- Up-to-date symlink: /home/ubuntu/ros2_ws/install/champ_config/share/champ_config/environment/path.sh
[3.284s] -- Up-to-date symlink: /home/ubuntu/ros2_ws/install/champ_config/share/champ_config/environment/path.dsv
[3.288s] -- Up-to-date symlink: /home/ubuntu/ros2_ws/install/champ_config/share/champ_config/local_setup.bash
[3.291s] -- Up-to-date symlink: /home/ubuntu/ros2_ws/install/champ_config/share/champ_config/local_setup.sh
[3.294s] -- Up-to-date symlink: /home/ubuntu/ros2_ws/install/champ_config/share/champ_config/local_setup.zsh
[3.296s] -- Up-to-date symlink: /home/ubuntu/ros2_ws/install/champ_config/share/champ_config/local_setup.dsv
[3.298s] -- Symlinking: /home/ubuntu/ros2_ws/install/champ_config/share/champ_config/package.dsv
[3.371s] -- Up-to-date symlink: /home/ubuntu/ros2_ws/install/champ_config/share/ament_index/resource_index/packages/champ_config
[3.373s] -- Up-to-date symlink: /home/ubuntu/ros2_ws/install/champ_config/share/champ_config/cmake/champ_configConfig.cmake
[3.376s] -- Up-to-date symlink: /home/ubuntu/ros2_ws/install/champ_config/share/champ_config/cmake/champ_configConfig-version.cmake
[3.380s] -- Up-to-date symlink: /home/ubuntu/ros2_ws/install/champ_config/share/champ_config/package.xml
[3.405s] Invoked command in '/home/ubuntu/ros2_ws/build/champ_config' returned '0': CMAKE_PREFIX_PATH=${CMAKE_PREFIX_PATH}:/home/ubuntu/ros2_ws/install/lab2task4:/home/ubuntu/ros2_ws/install/go_pupper_srv:/home/ubuntu/ros2_ws/install/mini_pupper_music:/home/ubuntu/ros2_ws/install/mini_pupper_dance:/home/ubuntu/ros2_ws/install/mini_pupper_driver:/opt/ros/humble /usr/bin/cmake --install /home/ubuntu/ros2_ws/build/champ_config
