[4.229s] Invoking command in '/home/ubuntu/ros2_ws/src/lab2task4': PYTHONPATH=/home/ubuntu/ros2_ws/src/build/lab2task4/prefix_override:/home/ubuntu/ros2_ws/src/install/lab2task4/lib/python3.10/site-packages:${PYTHONPATH} /usr/bin/python3 -W ignore:setup.py install is deprecated setup.py egg_info --egg-base ../build/lab2task4 build --build-base /home/ubuntu/ros2_ws/src/build/lab2task4/build install --record /home/ubuntu/ros2_ws/src/build/lab2task4/install.log --single-version-externally-managed install_data
[5.841s] running egg_info
[5.844s] writing ../build/lab2task4/lab2task4.egg-info/PKG-INFO
[5.845s] writing dependency_links to ../build/lab2task4/lab2task4.egg-info/dependency_links.txt
[5.846s] writing entry points to ../build/lab2task4/lab2task4.egg-info/entry_points.txt
[5.847s] writing requirements to ../build/lab2task4/lab2task4.egg-info/requires.txt
[5.847s] writing top-level names to ../build/lab2task4/lab2task4.egg-info/top_level.txt
[5.858s] reading manifest file '../build/lab2task4/lab2task4.egg-info/SOURCES.txt'
[5.859s] adding license file 'LICENSE'
[5.862s] writing manifest file '../build/lab2task4/lab2task4.egg-info/SOURCES.txt'
[5.863s] running build
[5.864s] running build_py
[5.865s] copying lab2task4/client_go_pupper.py -> /home/ubuntu/ros2_ws/src/build/lab2task4/build/lib/lab2task4
[5.867s] running install
[5.868s] running install_lib
[5.873s] copying /home/ubuntu/ros2_ws/src/build/lab2task4/build/lib/lab2task4/client_go_pupper.py -> /home/ubuntu/ros2_ws/src/install/lab2task4/lib/python3.10/site-packages/lab2task4
[5.879s] byte-compiling /home/ubuntu/ros2_ws/src/install/lab2task4/lib/python3.10/site-packages/lab2task4/client_go_pupper.py to client_go_pupper.cpython-310.pyc
[5.888s] running install_data
[5.888s] running install_egg_info
[5.894s] removing '/home/ubuntu/ros2_ws/src/install/lab2task4/lib/python3.10/site-packages/lab2task4-0.0.0-py3.10.egg-info' (and everything under it)
[5.896s] Copying ../build/lab2task4/lab2task4.egg-info to /home/ubuntu/ros2_ws/src/install/lab2task4/lib/python3.10/site-packages/lab2task4-0.0.0-py3.10.egg-info
[5.902s] running install_scripts
[6.002s] Installing client script to /home/ubuntu/ros2_ws/src/install/lab2task4/lib/lab2task4
[6.003s] Installing salsa script to /home/ubuntu/ros2_ws/src/install/lab2task4/lib/lab2task4
[6.004s] Installing service script to /home/ubuntu/ros2_ws/src/install/lab2task4/lib/lab2task4
[6.006s] writing list of installed files to '/home/ubuntu/ros2_ws/src/build/lab2task4/install.log'
[6.151s] Invoked command in '/home/ubuntu/ros2_ws/src/lab2task4' returned '0': PYTHONPATH=/home/ubuntu/ros2_ws/src/build/lab2task4/prefix_override:/home/ubuntu/ros2_ws/src/install/lab2task4/lib/python3.10/site-packages:${PYTHONPATH} /usr/bin/python3 -W ignore:setup.py install is deprecated setup.py egg_info --egg-base ../build/lab2task4 build --build-base /home/ubuntu/ros2_ws/src/build/lab2task4/build install --record /home/ubuntu/ros2_ws/src/build/lab2task4/install.log --single-version-externally-managed install_data
