[0.114s] Invoking command in '/home/ubuntu/ros2_ws/build/champ_teleop': CMAKE_PREFIX_PATH=${CMAKE_PREFIX_PATH}:/home/ubuntu/ros2_ws/install/lab2task4:/home/ubuntu/ros2_ws/install/go_pupper_srv:/home/ubuntu/ros2_ws/install/mini_pupper_music:/home/ubuntu/ros2_ws/install/mini_pupper_dance:/home/ubuntu/ros2_ws/install/mini_pupper_driver:/opt/ros/humble /usr/bin/cmake /home/ubuntu/ros2_ws/src/champ/champ_teleop -DCMAKE_INSTALL_PREFIX=/home/ubuntu/ros2_ws/install/champ_teleop
[0.293s] -- Found ament_cmake: 1.3.8 (/opt/ros/humble/share/ament_cmake/cmake)
[1.488s] -- Override CMake install command with custom implementation using symlinks instead of copying resources
[2.484s] -- Configuring done
[2.554s] -- Generating done
[2.569s] -- Build files have been written to: /home/ubuntu/ros2_ws/build/champ_teleop
[2.591s] Invoked command in '/home/ubuntu/ros2_ws/build/champ_teleop' returned '0': CMAKE_PREFIX_PATH=${CMAKE_PREFIX_PATH}:/home/ubuntu/ros2_ws/install/lab2task4:/home/ubuntu/ros2_ws/install/go_pupper_srv:/home/ubuntu/ros2_ws/install/mini_pupper_music:/home/ubuntu/ros2_ws/install/mini_pupper_dance:/home/ubuntu/ros2_ws/install/mini_pupper_driver:/opt/ros/humble /usr/bin/cmake /home/ubuntu/ros2_ws/src/champ/champ_teleop -DCMAKE_INSTALL_PREFIX=/home/ubuntu/ros2_ws/install/champ_teleop
[2.593s] Invoking command in '/home/ubuntu/ros2_ws/build/champ_teleop': CMAKE_PREFIX_PATH=${CMAKE_PREFIX_PATH}:/home/ubuntu/ros2_ws/install/lab2task4:/home/ubuntu/ros2_ws/install/go_pupper_srv:/home/ubuntu/ros2_ws/install/mini_pupper_music:/home/ubuntu/ros2_ws/install/mini_pupper_dance:/home/ubuntu/ros2_ws/install/mini_pupper_driver:/opt/ros/humble /usr/bin/cmake --build /home/ubuntu/ros2_ws/build/champ_teleop -- -j4 -l4
[2.939s] Invoked command in '/home/ubuntu/ros2_ws/build/champ_teleop' returned '0': CMAKE_PREFIX_PATH=${CMAKE_PREFIX_PATH}:/home/ubuntu/ros2_ws/install/lab2task4:/home/ubuntu/ros2_ws/install/go_pupper_srv:/home/ubuntu/ros2_ws/install/mini_pupper_music:/home/ubuntu/ros2_ws/install/mini_pupper_dance:/home/ubuntu/ros2_ws/install/mini_pupper_driver:/opt/ros/humble /usr/bin/cmake --build /home/ubuntu/ros2_ws/build/champ_teleop -- -j4 -l4
[3.193s] Invoking command in '/home/ubuntu/ros2_ws/build/champ_teleop': CMAKE_PREFIX_PATH=${CMAKE_PREFIX_PATH}:/home/ubuntu/ros2_ws/install/lab2task4:/home/ubuntu/ros2_ws/install/go_pupper_srv:/home/ubuntu/ros2_ws/install/mini_pupper_music:/home/ubuntu/ros2_ws/install/mini_pupper_dance:/home/ubuntu/ros2_ws/install/mini_pupper_driver:/opt/ros/humble /usr/bin/cmake --install /home/ubuntu/ros2_ws/build/champ_teleop
[3.264s] -- Install configuration: ""
[3.268s] -- Execute custom install script
[3.281s] -- Up-to-date symlink: /home/ubuntu/ros2_ws/install/champ_teleop/share/champ_teleop/launch/teleop.launch.py
[3.286s] -- Up-to-date symlink: /home/ubuntu/ros2_ws/install/champ_teleop/lib/champ_teleop/champ_teleop.py
[3.289s] -- Up-to-date symlink: /home/ubuntu/ros2_ws/install/champ_teleop/share/ament_index/resource_index/package_run_dependencies/champ_teleop
[3.293s] -- Up-to-date symlink: /home/ubuntu/ros2_ws/install/champ_teleop/share/ament_index/resource_index/parent_prefix_path/champ_teleop
[3.297s] -- Up-to-date symlink: /home/ubuntu/ros2_ws/install/champ_teleop/share/champ_teleop/environment/ament_prefix_path.sh
[3.300s] -- Up-to-date symlink: /home/ubuntu/ros2_ws/install/champ_teleop/share/champ_teleop/environment/ament_prefix_path.dsv
[3.303s] -- Up-to-date symlink: /home/ubuntu/ros2_ws/install/champ_teleop/share/champ_teleop/environment/path.sh
[3.305s] -- Up-to-date symlink: /home/ubuntu/ros2_ws/install/champ_teleop/share/champ_teleop/environment/path.dsv
[3.309s] -- Up-to-date symlink: /home/ubuntu/ros2_ws/install/champ_teleop/share/champ_teleop/local_setup.bash
[3.314s] -- Up-to-date symlink: /home/ubuntu/ros2_ws/install/champ_teleop/share/champ_teleop/local_setup.sh
[3.317s] -- Up-to-date symlink: /home/ubuntu/ros2_ws/install/champ_teleop/share/champ_teleop/local_setup.zsh
[3.321s] -- Up-to-date symlink: /home/ubuntu/ros2_ws/install/champ_teleop/share/champ_teleop/local_setup.dsv
[3.323s] -- Symlinking: /home/ubuntu/ros2_ws/install/champ_teleop/share/champ_teleop/package.dsv
[3.396s] -- Up-to-date symlink: /home/ubuntu/ros2_ws/install/champ_teleop/share/ament_index/resource_index/packages/champ_teleop
[3.401s] -- Up-to-date symlink: /home/ubuntu/ros2_ws/install/champ_teleop/share/champ_teleop/cmake/champ_teleopConfig.cmake
[3.407s] -- Up-to-date symlink: /home/ubuntu/ros2_ws/install/champ_teleop/share/champ_teleop/cmake/champ_teleopConfig-version.cmake
[3.421s] -- Up-to-date symlink: /home/ubuntu/ros2_ws/install/champ_teleop/share/champ_teleop/package.xml
[3.471s] Invoked command in '/home/ubuntu/ros2_ws/build/champ_teleop' returned '0': CMAKE_PREFIX_PATH=${CMAKE_PREFIX_PATH}:/home/ubuntu/ros2_ws/install/lab2task4:/home/ubuntu/ros2_ws/install/go_pupper_srv:/home/ubuntu/ros2_ws/install/mini_pupper_music:/home/ubuntu/ros2_ws/install/mini_pupper_dance:/home/ubuntu/ros2_ws/install/mini_pupper_driver:/opt/ros/humble /usr/bin/cmake --install /home/ubuntu/ros2_ws/build/champ_teleop
