[17.267s] Invoking command in '/home/ubuntu/ros2_ws/src/lab2task5': PYTHONPATH=/home/ubuntu/ros2_ws/build/lab2task5/prefix_override:/home/ubuntu/ros2_ws/install/lab2task5/lib/python3.10/site-packages:${PYTHONPATH} /usr/bin/python3 -W ignore:setup.py install is deprecated setup.py egg_info --egg-base ../../build/lab2task5 build --build-base /home/ubuntu/ros2_ws/build/lab2task5/build install --record /home/ubuntu/ros2_ws/build/lab2task5/install.log --single-version-externally-managed install_data
[23.744s] running egg_info
[23.762s] writing ../../build/lab2task5/lab2task5.egg-info/PKG-INFO
[23.771s] writing dependency_links to ../../build/lab2task5/lab2task5.egg-info/dependency_links.txt
[23.776s] writing entry points to ../../build/lab2task5/lab2task5.egg-info/entry_points.txt
[23.783s] writing requirements to ../../build/lab2task5/lab2task5.egg-info/requires.txt
[23.792s] writing top-level names to ../../build/lab2task5/lab2task5.egg-info/top_level.txt
[23.833s] reading manifest file '../../build/lab2task5/lab2task5.egg-info/SOURCES.txt'
[23.844s] adding license file 'LICENSE'
[23.872s] writing manifest file '../../build/lab2task5/lab2task5.egg-info/SOURCES.txt'
[23.877s] running build
[23.880s] running build_py
[23.897s] running install
[23.907s] running install_lib
[23.966s] running install_data
[23.975s] running install_egg_info
[24.016s] removing '/home/ubuntu/ros2_ws/install/lab2task5/lib/python3.10/site-packages/lab2task5-0.0.0-py3.10.egg-info' (and everything under it)
[24.031s] Copying ../../build/lab2task5/lab2task5.egg-info to /home/ubuntu/ros2_ws/install/lab2task5/lib/python3.10/site-packages/lab2task5-0.0.0-py3.10.egg-info
[24.067s] running install_scripts
[24.446s] Installing client script to /home/ubuntu/ros2_ws/install/lab2task5/lib/lab2task5
[24.448s] Installing salsa script to /home/ubuntu/ros2_ws/install/lab2task5/lib/lab2task5
[24.485s] Installing service script to /home/ubuntu/ros2_ws/install/lab2task5/lib/lab2task5
[24.489s] writing list of installed files to '/home/ubuntu/ros2_ws/build/lab2task5/install.log'
[24.819s] Invoked command in '/home/ubuntu/ros2_ws/src/lab2task5' returned '0': PYTHONPATH=/home/ubuntu/ros2_ws/build/lab2task5/prefix_override:/home/ubuntu/ros2_ws/install/lab2task5/lib/python3.10/site-packages:${PYTHONPATH} /usr/bin/python3 -W ignore:setup.py install is deprecated setup.py egg_info --egg-base ../../build/lab2task5 build --build-base /home/ubuntu/ros2_ws/build/lab2task5/build install --record /home/ubuntu/ros2_ws/build/lab2task5/install.log --single-version-externally-managed install_data
