running egg_info
creating ../../build/lab2task4/lab2task4.egg-info
writing ../../build/lab2task4/lab2task4.egg-info/PKG-INFO
writing dependency_links to ../../build/lab2task4/lab2task4.egg-info/dependency_links.txt
writing entry points to ../../build/lab2task4/lab2task4.egg-info/entry_points.txt
writing requirements to ../../build/lab2task4/lab2task4.egg-info/requires.txt
writing top-level names to ../../build/lab2task4/lab2task4.egg-info/top_level.txt
writing manifest file '../../build/lab2task4/lab2task4.egg-info/SOURCES.txt'
reading manifest file '../../build/lab2task4/lab2task4.egg-info/SOURCES.txt'
adding license file 'LICENSE'
writing manifest file '../../build/lab2task4/lab2task4.egg-info/SOURCES.txt'
running build
running build_py
creating /home/ubuntu/ros2_ws/build/lab2task4/build
creating /home/ubuntu/ros2_ws/build/lab2task4/build/lib
creating /home/ubuntu/ros2_ws/build/lab2task4/build/lib/lab2task4
copying lab2task4/__init__.py -> /home/ubuntu/ros2_ws/build/lab2task4/build/lib/lab2task4
copying lab2task4/sample_controller.py -> /home/ubuntu/ros2_ws/build/lab2task4/build/lib/lab2task4
copying lab2task4/client_go_pupper.py -> /home/ubuntu/ros2_ws/build/lab2task4/build/lib/lab2task4
copying lab2task4/service_go_pupper.py -> /home/ubuntu/ros2_ws/build/lab2task4/build/lib/lab2task4
running install
running install_lib
creating /home/ubuntu/ros2_ws/install/lab2task4/lib/python3.10/site-packages/lab2task4
copying /home/ubuntu/ros2_ws/build/lab2task4/build/lib/lab2task4/__init__.py -> /home/ubuntu/ros2_ws/install/lab2task4/lib/python3.10/site-packages/lab2task4
copying /home/ubuntu/ros2_ws/build/lab2task4/build/lib/lab2task4/sample_controller.py -> /home/ubuntu/ros2_ws/install/lab2task4/lib/python3.10/site-packages/lab2task4
copying /home/ubuntu/ros2_ws/build/lab2task4/build/lib/lab2task4/client_go_pupper.py -> /home/ubuntu/ros2_ws/install/lab2task4/lib/python3.10/site-packages/lab2task4
copying /home/ubuntu/ros2_ws/build/lab2task4/build/lib/lab2task4/service_go_pupper.py -> /home/ubuntu/ros2_ws/install/lab2task4/lib/python3.10/site-packages/lab2task4
byte-compiling /home/ubuntu/ros2_ws/install/lab2task4/lib/python3.10/site-packages/lab2task4/__init__.py to __init__.cpython-310.pyc
byte-compiling /home/ubuntu/ros2_ws/install/lab2task4/lib/python3.10/site-packages/lab2task4/sample_controller.py to sample_controller.cpython-310.pyc
byte-compiling /home/ubuntu/ros2_ws/install/lab2task4/lib/python3.10/site-packages/lab2task4/client_go_pupper.py to client_go_pupper.cpython-310.pyc
byte-compiling /home/ubuntu/ros2_ws/install/lab2task4/lib/python3.10/site-packages/lab2task4/service_go_pupper.py to service_go_pupper.cpython-310.pyc
running install_data
creating /home/ubuntu/ros2_ws/install/lab2task4/share/ament_index
creating /home/ubuntu/ros2_ws/install/lab2task4/share/ament_index/resource_index
creating /home/ubuntu/ros2_ws/install/lab2task4/share/ament_index/resource_index/packages
