[4.449s] Invoking command in '/home/ubuntu/ros2_ws/src/lab2task4': PYTHONPATH=/home/ubuntu/ros2_ws/build/lab2task4/prefix_override:/home/ubuntu/ros2_ws/install/lab2task4/lib/python3.10/site-packages:${PYTHONPATH} /usr/bin/python3 -W ignore:setup.py install is deprecated setup.py egg_info --egg-base ../../build/lab2task4 build --build-base /home/ubuntu/ros2_ws/build/lab2task4/build install --record /home/ubuntu/ros2_ws/build/lab2task4/install.log --single-version-externally-managed install_data
[6.146s] running egg_info
[6.149s] writing ../../build/lab2task4/lab2task4.egg-info/PKG-INFO
[6.150s] writing dependency_links to ../../build/lab2task4/lab2task4.egg-info/dependency_links.txt
[6.151s] writing entry points to ../../build/lab2task4/lab2task4.egg-info/entry_points.txt
[6.152s] writing requirements to ../../build/lab2task4/lab2task4.egg-info/requires.txt
[6.153s] writing top-level names to ../../build/lab2task4/lab2task4.egg-info/top_level.txt
[6.163s] reading manifest file '../../build/lab2task4/lab2task4.egg-info/SOURCES.txt'
[6.165s] adding license file 'LICENSE'
[6.168s] writing manifest file '../../build/lab2task4/lab2task4.egg-info/SOURCES.txt'
[6.169s] running build
[6.169s] running build_py
[6.175s] running install
[6.176s] running install_lib
[6.189s] running install_data
[6.190s] running install_egg_info
[6.194s] removing '/home/ubuntu/ros2_ws/install/lab2task4/lib/python3.10/site-packages/lab2task4-0.0.0-py3.10.egg-info' (and everything under it)
[6.196s] Copying ../../build/lab2task4/lab2task4.egg-info to /home/ubuntu/ros2_ws/install/lab2task4/lib/python3.10/site-packages/lab2task4-0.0.0-py3.10.egg-info
[6.203s] running install_scripts
[6.306s] Installing client script to /home/ubuntu/ros2_ws/install/lab2task4/lib/lab2task4
[6.307s] Installing salsa script to /home/ubuntu/ros2_ws/install/lab2task4/lib/lab2task4
[6.308s] Installing service script to /home/ubuntu/ros2_ws/install/lab2task4/lib/lab2task4
[6.310s] writing list of installed files to '/home/ubuntu/ros2_ws/build/lab2task4/install.log'
[6.454s] Invoked command in '/home/ubuntu/ros2_ws/src/lab2task4' returned '0': PYTHONPATH=/home/ubuntu/ros2_ws/build/lab2task4/prefix_override:/home/ubuntu/ros2_ws/install/lab2task4/lib/python3.10/site-packages:${PYTHONPATH} /usr/bin/python3 -W ignore:setup.py install is deprecated setup.py egg_info --egg-base ../../build/lab2task4 build --build-base /home/ubuntu/ros2_ws/build/lab2task4/build install --record /home/ubuntu/ros2_ws/build/lab2task4/install.log --single-version-externally-managed install_data
