[4.269s] Invoking command in '/home/ubuntu/ros2_ws/src/lab2task4': PYTHONPATH=/home/ubuntu/ros2_ws/src/build/lab2task4/prefix_override:/home/ubuntu/ros2_ws/src/install/lab2task4/lib/python3.10/site-packages:${PYTHONPATH} /usr/bin/python3 -W ignore:setup.py install is deprecated setup.py egg_info --egg-base ../build/lab2task4 build --build-base /home/ubuntu/ros2_ws/src/build/lab2task4/build install --record /home/ubuntu/ros2_ws/src/build/lab2task4/install.log --single-version-externally-managed install_data
[6.147s] running egg_info
[6.149s] creating ../build/lab2task4/lab2task4.egg-info
[6.150s] writing ../build/lab2task4/lab2task4.egg-info/PKG-INFO
[6.152s] writing dependency_links to ../build/lab2task4/lab2task4.egg-info/dependency_links.txt
[6.153s] writing entry points to ../build/lab2task4/lab2task4.egg-info/entry_points.txt
[6.153s] writing requirements to ../build/lab2task4/lab2task4.egg-info/requires.txt
[6.154s] writing top-level names to ../build/lab2task4/lab2task4.egg-info/top_level.txt
[6.155s] writing manifest file '../build/lab2task4/lab2task4.egg-info/SOURCES.txt'
[6.166s] reading manifest file '../build/lab2task4/lab2task4.egg-info/SOURCES.txt'
[6.167s] adding license file 'LICENSE'
[6.171s] writing manifest file '../build/lab2task4/lab2task4.egg-info/SOURCES.txt'
[6.172s] running build
[6.173s] running build_py
[6.174s] creating /home/ubuntu/ros2_ws/src/build/lab2task4/build
[6.176s] creating /home/ubuntu/ros2_ws/src/build/lab2task4/build/lib
[6.178s] creating /home/ubuntu/ros2_ws/src/build/lab2task4/build/lib/lab2task4
[6.179s] copying lab2task4/__init__.py -> /home/ubuntu/ros2_ws/src/build/lab2task4/build/lib/lab2task4
[6.179s] copying lab2task4/sample_controller.py -> /home/ubuntu/ros2_ws/src/build/lab2task4/build/lib/lab2task4
[6.182s] copying lab2task4/client_go_pupper.py -> /home/ubuntu/ros2_ws/src/build/lab2task4/build/lib/lab2task4
[6.184s] copying lab2task4/service_go_pupper.py -> /home/ubuntu/ros2_ws/src/build/lab2task4/build/lib/lab2task4
[6.189s] running install
[6.190s] running install_lib
[6.193s] creating /home/ubuntu/ros2_ws/src/install/lab2task4/lib/python3.10/site-packages/lab2task4
[6.193s] copying /home/ubuntu/ros2_ws/src/build/lab2task4/build/lib/lab2task4/__init__.py -> /home/ubuntu/ros2_ws/src/install/lab2task4/lib/python3.10/site-packages/lab2task4
[6.194s] copying /home/ubuntu/ros2_ws/src/build/lab2task4/build/lib/lab2task4/sample_controller.py -> /home/ubuntu/ros2_ws/src/install/lab2task4/lib/python3.10/site-packages/lab2task4
[6.195s] copying /home/ubuntu/ros2_ws/src/build/lab2task4/build/lib/lab2task4/client_go_pupper.py -> /home/ubuntu/ros2_ws/src/install/lab2task4/lib/python3.10/site-packages/lab2task4
[6.196s] copying /home/ubuntu/ros2_ws/src/build/lab2task4/build/lib/lab2task4/service_go_pupper.py -> /home/ubuntu/ros2_ws/src/install/lab2task4/lib/python3.10/site-packages/lab2task4
[6.199s] byte-compiling /home/ubuntu/ros2_ws/src/install/lab2task4/lib/python3.10/site-packages/lab2task4/__init__.py to __init__.cpython-310.pyc
[6.201s] byte-compiling /home/ubuntu/ros2_ws/src/install/lab2task4/lib/python3.10/site-packages/lab2task4/sample_controller.py to sample_controller.cpython-310.pyc
[6.204s] byte-compiling /home/ubuntu/ros2_ws/src/install/lab2task4/lib/python3.10/site-packages/lab2task4/client_go_pupper.py to client_go_pupper.cpython-310.pyc
[6.205s] Sorry: TabError: inconsistent use of tabs and spaces in indentation (client_go_pupper.py, line 44)
[6.205s] byte-compiling /home/ubuntu/ros2_ws/src/install/lab2task4/lib/python3.10/site-packages/lab2task4/service_go_pupper.py to service_go_pupper.cpython-310.pyc
[6.208s] running install_data
[6.209s] creating /home/ubuntu/ros2_ws/src/install/lab2task4/share/ament_index
[6.209s] creating /home/ubuntu/ros2_ws/src/install/lab2task4/share/ament_index/resource_index
[6.210s] creating /home/ubuntu/ros2_ws/src/install/lab2task4/share/ament_index/resource_index/packages
[6.211s] copying resource/lab2task4 -> /home/ubuntu/ros2_ws/src/install/lab2task4/share/ament_index/resource_index/packages
[6.211s] copying package.xml -> /home/ubuntu/ros2_ws/src/install/lab2task4/share/lab2task4
[6.212s] running install_egg_info
[6.220s] Copying ../build/lab2task4/lab2task4.egg-info to /home/ubuntu/ros2_ws/src/install/lab2task4/lib/python3.10/site-packages/lab2task4-0.0.0-py3.10.egg-info
[6.226s] running install_scripts
[6.324s] Installing client script to /home/ubuntu/ros2_ws/src/install/lab2task4/lib/lab2task4
[6.325s] Installing salsa script to /home/ubuntu/ros2_ws/src/install/lab2task4/lib/lab2task4
[6.325s] Installing service script to /home/ubuntu/ros2_ws/src/install/lab2task4/lib/lab2task4
[6.327s] writing list of installed files to '/home/ubuntu/ros2_ws/src/build/lab2task4/install.log'
[6.471s] Invoked command in '/home/ubuntu/ros2_ws/src/lab2task4' returned '0': PYTHONPATH=/home/ubuntu/ros2_ws/src/build/lab2task4/prefix_override:/home/ubuntu/ros2_ws/src/install/lab2task4/lib/python3.10/site-packages:${PYTHONPATH} /usr/bin/python3 -W ignore:setup.py install is deprecated setup.py egg_info --egg-base ../build/lab2task4 build --build-base /home/ubuntu/ros2_ws/src/build/lab2task4/build install --record /home/ubuntu/ros2_ws/src/build/lab2task4/install.log --single-version-externally-managed install_data
