[4.984s] Invoking command in '/home/ubuntu/ros2_ws/src/lab2task5': PYTHONPATH=/home/ubuntu/ros2_ws/build/lab2task5/prefix_override:/home/ubuntu/ros2_ws/install/lab2task5/lib/python3.10/site-packages:${PYTHONPATH} /usr/bin/python3 -W ignore:setup.py install is deprecated setup.py egg_info --egg-base ../../build/lab2task5 build --build-base /home/ubuntu/ros2_ws/build/lab2task5/build install --record /home/ubuntu/ros2_ws/build/lab2task5/install.log --single-version-externally-managed install_data
[6.487s] running egg_info
[6.489s] writing ../../build/lab2task5/lab2task5.egg-info/PKG-INFO
[6.490s] writing dependency_links to ../../build/lab2task5/lab2task5.egg-info/dependency_links.txt
[6.491s] writing entry points to ../../build/lab2task5/lab2task5.egg-info/entry_points.txt
[6.492s] writing requirements to ../../build/lab2task5/lab2task5.egg-info/requires.txt
[6.493s] writing top-level names to ../../build/lab2task5/lab2task5.egg-info/top_level.txt
[6.503s] reading manifest file '../../build/lab2task5/lab2task5.egg-info/SOURCES.txt'
[6.504s] adding license file 'LICENSE'
[6.507s] writing manifest file '../../build/lab2task5/lab2task5.egg-info/SOURCES.txt'
[6.508s] running build
[6.508s] running build_py
[6.511s] running install
[6.512s] running install_lib
[6.520s] running install_data
[6.520s] running install_egg_info
[6.529s] removing '/home/ubuntu/ros2_ws/install/lab2task5/lib/python3.10/site-packages/lab2task5-0.0.0-py3.10.egg-info' (and everything under it)
[6.530s] Copying ../../build/lab2task5/lab2task5.egg-info to /home/ubuntu/ros2_ws/install/lab2task5/lib/python3.10/site-packages/lab2task5-0.0.0-py3.10.egg-info
[6.536s] running install_scripts
[6.628s] Installing client script to /home/ubuntu/ros2_ws/install/lab2task5/lib/lab2task5
[6.629s] Installing salsa script to /home/ubuntu/ros2_ws/install/lab2task5/lib/lab2task5
[6.630s] Installing service script to /home/ubuntu/ros2_ws/install/lab2task5/lib/lab2task5
[6.632s] writing list of installed files to '/home/ubuntu/ros2_ws/build/lab2task5/install.log'
[6.773s] Invoked command in '/home/ubuntu/ros2_ws/src/lab2task5' returned '0': PYTHONPATH=/home/ubuntu/ros2_ws/build/lab2task5/prefix_override:/home/ubuntu/ros2_ws/install/lab2task5/lib/python3.10/site-packages:${PYTHONPATH} /usr/bin/python3 -W ignore:setup.py install is deprecated setup.py egg_info --egg-base ../../build/lab2task5 build --build-base /home/ubuntu/ros2_ws/build/lab2task5/build install --record /home/ubuntu/ros2_ws/build/lab2task5/install.log --single-version-externally-managed install_data
