[4.758s] Invoking command in '/home/ubuntu/ros2_ws/src/lab2task4': PYTHONPATH=/home/ubuntu/ros2_ws/build/lab2task4/prefix_override:/home/ubuntu/ros2_ws/install/lab2task4/lib/python3.10/site-packages:${PYTHONPATH} /usr/bin/python3 -W ignore:setup.py install is deprecated setup.py egg_info --egg-base ../../build/lab2task4 build --build-base /home/ubuntu/ros2_ws/build/lab2task4/build install --record /home/ubuntu/ros2_ws/build/lab2task4/install.log --single-version-externally-managed install_data
[6.366s] running egg_info
[6.370s] writing ../../build/lab2task4/lab2task4.egg-info/PKG-INFO
[6.371s] writing dependency_links to ../../build/lab2task4/lab2task4.egg-info/dependency_links.txt
[6.372s] writing entry points to ../../build/lab2task4/lab2task4.egg-info/entry_points.txt
[6.374s] writing requirements to ../../build/lab2task4/lab2task4.egg-info/requires.txt
[6.376s] writing top-level names to ../../build/lab2task4/lab2task4.egg-info/top_level.txt
[6.388s] reading manifest file '../../build/lab2task4/lab2task4.egg-info/SOURCES.txt'
[6.390s] adding license file 'LICENSE'
[6.393s] writing manifest file '../../build/lab2task4/lab2task4.egg-info/SOURCES.txt'
[6.393s] running build
[6.394s] running build_py
[6.396s] running install
[6.397s] running install_lib
[6.405s] running install_data
[6.406s] running install_egg_info
[6.414s] removing '/home/ubuntu/ros2_ws/install/lab2task4/lib/python3.10/site-packages/lab2task4-0.0.0-py3.10.egg-info' (and everything under it)
[6.416s] Copying ../../build/lab2task4/lab2task4.egg-info to /home/ubuntu/ros2_ws/install/lab2task4/lib/python3.10/site-packages/lab2task4-0.0.0-py3.10.egg-info
[6.423s] running install_scripts
[6.522s] Installing client script to /home/ubuntu/ros2_ws/install/lab2task4/lib/lab2task4
[6.523s] Installing salsa script to /home/ubuntu/ros2_ws/install/lab2task4/lib/lab2task4
[6.524s] Installing service script to /home/ubuntu/ros2_ws/install/lab2task4/lib/lab2task4
[6.526s] writing list of installed files to '/home/ubuntu/ros2_ws/build/lab2task4/install.log'
[6.670s] Invoked command in '/home/ubuntu/ros2_ws/src/lab2task4' returned '0': PYTHONPATH=/home/ubuntu/ros2_ws/build/lab2task4/prefix_override:/home/ubuntu/ros2_ws/install/lab2task4/lib/python3.10/site-packages:${PYTHONPATH} /usr/bin/python3 -W ignore:setup.py install is deprecated setup.py egg_info --egg-base ../../build/lab2task4 build --build-base /home/ubuntu/ros2_ws/build/lab2task4/build install --record /home/ubuntu/ros2_ws/build/lab2task4/install.log --single-version-externally-managed install_data
