/home/ubuntu/ros2_ws/install/lab2task5/lib/python3.10/site-packages/lab2task5/__init__.py
/home/ubuntu/ros2_ws/install/lab2task5/lib/python3.10/site-packages/lab2task5/sample_controller.py
/home/ubuntu/ros2_ws/install/lab2task5/lib/python3.10/site-packages/lab2task5/pupper_display_test.py
/home/ubuntu/ros2_ws/install/lab2task5/lib/python3.10/site-packages/lab2task5/client_go_pupper.py
/home/ubuntu/ros2_ws/install/lab2task5/lib/python3.10/site-packages/lab2task5/service_go_pupper.py
/home/ubuntu/ros2_ws/install/lab2task5/lib/python3.10/site-packages/lab2task5/__pycache__/__init__.cpython-310.pyc
/home/ubuntu/ros2_ws/install/lab2task5/lib/python3.10/site-packages/lab2task5/__pycache__/sample_controller.cpython-310.pyc
/home/ubuntu/ros2_ws/install/lab2task5/lib/python3.10/site-packages/lab2task5/__pycache__/pupper_display_test.cpython-310.pyc
/home/ubuntu/ros2_ws/install/lab2task5/lib/python3.10/site-packages/lab2task5/__pycache__/client_go_pupper.cpython-310.pyc
/home/ubuntu/ros2_ws/install/lab2task5/lib/python3.10/site-packages/lab2task5/__pycache__/service_go_pupper.cpython-310.pyc
/home/ubuntu/ros2_ws/install/lab2task5/share/ament_index/resource_index/packages/lab2task5
/home/ubuntu/ros2_ws/install/lab2task5/share/lab2task5/package.xml
/home/ubuntu/ros2_ws/install/lab2task5/lib/python3.10/site-packages/lab2task5-0.0.0-py3.10.egg-info/SOURCES.txt
/home/ubuntu/ros2_ws/install/lab2task5/lib/python3.10/site-packages/lab2task5-0.0.0-py3.10.egg-info/dependency_links.txt
/home/ubuntu/ros2_ws/install/lab2task5/lib/python3.10/site-packages/lab2task5-0.0.0-py3.10.egg-info/PKG-INFO
/home/ubuntu/ros2_ws/install/lab2task5/lib/python3.10/site-packages/lab2task5-0.0.0-py3.10.egg-info/requires.txt
/home/ubuntu/ros2_ws/install/lab2task5/lib/python3.10/site-packages/lab2task5-0.0.0-py3.10.egg-info/entry_points.txt
/home/ubuntu/ros2_ws/install/lab2task5/lib/python3.10/site-packages/lab2task5-0.0.0-py3.10.egg-info/zip-safe
/home/ubuntu/ros2_ws/install/lab2task5/lib/python3.10/site-packages/lab2task5-0.0.0-py3.10.egg-info/top_level.txt
/home/ubuntu/ros2_ws/install/lab2task5/lib/lab2task5/client
/home/ubuntu/ros2_ws/install/lab2task5/lib/lab2task5/salsa
/home/ubuntu/ros2_ws/install/lab2task5/lib/lab2task5/service
