[17.306s] Invoking command in '/home/ubuntu/ros2_ws/src/lab2task4': PYTHONPATH=/home/ubuntu/ros2_ws/build/lab2task4/prefix_override:/home/ubuntu/ros2_ws/install/lab2task4/lib/python3.10/site-packages:${PYTHONPATH} /usr/bin/python3 -W ignore:setup.py install is deprecated setup.py egg_info --egg-base ../../build/lab2task4 build --build-base /home/ubuntu/ros2_ws/build/lab2task4/build install --record /home/ubuntu/ros2_ws/build/lab2task4/install.log --single-version-externally-managed install_data
[25.059s] running egg_info
[25.065s] writing ../../build/lab2task4/lab2task4.egg-info/PKG-INFO
[25.068s] writing dependency_links to ../../build/lab2task4/lab2task4.egg-info/dependency_links.txt
[25.071s] writing entry points to ../../build/lab2task4/lab2task4.egg-info/entry_points.txt
[25.075s] writing requirements to ../../build/lab2task4/lab2task4.egg-info/requires.txt
[25.077s] writing top-level names to ../../build/lab2task4/lab2task4.egg-info/top_level.txt
[25.100s] reading manifest file '../../build/lab2task4/lab2task4.egg-info/SOURCES.txt'
[25.106s] adding license file 'LICENSE'
[25.113s] writing manifest file '../../build/lab2task4/lab2task4.egg-info/SOURCES.txt'
[25.116s] running build
[25.120s] running build_py
[25.125s] running install
[25.129s] running install_lib
[25.146s] running install_data
[25.149s] running install_egg_info
[25.187s] removing '/home/ubuntu/ros2_ws/install/lab2task4/lib/python3.10/site-packages/lab2task4-0.0.0-py3.10.egg-info' (and everything under it)
[25.194s] Copying ../../build/lab2task4/lab2task4.egg-info to /home/ubuntu/ros2_ws/install/lab2task4/lib/python3.10/site-packages/lab2task4-0.0.0-py3.10.egg-info
[25.213s] running install_scripts
[25.402s] Installing client script to /home/ubuntu/ros2_ws/install/lab2task4/lib/lab2task4
[25.406s] Installing salsa script to /home/ubuntu/ros2_ws/install/lab2task4/lib/lab2task4
[25.410s] Installing service script to /home/ubuntu/ros2_ws/install/lab2task4/lib/lab2task4
[25.416s] writing list of installed files to '/home/ubuntu/ros2_ws/build/lab2task4/install.log'
[25.799s] Invoked command in '/home/ubuntu/ros2_ws/src/lab2task4' returned '0': PYTHONPATH=/home/ubuntu/ros2_ws/build/lab2task4/prefix_override:/home/ubuntu/ros2_ws/install/lab2task4/lib/python3.10/site-packages:${PYTHONPATH} /usr/bin/python3 -W ignore:setup.py install is deprecated setup.py egg_info --egg-base ../../build/lab2task4 build --build-base /home/ubuntu/ros2_ws/build/lab2task4/build install --record /home/ubuntu/ros2_ws/build/lab2task4/install.log --single-version-externally-managed install_data
