[4.353s] Invoking command in '/home/ubuntu/ros2_ws/src/lab2task5': PYTHONPATH=/home/ubuntu/ros2_ws/src/build/lab2task5/prefix_override:/home/ubuntu/ros2_ws/src/install/lab2task5/lib/python3.10/site-packages:${PYTHONPATH} /usr/bin/python3 -W ignore:setup.py install is deprecated setup.py egg_info --egg-base ../build/lab2task5 build --build-base /home/ubuntu/ros2_ws/src/build/lab2task5/build install --record /home/ubuntu/ros2_ws/src/build/lab2task5/install.log --single-version-externally-managed install_data
[5.947s] running egg_info
[5.950s] writing ../build/lab2task5/lab2task5.egg-info/PKG-INFO
[5.951s] writing dependency_links to ../build/lab2task5/lab2task5.egg-info/dependency_links.txt
[5.951s] writing entry points to ../build/lab2task5/lab2task5.egg-info/entry_points.txt
[5.952s] writing requirements to ../build/lab2task5/lab2task5.egg-info/requires.txt
[5.953s] writing top-level names to ../build/lab2task5/lab2task5.egg-info/top_level.txt
[5.963s] reading manifest file '../build/lab2task5/lab2task5.egg-info/SOURCES.txt'
[5.965s] adding license file 'LICENSE'
[5.968s] writing manifest file '../build/lab2task5/lab2task5.egg-info/SOURCES.txt'
[5.969s] running build
[5.969s] running build_py
[5.972s] running install
[5.973s] running install_lib
[5.981s] running install_data
[5.982s] running install_egg_info
[5.989s] removing '/home/ubuntu/ros2_ws/src/install/lab2task5/lib/python3.10/site-packages/lab2task5-0.0.0-py3.10.egg-info' (and everything under it)
[5.991s] Copying ../build/lab2task5/lab2task5.egg-info to /home/ubuntu/ros2_ws/src/install/lab2task5/lib/python3.10/site-packages/lab2task5-0.0.0-py3.10.egg-info
[5.998s] running install_scripts
[6.091s] Installing client script to /home/ubuntu/ros2_ws/src/install/lab2task5/lib/lab2task5
[6.092s] Installing salsa script to /home/ubuntu/ros2_ws/src/install/lab2task5/lib/lab2task5
[6.092s] Installing service script to /home/ubuntu/ros2_ws/src/install/lab2task5/lib/lab2task5
[6.095s] writing list of installed files to '/home/ubuntu/ros2_ws/src/build/lab2task5/install.log'
[6.232s] Invoked command in '/home/ubuntu/ros2_ws/src/lab2task5' returned '0': PYTHONPATH=/home/ubuntu/ros2_ws/src/build/lab2task5/prefix_override:/home/ubuntu/ros2_ws/src/install/lab2task5/lib/python3.10/site-packages:${PYTHONPATH} /usr/bin/python3 -W ignore:setup.py install is deprecated setup.py egg_info --egg-base ../build/lab2task5 build --build-base /home/ubuntu/ros2_ws/src/build/lab2task5/build install --record /home/ubuntu/ros2_ws/src/build/lab2task5/install.log --single-version-externally-managed install_data
