[4.253s] Invoking command in '/home/ubuntu/ros2_ws/src/lab2task4': PYTHONPATH=/home/ubuntu/ros2_ws/build/lab2task4/prefix_override:/home/ubuntu/ros2_ws/install/lab2task4/lib/python3.10/site-packages:${PYTHONPATH} /usr/bin/python3 -W ignore:setup.py install is deprecated setup.py egg_info --egg-base ../../build/lab2task4 build --build-base /home/ubuntu/ros2_ws/build/lab2task4/build install --record /home/ubuntu/ros2_ws/build/lab2task4/install.log --single-version-externally-managed install_data
[5.854s] running egg_info
[5.857s] writing ../../build/lab2task4/lab2task4.egg-info/PKG-INFO
[5.858s] writing dependency_links to ../../build/lab2task4/lab2task4.egg-info/dependency_links.txt
[5.859s] writing entry points to ../../build/lab2task4/lab2task4.egg-info/entry_points.txt
[5.860s] writing requirements to ../../build/lab2task4/lab2task4.egg-info/requires.txt
[5.860s] writing top-level names to ../../build/lab2task4/lab2task4.egg-info/top_level.txt
[5.872s] reading manifest file '../../build/lab2task4/lab2task4.egg-info/SOURCES.txt'
[5.882s] adding license file 'LICENSE'
[5.884s] writing manifest file '../../build/lab2task4/lab2task4.egg-info/SOURCES.txt'
[5.885s] running build
[5.886s] running build_py
[5.887s] copying lab2task4/client_go_pupper.py -> /home/ubuntu/ros2_ws/build/lab2task4/build/lib/lab2task4
[5.887s] running install
[5.888s] running install_lib
[5.890s] copying /home/ubuntu/ros2_ws/build/lab2task4/build/lib/lab2task4/client_go_pupper.py -> /home/ubuntu/ros2_ws/install/lab2task4/lib/python3.10/site-packages/lab2task4
[5.894s] byte-compiling /home/ubuntu/ros2_ws/install/lab2task4/lib/python3.10/site-packages/lab2task4/client_go_pupper.py to client_go_pupper.cpython-310.pyc
[5.898s] running install_data
[5.899s] copying resource/lab2task4 -> /home/ubuntu/ros2_ws/install/lab2task4/share/ament_index/resource_index/packages
[5.899s] copying package.xml -> /home/ubuntu/ros2_ws/install/lab2task4/share/lab2task4
[5.900s] running install_egg_info
[5.908s] Copying ../../build/lab2task4/lab2task4.egg-info to /home/ubuntu/ros2_ws/install/lab2task4/lib/python3.10/site-packages/lab2task4-0.0.0-py3.10.egg-info
[5.915s] running install_scripts
[6.014s] Installing client script to /home/ubuntu/ros2_ws/install/lab2task4/lib/lab2task4
[6.015s] Installing salsa script to /home/ubuntu/ros2_ws/install/lab2task4/lib/lab2task4
[6.016s] Installing service script to /home/ubuntu/ros2_ws/install/lab2task4/lib/lab2task4
[6.017s] writing list of installed files to '/home/ubuntu/ros2_ws/build/lab2task4/install.log'
[6.160s] Invoked command in '/home/ubuntu/ros2_ws/src/lab2task4' returned '0': PYTHONPATH=/home/ubuntu/ros2_ws/build/lab2task4/prefix_override:/home/ubuntu/ros2_ws/install/lab2task4/lib/python3.10/site-packages:${PYTHONPATH} /usr/bin/python3 -W ignore:setup.py install is deprecated setup.py egg_info --egg-base ../../build/lab2task4 build --build-base /home/ubuntu/ros2_ws/build/lab2task4/build install --record /home/ubuntu/ros2_ws/build/lab2task4/install.log --single-version-externally-managed install_data
